#
# There is insufficient memory for the Java Runtime Environment to continue.
# Native memory allocation (malloc) failed to allocate 1251696 bytes. Error detail: Chunk::new
# Possible reasons:
#   The system is out of physical RAM or swap space
#   This process is running with CompressedOops enabled, and the Java Heap may be blocking the growth of the native heap
# Possible solutions:
#   Reduce memory load on the system
#   Increase physical memory or swap space
#   Check if swap backing store is full
#   Decrease Java heap size (-Xmx/-Xms)
#   Decrease number of Java threads
#   Decrease Java thread stack sizes (-Xss)
#   Set larger code cache with -XX:ReservedCodeCacheSize=
#   JVM is running with Unscaled Compressed Oops mode in which the Java heap is
#     placed in the first 4GB address space. The Java Heap base address is the
#     maximum limit for the native heap growth. Please use -XX:HeapBaseMinAddress
#     to set the Java Heap base and to place the Java Heap above 4GB virtual address.
# This output file may be truncated or incomplete.
#
#  Out of Memory Error (arena.cpp:168), pid=45760, tid=38056
#
# JRE version: OpenJDK Runtime Environment Temurin-21.0.10+7 (21.0.10+7) (build 21.0.10+7-LTS)
# Java VM: OpenJDK 64-Bit Server VM Temurin-21.0.10+7 (21.0.10+7-LTS, mixed mode, sharing, tiered, compressed oops, compressed class ptrs, g1 gc, windows-amd64)
# No core dump will be written. Minidumps are not enabled by default on client versions of Windows
#

---------------  S U M M A R Y ------------

Command Line: --add-opens=java.base/java.lang=ALL-UNNAMED --add-opens=java.base/java.lang.invoke=ALL-UNNAMED --add-opens=java.base/java.util=ALL-UNNAMED --add-opens=java.prefs/java.util.prefs=ALL-UNNAMED --add-exports=jdk.compiler/com.sun.tools.javac.api=ALL-UNNAMED --add-exports=jdk.compiler/com.sun.tools.javac.util=ALL-UNNAMED --add-opens=java.base/java.util=ALL-UNNAMED --add-opens=java.prefs/java.util.prefs=ALL-UNNAMED --add-opens=java.base/java.nio.charset=ALL-UNNAMED --add-opens=java.base/java.net=ALL-UNNAMED --add-opens=java.base/java.util.concurrent.atomic=ALL-UNNAMED --add-opens=java.xml/javax.xml.namespace=ALL-UNNAMED -Xmx1536m -Dfile.encoding=UTF-8 -Duser.country=US -Duser.language=en -Duser.variant -javaagent:C:\Users\LEGION\.gradle\wrapper\dists\gradle-8.14.3-all\10utluxaxniiv4wxiphsi49nj\gradle-8.14.3\lib\agents\gradle-instrumentation-agent-8.14.3.jar org.gradle.launcher.daemon.bootstrap.GradleDaemon 8.14.3

Host: Intel(R) Core(TM) i7-14700HX, 28 cores, 15G,  Windows 11 , 64 bit Build 26100 (10.0.26100.8328)
Time: Tue Jun  9 01:20:01 2026 SE Asia Standard Time elapsed time: 7.114676 seconds (0d 0h 0m 7s)

---------------  T H R E A D  ---------------

Current thread (0x00000268c1366220):  JavaThread "C2 CompilerThread0" daemon [_thread_in_native, id=38056, stack(0x000000e0f6a00000,0x000000e0f6b00000) (1024K)]


Current CompileTask:
C2:7114 7477       4       java.lang.invoke.MethodType::makeImpl (109 bytes)

Stack: [0x000000e0f6a00000,0x000000e0f6b00000]
Native frames: (J=compiled Java code, j=interpreted, Vv=VM code, C=native code)
V  [jvm.dll+0x6d7a39]
V  [jvm.dll+0x8b4b26]
V  [jvm.dll+0x8b70de]
V  [jvm.dll+0x8b77c3]
V  [jvm.dll+0x284346]
V  [jvm.dll+0xc66ed]
V  [jvm.dll+0xc6c31]
V  [jvm.dll+0x3bec01]
V  [jvm.dll+0x1e3f69]
V  [jvm.dll+0x24c6b3]
V  [jvm.dll+0x24bb40]
V  [jvm.dll+0x1cb34e]
V  [jvm.dll+0x25b85d]
V  [jvm.dll+0x259dea]
V  [jvm.dll+0x3f857e]
V  [jvm.dll+0x85f59d]
V  [jvm.dll+0x6d626d]
C  [ucrtbase.dll+0x37b0]
C  [KERNEL32.DLL+0x2e957]
C  [ntdll.dll+0x427c]


---------------  P R O C E S S  ---------------

Threads class SMR info:
_java_thread_list=0x000002690b28b800, length=113, elements={
0x00000268a8a6e860, 0x00000268c1353060, 0x00000268c1353ac0, 0x00000268c1356cd0,
0x00000268c1357730, 0x00000268c1358a60, 0x00000268c135d730, 0x00000268c1366220,
0x00000268c136da10, 0x00000268c136d340, 0x00000268c160dfc0, 0x00000268c1670fc0,
0x00000268c136e0e0, 0x00000268c136b130, 0x000002690823d620, 0x00000269080d1750,
0x00000269080a1b30, 0x00000269081b8810, 0x00000269081b9290, 0x0000026908381660,
0x0000026908398bf0, 0x0000026908399fa0, 0x0000026908399910, 0x0000026908397840,
0x0000026908397ed0, 0x0000026908398560, 0x0000026908399280, 0x000002690839a630,
0x0000026909b87b60, 0x0000026909b85a90, 0x0000026909b85400, 0x0000026909b881f0,
0x0000026909b86120, 0x0000026909b86e40, 0x0000026909b867b0, 0x0000026909b874d0,
0x0000026909b84d70, 0x0000026909b895a0, 0x0000026909b89c30, 0x0000026909b8bd00,
0x0000026909b8a950, 0x0000026909b8afe0, 0x0000026909b88880, 0x0000026909b8c390,
0x0000026909b88f10, 0x000002690bb56fb0, 0x000002690bb54ee0, 0x000002690bb589f0,
0x000002690bb57cd0, 0x000002690bb57640, 0x000002690bb55570, 0x000002690bb59080,
0x000002690bb55c00, 0x000002690bb59710, 0x000002690bb56290, 0x000002690bb5a430,
0x000002690bb5b7e0, 0x000002690bb5be70, 0x000002690bb5c500, 0x0000026908af2a40,
0x0000026908af5830, 0x0000026908af51a0, 0x0000026908af4b10, 0x0000026908af30d0,
0x0000026908af3760, 0x0000026908af3df0, 0x0000026908af4480, 0x0000026908af23b0,
0x00000268c15f6040, 0x00000268c15f8110, 0x00000268c15f73f0, 0x00000268c15f7a80,
0x00000268c15f87a0, 0x00000268c15f8e30, 0x00000268c15f94c0, 0x00000268c15f66d0,
0x00000268c15f6d60, 0x000002690ac7c750, 0x000002690ac7c0c0, 0x000002690ac7e820,
0x000002690ac7b3a0, 0x000002690ac7cde0, 0x000002690ac7ba30, 0x00000268c136b800,
0x000002690ac7d470, 0x000002690ac7db00, 0x000002690ac7e190, 0x0000026909853660,
0x00000269098550a0, 0x00000268c136cc70, 0x0000026909854a10, 0x0000026909856ae0,
0x0000026909855730, 0x0000026909855dc0, 0x0000026909856450, 0x0000026909857170,
0x0000026909853cf0, 0x0000026909857800, 0x0000026909854380, 0x0000026909858520,
0x0000026909858bb0, 0x0000026909859f60, 0x00000269098598d0, 0x0000026909859240,
0x000002690985a5f0, 0x000002690985ac80, 0x0000026909857e90, 0x00000268c136c5a0,
0x000002690cb905d0, 0x000002690cb90c60, 0x000002690cb912f0, 0x000002690cb8f220,
0x000002690cb91980
}

Java Threads: ( => current thread )
  0x00000268a8a6e860 JavaThread "main"                              [_thread_blocked, id=12252, stack(0x000000e0f5c00000,0x000000e0f5d00000) (1024K)]
  0x00000268c1353060 JavaThread "Reference Handler"          daemon [_thread_blocked, id=45952, stack(0x000000e0f6400000,0x000000e0f6500000) (1024K)]
  0x00000268c1353ac0 JavaThread "Finalizer"                  daemon [_thread_blocked, id=16424, stack(0x000000e0f6500000,0x000000e0f6600000) (1024K)]
  0x00000268c1356cd0 JavaThread "Signal Dispatcher"          daemon [_thread_blocked, id=48908, stack(0x000000e0f6600000,0x000000e0f6700000) (1024K)]
  0x00000268c1357730 JavaThread "Attach Listener"            daemon [_thread_blocked, id=20448, stack(0x000000e0f6700000,0x000000e0f6800000) (1024K)]
  0x00000268c1358a60 JavaThread "Service Thread"             daemon [_thread_blocked, id=27592, stack(0x000000e0f6800000,0x000000e0f6900000) (1024K)]
  0x00000268c135d730 JavaThread "Monitor Deflation Thread"   daemon [_thread_blocked, id=2640, stack(0x000000e0f6900000,0x000000e0f6a00000) (1024K)]
=>0x00000268c1366220 JavaThread "C2 CompilerThread0"         daemon [_thread_in_native, id=38056, stack(0x000000e0f6a00000,0x000000e0f6b00000) (1024K)]
  0x00000268c136da10 JavaThread "C1 CompilerThread0"         daemon [_thread_blocked, id=7044, stack(0x000000e0f6b00000,0x000000e0f6c00000) (1024K)]
  0x00000268c136d340 JavaThread "C1 CompilerThread1"         daemon [_thread_in_vm, id=39296, stack(0x000000e0f6c00000,0x000000e0f6d00000) (1024K)]
  0x00000268c160dfc0 JavaThread "Common-Cleaner"             daemon [_thread_blocked, id=47212, stack(0x000000e0f6d00000,0x000000e0f6e00000) (1024K)]
  0x00000268c1670fc0 JavaThread "Notification Thread"        daemon [_thread_blocked, id=25576, stack(0x000000e0f6e00000,0x000000e0f6f00000) (1024K)]
  0x00000268c136e0e0 JavaThread "C1 CompilerThread2"         daemon [_thread_in_native, id=39616, stack(0x000000e0f7600000,0x000000e0f7700000) (1024K)]
  0x00000268c136b130 JavaThread "C1 CompilerThread3"         daemon [_thread_blocked, id=2464, stack(0x000000e0f7700000,0x000000e0f7800000) (1024K)]
  0x000002690823d620 JavaThread "Daemon health stats"               [_thread_blocked, id=46372, stack(0x000000e0f7800000,0x000000e0f7900000) (1024K)]
  0x00000269080d1750 JavaThread "Incoming local TCP Connector on port 64585"        [_thread_in_native, id=5204, stack(0x000000e0f7900000,0x000000e0f7a00000) (1024K)]
  0x00000269080a1b30 JavaThread "Daemon periodic checks"            [_thread_blocked, id=32840, stack(0x000000e0f7a00000,0x000000e0f7b00000) (1024K)]
  0x00000269081b8810 JavaThread "Daemon"                            [_thread_blocked, id=18772, stack(0x000000e0f7b00000,0x000000e0f7c00000) (1024K)]
  0x00000269081b9290 JavaThread "Handler for socket connection from /127.0.0.1:64585 to /127.0.0.1:62610"        [_thread_in_native, id=16512, stack(0x000000e0f7c00000,0x000000e0f7d00000) (1024K)]
  0x0000026908381660 JavaThread "Cancel handler"                    [_thread_blocked, id=6772, stack(0x000000e0f8500000,0x000000e0f8600000) (1024K)]
  0x0000026908398bf0 JavaThread "Daemon worker"                     [_thread_blocked, id=45120, stack(0x000000e0f8600000,0x000000e0f8700000) (1024K)]
  0x0000026908399fa0 JavaThread "Asynchronous log dispatcher for DefaultDaemonConnection: socket connection from /127.0.0.1:64585 to /127.0.0.1:62610"        [_thread_blocked, id=19380, stack(0x000000e0f8700000,0x000000e0f8800000) (1024K)]
  0x0000026908399910 JavaThread "Stdin handler"                     [_thread_blocked, id=28208, stack(0x000000e0f8800000,0x000000e0f8900000) (1024K)]
  0x0000026908397840 JavaThread "Daemon client event forwarder"        [_thread_in_Java, id=35848, stack(0x000000e0f8900000,0x000000e0f8a00000) (1024K)]
  0x0000026908397ed0 JavaThread "Cache worker for journal cache (C:\Users\LEGION\.gradle\caches\journal-1)"        [_thread_blocked, id=18644, stack(0x000000e0f8a00000,0x000000e0f8b00000) (1024K)]
  0x0000026908398560 JavaThread "File lock request listener"        [_thread_in_native, id=19852, stack(0x000000e0f8b00000,0x000000e0f8c00000) (1024K)]
  0x0000026908399280 JavaThread "File lock release action executor"        [_thread_blocked, id=19532, stack(0x000000e0f8c00000,0x000000e0f8d00000) (1024K)]
  0x000002690839a630 JavaThread "Cache worker for file hash cache (C:\Users\LEGION\.gradle\caches\8.14.3\fileHashes)"        [_thread_in_native, id=22860, stack(0x000000e0f8d00000,0x000000e0f8e00000) (1024K)]
  0x0000026909b87b60 JavaThread "Cache worker for file hash cache (C:\Users\LEGION\Documents\Projects\Fivgo-FP-PROJECT\Driver\android\.gradle\8.14.3\fileHashes)"        [_thread_blocked, id=50508, stack(0x000000e0f9800000,0x000000e0f9900000) (1024K)]
  0x0000026909b85a90 JavaThread "Cache worker for Build Output Cleanup Cache (C:\Users\LEGION\Documents\Projects\Fivgo-FP-PROJECT\Driver\android\.gradle\buildOutputCleanup)"        [_thread_blocked, id=24268, stack(0x000000e0f9900000,0x000000e0f9a00000) (1024K)]
  0x0000026909b85400 JavaThread "File watcher server"        daemon [_thread_in_native, id=40556, stack(0x000000e0f9a00000,0x000000e0f9b00000) (1024K)]
  0x0000026909b881f0 JavaThread "File watcher consumer"      daemon [_thread_blocked, id=29916, stack(0x000000e0f9b00000,0x000000e0f9c00000) (1024K)]
  0x0000026909b86120 JavaThread "jar transforms"                    [_thread_blocked, id=51132, stack(0x000000e0f9c00000,0x000000e0f9d00000) (1024K)]
  0x0000026909b86e40 JavaThread "jar transforms Thread 2"           [_thread_blocked, id=9596, stack(0x000000e0f9d00000,0x000000e0f9e00000) (1024K)]
  0x0000026909b867b0 JavaThread "jar transforms Thread 3"           [_thread_blocked, id=25036, stack(0x000000e0f9e00000,0x000000e0f9f00000) (1024K)]
  0x0000026909b874d0 JavaThread "jar transforms Thread 4"           [_thread_blocked, id=38720, stack(0x000000e0f6f00000,0x000000e0f7000000) (1024K)]
  0x0000026909b84d70 JavaThread "jar transforms Thread 5"           [_thread_blocked, id=42936, stack(0x000000e0f7000000,0x000000e0f7100000) (1024K)]
  0x0000026909b895a0 JavaThread "Cache worker for checksums cache (C:\Users\LEGION\Documents\Projects\Fivgo-FP-PROJECT\Driver\android\.gradle\8.14.3\checksums)"        [_thread_blocked, id=3124, stack(0x000000e0fa200000,0x000000e0fa300000) (1024K)]
  0x0000026909b89c30 JavaThread "Cache worker for file content cache (C:\Users\LEGION\.gradle\caches\8.14.3\fileContent)"        [_thread_blocked, id=11840, stack(0x000000e0fa300000,0x000000e0fa400000) (1024K)]
  0x0000026909b8bd00 JavaThread "jar transforms Thread 6"           [_thread_blocked, id=49576, stack(0x000000e0f9f00000,0x000000e0fa000000) (1024K)]
  0x0000026909b8a950 JavaThread "jar transforms Thread 7"           [_thread_blocked, id=20920, stack(0x000000e0fa000000,0x000000e0fa100000) (1024K)]
  0x0000026909b8afe0 JavaThread "jar transforms Thread 8"           [_thread_blocked, id=42128, stack(0x000000e0fa100000,0x000000e0fa200000) (1024K)]
  0x0000026909b88880 JavaThread "jar transforms Thread 9"           [_thread_blocked, id=36368, stack(0x000000e0fa400000,0x000000e0fa500000) (1024K)]
  0x0000026909b8c390 JavaThread "jar transforms Thread 10"          [_thread_blocked, id=28660, stack(0x000000e0fa500000,0x000000e0fa600000) (1024K)]
  0x0000026909b88f10 JavaThread "jar transforms Thread 11"          [_thread_blocked, id=13696, stack(0x000000e0fa700000,0x000000e0fa800000) (1024K)]
  0x000002690bb56fb0 JavaThread "jar transforms Thread 12"          [_thread_blocked, id=27076, stack(0x000000e0fa900000,0x000000e0faa00000) (1024K)]
  0x000002690bb54ee0 JavaThread "jar transforms Thread 13"          [_thread_blocked, id=25560, stack(0x000000e0faa00000,0x000000e0fab00000) (1024K)]
  0x000002690bb589f0 JavaThread "jar transforms Thread 14"          [_thread_blocked, id=50056, stack(0x000000e0fab00000,0x000000e0fac00000) (1024K)]
  0x000002690bb57cd0 JavaThread "jar transforms Thread 15"          [_thread_blocked, id=38920, stack(0x000000e0fac00000,0x000000e0fad00000) (1024K)]
  0x000002690bb57640 JavaThread "jar transforms Thread 16"          [_thread_blocked, id=42800, stack(0x000000e0fad00000,0x000000e0fae00000) (1024K)]
  0x000002690bb55570 JavaThread "jar transforms Thread 17"          [_thread_blocked, id=41924, stack(0x000000e0fae00000,0x000000e0faf00000) (1024K)]
  0x000002690bb59080 JavaThread "jar transforms Thread 18"          [_thread_blocked, id=16228, stack(0x000000e0faf00000,0x000000e0fb000000) (1024K)]
  0x000002690bb55c00 JavaThread "jar transforms Thread 19"          [_thread_blocked, id=34144, stack(0x000000e0fb000000,0x000000e0fb100000) (1024K)]
  0x000002690bb59710 JavaThread "Cache worker for cache directory md-supplier (C:\Users\LEGION\.gradle\caches\8.14.3\md-supplier)"        [_thread_blocked, id=44780, stack(0x000000e0fb100000,0x000000e0fb200000) (1024K)]
  0x000002690bb56290 JavaThread "Cache worker for cache directory md-rule (C:\Users\LEGION\.gradle\caches\8.14.3\md-rule)"        [_thread_blocked, id=38200, stack(0x000000e0fb200000,0x000000e0fb300000) (1024K)]
  0x000002690bb5a430 JavaThread "jar transforms Thread 20"          [_thread_blocked, id=49920, stack(0x000000e0fb500000,0x000000e0fb600000) (1024K)]
  0x000002690bb5b7e0 JavaThread "Unconstrained build operations"        [_thread_blocked, id=14500, stack(0x000000e0fa600000,0x000000e0fa700000) (1024K)]
  0x000002690bb5be70 JavaThread "Unconstrained build operations Thread 2"        [_thread_blocked, id=30372, stack(0x000000e0fa800000,0x000000e0fa900000) (1024K)]
  0x000002690bb5c500 JavaThread "Unconstrained build operations Thread 3"        [_thread_blocked, id=39312, stack(0x000000e0fb300000,0x000000e0fb400000) (1024K)]
  0x0000026908af2a40 JavaThread "Unconstrained build operations Thread 4"        [_thread_blocked, id=14068, stack(0x000000e0fb400000,0x000000e0fb500000) (1024K)]
  0x0000026908af5830 JavaThread "Unconstrained build operations Thread 5"        [_thread_blocked, id=12440, stack(0x000000e0fb600000,0x000000e0fb700000) (1024K)]
  0x0000026908af51a0 JavaThread "Unconstrained build operations Thread 6"        [_thread_blocked, id=44920, stack(0x000000e0fb700000,0x000000e0fb800000) (1024K)]
  0x0000026908af4b10 JavaThread "Unconstrained build operations Thread 7"        [_thread_blocked, id=14020, stack(0x000000e0fb800000,0x000000e0fb900000) (1024K)]
  0x0000026908af30d0 JavaThread "Unconstrained build operations Thread 8"        [_thread_blocked, id=22084, stack(0x000000e0fb900000,0x000000e0fba00000) (1024K)]
  0x0000026908af3760 JavaThread "Unconstrained build operations Thread 9"        [_thread_blocked, id=43872, stack(0x000000e0fba00000,0x000000e0fbb00000) (1024K)]
  0x0000026908af3df0 JavaThread "Unconstrained build operations Thread 10"        [_thread_blocked, id=10856, stack(0x000000e0fbb00000,0x000000e0fbc00000) (1024K)]
  0x0000026908af4480 JavaThread "Unconstrained build operations Thread 11"        [_thread_blocked, id=21172, stack(0x000000e0fbc00000,0x000000e0fbd00000) (1024K)]
  0x0000026908af23b0 JavaThread "Unconstrained build operations Thread 12"        [_thread_blocked, id=2536, stack(0x000000e0fbd00000,0x000000e0fbe00000) (1024K)]
  0x00000268c15f6040 JavaThread "Unconstrained build operations Thread 13"        [_thread_blocked, id=44012, stack(0x000000e0fbe00000,0x000000e0fbf00000) (1024K)]
  0x00000268c15f8110 JavaThread "Unconstrained build operations Thread 14"        [_thread_blocked, id=46324, stack(0x000000e0fbf00000,0x000000e0fc000000) (1024K)]
  0x00000268c15f73f0 JavaThread "Unconstrained build operations Thread 15"        [_thread_blocked, id=20828, stack(0x000000e0fc000000,0x000000e0fc100000) (1024K)]
  0x00000268c15f7a80 JavaThread "Unconstrained build operations Thread 16"        [_thread_blocked, id=10672, stack(0x000000e0fc100000,0x000000e0fc200000) (1024K)]
  0x00000268c15f87a0 JavaThread "Unconstrained build operations Thread 17"        [_thread_blocked, id=29616, stack(0x000000e0fc200000,0x000000e0fc300000) (1024K)]
  0x00000268c15f8e30 JavaThread "Unconstrained build operations Thread 18"        [_thread_blocked, id=8580, stack(0x000000e0fc300000,0x000000e0fc400000) (1024K)]
  0x00000268c15f94c0 JavaThread "Unconstrained build operations Thread 19"        [_thread_blocked, id=46484, stack(0x000000e0fc400000,0x000000e0fc500000) (1024K)]
  0x00000268c15f66d0 JavaThread "Unconstrained build operations Thread 20"        [_thread_blocked, id=15432, stack(0x000000e0fc500000,0x000000e0fc600000) (1024K)]
  0x00000268c15f6d60 JavaThread "Unconstrained build operations Thread 21"        [_thread_blocked, id=9416, stack(0x000000e0fc600000,0x000000e0fc700000) (1024K)]
  0x000002690ac7c750 JavaThread "Unconstrained build operations Thread 22"        [_thread_blocked, id=25800, stack(0x000000e0fc700000,0x000000e0fc800000) (1024K)]
  0x000002690ac7c0c0 JavaThread "Unconstrained build operations Thread 23"        [_thread_blocked, id=19060, stack(0x000000e0fc800000,0x000000e0fc900000) (1024K)]
  0x000002690ac7e820 JavaThread "Unconstrained build operations Thread 24"        [_thread_blocked, id=12768, stack(0x000000e0fc900000,0x000000e0fca00000) (1024K)]
  0x000002690ac7b3a0 JavaThread "Unconstrained build operations Thread 25"        [_thread_blocked, id=6388, stack(0x000000e0fca00000,0x000000e0fcb00000) (1024K)]
  0x000002690ac7cde0 JavaThread "Unconstrained build operations Thread 26"        [_thread_blocked, id=49356, stack(0x000000e0fcb00000,0x000000e0fcc00000) (1024K)]
  0x000002690ac7ba30 JavaThread "Unconstrained build operations Thread 27"        [_thread_blocked, id=13812, stack(0x000000e0fcc00000,0x000000e0fcd00000) (1024K)]
  0x00000268c136b800 JavaThread "C2 CompilerThread1"         daemon [_thread_in_native, id=42580, stack(0x000000e0fcd00000,0x000000e0fce00000) (1024K)]
  0x000002690ac7d470 JavaThread "Unconstrained build operations Thread 28"        [_thread_blocked, id=11324, stack(0x000000e0fce00000,0x000000e0fcf00000) (1024K)]
  0x000002690ac7db00 JavaThread "Unconstrained build operations Thread 29"        [_thread_blocked, id=50288, stack(0x000000e0fcf00000,0x000000e0fd000000) (1024K)]
  0x000002690ac7e190 JavaThread "Unconstrained build operations Thread 30"        [_thread_blocked, id=45916, stack(0x000000e0fd000000,0x000000e0fd100000) (1024K)]
  0x0000026909853660 JavaThread "Unconstrained build operations Thread 31"        [_thread_in_Java, id=45972, stack(0x000000e0fd100000,0x000000e0fd200000) (1024K)]
  0x00000269098550a0 JavaThread "Unconstrained build operations Thread 32"        [_thread_blocked, id=31940, stack(0x000000e0fd200000,0x000000e0fd300000) (1024K)]
  0x00000268c136cc70 JavaThread "C2 CompilerThread2"         daemon [_thread_in_native, id=29472, stack(0x000000e0fd300000,0x000000e0fd400000) (1024K)]
  0x0000026909854a10 JavaThread "Unconstrained build operations Thread 33"        [_thread_in_native, id=44800, stack(0x000000e0fd400000,0x000000e0fd500000) (1024K)]
  0x0000026909856ae0 JavaThread "Unconstrained build operations Thread 34"        [_thread_blocked, id=37280, stack(0x000000e0fd500000,0x000000e0fd600000) (1024K)]
  0x0000026909855730 JavaThread "Unconstrained build operations Thread 35"        [_thread_in_native, id=43488, stack(0x000000e0fd600000,0x000000e0fd700000) (1024K)]
  0x0000026909855dc0 JavaThread "Unconstrained build operations Thread 36"        [_thread_in_native, id=10756, stack(0x000000e0fd700000,0x000000e0fd800000) (1024K)]
  0x0000026909856450 JavaThread "Unconstrained build operations Thread 37"        [_thread_in_Java, id=23272, stack(0x000000e0fd800000,0x000000e0fd900000) (1024K)]
  0x0000026909857170 JavaThread "Unconstrained build operations Thread 38"        [_thread_blocked, id=46688, stack(0x000000e0fd900000,0x000000e0fda00000) (1024K)]
  0x0000026909853cf0 JavaThread "Unconstrained build operations Thread 39"        [_thread_blocked, id=21384, stack(0x000000e0fda00000,0x000000e0fdb00000) (1024K)]
  0x0000026909857800 JavaThread "Unconstrained build operations Thread 40"        [_thread_blocked, id=28904, stack(0x000000e0fdb00000,0x000000e0fdc00000) (1024K)]
  0x0000026909854380 JavaThread "Unconstrained build operations Thread 41"        [_thread_in_native, id=35088, stack(0x000000e0fdc00000,0x000000e0fdd00000) (1024K)]
  0x0000026909858520 JavaThread "Unconstrained build operations Thread 42"        [_thread_blocked, id=20736, stack(0x000000e0fdd00000,0x000000e0fde00000) (1024K)]
  0x0000026909858bb0 JavaThread "Unconstrained build operations Thread 43"        [_thread_in_native, id=28184, stack(0x000000e0fde00000,0x000000e0fdf00000) (1024K)]
  0x0000026909859f60 JavaThread "Unconstrained build operations Thread 44"        [_thread_in_native, id=43556, stack(0x000000e0fdf00000,0x000000e0fe000000) (1024K)]
  0x00000269098598d0 JavaThread "Unconstrained build operations Thread 45"        [_thread_in_native, id=17464, stack(0x000000e0fe000000,0x000000e0fe100000) (1024K)]
  0x0000026909859240 JavaThread "Unconstrained build operations Thread 46"        [_thread_blocked, id=15804, stack(0x000000e0fe100000,0x000000e0fe200000) (1024K)]
  0x000002690985a5f0 JavaThread "Unconstrained build operations Thread 47"        [_thread_in_native, id=51064, stack(0x000000e0fe200000,0x000000e0fe300000) (1024K)]
  0x000002690985ac80 JavaThread "Unconstrained build operations Thread 48"        [_thread_in_native, id=24632, stack(0x000000e0fe300000,0x000000e0fe400000) (1024K)]
  0x0000026909857e90 JavaThread "Unconstrained build operations Thread 49"        [_thread_in_native, id=21800, stack(0x000000e0fe400000,0x000000e0fe500000) (1024K)]
  0x00000268c136c5a0 JavaThread "C2 CompilerThread3"         daemon [_thread_in_native, id=41380, stack(0x000000e0fe500000,0x000000e0fe600000) (1024K)]
  0x000002690cb905d0 JavaThread "Unconstrained build operations Thread 50"        [_thread_blocked, id=47184, stack(0x000000e0fe600000,0x000000e0fe700000) (1024K)]
  0x000002690cb90c60 JavaThread "Unconstrained build operations Thread 51"        [_thread_in_native, id=17736, stack(0x000000e0fe700000,0x000000e0fe800000) (1024K)]
  0x000002690cb912f0 JavaThread "Unconstrained build operations Thread 52"        [_thread_blocked, id=18292, stack(0x000000e0fe800000,0x000000e0fe900000) (1024K)]
  0x000002690cb8f220 JavaThread "Unconstrained build operations Thread 53"        [_thread_in_native, id=19704, stack(0x000000e0fe900000,0x000000e0fea00000) (1024K)]
  0x000002690cb91980 JavaThread "Unconstrained build operations Thread 54"        [_thread_blocked, id=48496, stack(0x000000e0fea00000,0x000000e0feb00000) (1024K)]
Total: 113

Other Threads:
  0x00000268c1094c30 VMThread "VM Thread"                           [id=32620, stack(0x000000e0f6300000,0x000000e0f6400000) (1024K)]
  0x00000268c13419e0 WatcherThread "VM Periodic Task Thread"        [id=45212, stack(0x000000e0f6200000,0x000000e0f6300000) (1024K)]
  0x00000268a8abbb40 WorkerThread "GC Thread#0"                     [id=14216, stack(0x000000e0f5d00000,0x000000e0f5e00000) (1024K)]
  0x00000268c183ba00 WorkerThread "GC Thread#1"                     [id=44860, stack(0x000000e0f7100000,0x000000e0f7200000) (1024K)]
  0x00000268c1816590 WorkerThread "GC Thread#2"                     [id=3392, stack(0x000000e0f7200000,0x000000e0f7300000) (1024K)]
  0x00000268c1816940 WorkerThread "GC Thread#3"                     [id=44508, stack(0x000000e0f7300000,0x000000e0f7400000) (1024K)]
  0x00000268c1816cf0 WorkerThread "GC Thread#4"                     [id=50756, stack(0x000000e0f7400000,0x000000e0f7500000) (1024K)]
  0x00000268c18170a0 WorkerThread "GC Thread#5"                     [id=30268, stack(0x000000e0f7500000,0x000000e0f7600000) (1024K)]
  0x00000269081b9cd0 WorkerThread "GC Thread#6"                     [id=31992, stack(0x000000e0f7d00000,0x000000e0f7e00000) (1024K)]
  0x00000269081bf0a0 WorkerThread "GC Thread#7"                     [id=19868, stack(0x000000e0f7e00000,0x000000e0f7f00000) (1024K)]
  0x00000269081bf820 WorkerThread "GC Thread#8"                     [id=19644, stack(0x000000e0f7f00000,0x000000e0f8000000) (1024K)]
  0x0000026908336940 WorkerThread "GC Thread#9"                     [id=26664, stack(0x000000e0f8000000,0x000000e0f8100000) (1024K)]
  0x0000026908336cf0 WorkerThread "GC Thread#10"                    [id=31472, stack(0x000000e0f8100000,0x000000e0f8200000) (1024K)]
  0x0000026908337f60 WorkerThread "GC Thread#11"                    [id=15888, stack(0x000000e0f8200000,0x000000e0f8300000) (1024K)]
  0x0000026908336590 WorkerThread "GC Thread#12"                    [id=38472, stack(0x000000e0f8300000,0x000000e0f8400000) (1024K)]
  0x0000026908337800 WorkerThread "GC Thread#13"                    [id=45324, stack(0x000000e0f8400000,0x000000e0f8500000) (1024K)]
  0x00000269096f3540 WorkerThread "GC Thread#14"                    [id=11100, stack(0x000000e0f8e00000,0x000000e0f8f00000) (1024K)]
  0x00000269096f4b60 WorkerThread "GC Thread#15"                    [id=29188, stack(0x000000e0f8f00000,0x000000e0f9000000) (1024K)]
  0x00000269096f22d0 WorkerThread "GC Thread#16"                    [id=46920, stack(0x000000e0f9000000,0x000000e0f9100000) (1024K)]
  0x00000269096f52c0 WorkerThread "GC Thread#17"                    [id=25920, stack(0x000000e0f9100000,0x000000e0f9200000) (1024K)]
  0x00000269096f38f0 WorkerThread "GC Thread#18"                    [id=49944, stack(0x000000e0f9200000,0x000000e0f9300000) (1024K)]
  0x00000269096f47b0 WorkerThread "GC Thread#19"                    [id=10152, stack(0x000000e0f9300000,0x000000e0f9400000) (1024K)]
  0x00000268a8acb7d0 ConcurrentGCThread "G1 Main Marker"            [id=22676, stack(0x000000e0f5e00000,0x000000e0f5f00000) (1024K)]
  0x00000268a8acc0f0 WorkerThread "G1 Conc#0"                       [id=16464, stack(0x000000e0f5f00000,0x000000e0f6000000) (1024K)]
  0x00000269096f2680 WorkerThread "G1 Conc#1"                       [id=36956, stack(0x000000e0f9400000,0x000000e0f9500000) (1024K)]
  0x00000269096f2a30 WorkerThread "G1 Conc#2"                       [id=49280, stack(0x000000e0f9500000,0x000000e0f9600000) (1024K)]
  0x00000269096f3ca0 WorkerThread "G1 Conc#3"                       [id=42988, stack(0x000000e0f9600000,0x000000e0f9700000) (1024K)]
  0x00000269096f4f10 WorkerThread "G1 Conc#4"                       [id=50544, stack(0x000000e0f9700000,0x000000e0f9800000) (1024K)]
  0x00000268c0fd0a70 ConcurrentGCThread "G1 Refine#0"               [id=49324, stack(0x000000e0f6000000,0x000000e0f6100000) (1024K)]
  0x00000268c0fd22b0 ConcurrentGCThread "G1 Service"                [id=16596, stack(0x000000e0f6100000,0x000000e0f6200000) (1024K)]
Total: 30

Threads with active compile tasks:
C2 CompilerThread0  7152 7477       4       java.lang.invoke.MethodType::makeImpl (109 bytes)
C2 CompilerThread1  7152 8095       4       java.util.concurrent.ConcurrentHashMap::addCount (280 bytes)
C2 CompilerThread2  7152 7796       4       java.io.ObjectOutputStream::writeClassDesc (60 bytes)
C2 CompilerThread3  7152 7846       4       sun.security.provider.DigestBase::engineUpdate (176 bytes)
Total: 4

VM state: not at safepoint (normal execution)

VM Mutex/Monitor currently owned by a thread: None

Heap address: 0x00000000a0000000, size: 1536 MB, Compressed Oops mode: 32-bit

CDS archive(s) mapped at: [0x00000268c2000000-0x00000268c2ba0000-0x00000268c2ba0000), size 12189696, SharedBaseAddress: 0x00000268c2000000, ArchiveRelocationMode: 1.
Compressed class space mapped at: 0x00000268c3000000-0x0000026903000000, reserved size: 1073741824
Narrow klass base: 0x00000268c2000000, Narrow klass shift: 0, Narrow klass range: 0x100000000

GC Precious Log:
 CardTable entry size: 512
 Card Set container configuration: InlinePtr #cards 5 size 8 Array Of Cards #cards 12 size 40 Howl #buckets 4 coarsen threshold 1843 Howl Bitmap #cards 512 size 80 coarsen threshold 460 Card regions per heap region 1 cards per card region 2048
 CPUs: 28 total, 28 available
 Memory: 16107M
 Large Page Support: Disabled
 NUMA Support: Disabled
 Compressed Oops: Enabled (32-bit)
 Heap Region Size: 1M
 Heap Min Capacity: 8M
 Heap Initial Capacity: 252M
 Heap Max Capacity: 1536M
 Pre-touch: Disabled
 Parallel Workers: 20
 Concurrent Workers: 5
 Concurrent Refinement Workers: 20
 Periodic GC: Disabled

Heap:
 garbage-first heap   total 106496K, used 62840K [0x00000000a0000000, 0x0000000100000000)
  region size 1024K, 19 young (19456K), 6 survivors (6144K)
 Metaspace       used 53932K, committed 55680K, reserved 1114112K
  class space    used 7814K, committed 8704K, reserved 1048576K

Heap Regions: E=young(eden), S=young(survivor), O=old, HS=humongous(starts), HC=humongous(continues), CS=collection set, F=free, TAMS=top-at-mark-start, PB=parsable bottom
|   0|0x00000000a0000000, 0x00000000a0100000, 0x00000000a0100000|100%|HS|  |TAMS 0x00000000a0000000| PB 0x00000000a0000000| Complete 
|   1|0x00000000a0100000, 0x00000000a0200000, 0x00000000a0200000|100%|HC|  |TAMS 0x00000000a0100000| PB 0x00000000a0100000| Complete 
|   2|0x00000000a0200000, 0x00000000a0300000, 0x00000000a0300000|100%|HC|  |TAMS 0x00000000a0200000| PB 0x00000000a0200000| Complete 
|   3|0x00000000a0300000, 0x00000000a0400000, 0x00000000a0400000|100%| O|  |TAMS 0x00000000a0300000| PB 0x00000000a0300000| Untracked 
|   4|0x00000000a0400000, 0x00000000a0500000, 0x00000000a0500000|100%| O|  |TAMS 0x00000000a0400000| PB 0x00000000a0400000| Untracked 
|   5|0x00000000a0500000, 0x00000000a0600000, 0x00000000a0600000|100%| O|  |TAMS 0x00000000a0500000| PB 0x00000000a0500000| Untracked 
|   6|0x00000000a0600000, 0x00000000a0700000, 0x00000000a0700000|100%|HS|  |TAMS 0x00000000a0600000| PB 0x00000000a0600000| Complete 
|   7|0x00000000a0700000, 0x00000000a0800000, 0x00000000a0800000|100%| O|  |TAMS 0x00000000a0700000| PB 0x00000000a0700000| Untracked 
|   8|0x00000000a0800000, 0x00000000a0900000, 0x00000000a0900000|100%| O|  |TAMS 0x00000000a0800000| PB 0x00000000a0800000| Untracked 
|   9|0x00000000a0900000, 0x00000000a0a00000, 0x00000000a0a00000|100%| O|  |TAMS 0x00000000a0900000| PB 0x00000000a0900000| Untracked 
|  10|0x00000000a0a00000, 0x00000000a0b00000, 0x00000000a0b00000|100%| O|  |TAMS 0x00000000a0a00000| PB 0x00000000a0a00000| Untracked 
|  11|0x00000000a0b00000, 0x00000000a0c00000, 0x00000000a0c00000|100%| O|  |TAMS 0x00000000a0b00000| PB 0x00000000a0b00000| Untracked 
|  12|0x00000000a0c00000, 0x00000000a0d00000, 0x00000000a0d00000|100%| O|  |TAMS 0x00000000a0c00000| PB 0x00000000a0c00000| Untracked 
|  13|0x00000000a0d00000, 0x00000000a0e00000, 0x00000000a0e00000|100%| O|  |TAMS 0x00000000a0d00000| PB 0x00000000a0d00000| Untracked 
|  14|0x00000000a0e00000, 0x00000000a0f00000, 0x00000000a0f00000|100%| O|  |TAMS 0x00000000a0e00000| PB 0x00000000a0e00000| Untracked 
|  15|0x00000000a0f00000, 0x00000000a1000000, 0x00000000a1000000|100%| O|  |TAMS 0x00000000a0f00000| PB 0x00000000a0f00000| Untracked 
|  16|0x00000000a1000000, 0x00000000a1100000, 0x00000000a1100000|100%| O|  |TAMS 0x00000000a1000000| PB 0x00000000a1000000| Untracked 
|  17|0x00000000a1100000, 0x00000000a1200000, 0x00000000a1200000|100%| O|  |TAMS 0x00000000a1100000| PB 0x00000000a1100000| Untracked 
|  18|0x00000000a1200000, 0x00000000a1300000, 0x00000000a1300000|100%| O|  |TAMS 0x00000000a1200000| PB 0x00000000a1200000| Untracked 
|  19|0x00000000a1300000, 0x00000000a1400000, 0x00000000a1400000|100%| O|  |TAMS 0x00000000a1300000| PB 0x00000000a1300000| Untracked 
|  20|0x00000000a1400000, 0x00000000a1500000, 0x00000000a1500000|100%| O|  |TAMS 0x00000000a1400000| PB 0x00000000a1400000| Untracked 
|  21|0x00000000a1500000, 0x00000000a1600000, 0x00000000a1600000|100%| O|  |TAMS 0x00000000a1500000| PB 0x00000000a1500000| Untracked 
|  22|0x00000000a1600000, 0x00000000a1700000, 0x00000000a1700000|100%| O|  |TAMS 0x00000000a1600000| PB 0x00000000a1600000| Untracked 
|  23|0x00000000a1700000, 0x00000000a1800000, 0x00000000a1800000|100%| O|  |TAMS 0x00000000a1700000| PB 0x00000000a1700000| Untracked 
|  24|0x00000000a1800000, 0x00000000a1900000, 0x00000000a1900000|100%| O|  |TAMS 0x00000000a1800000| PB 0x00000000a1800000| Untracked 
|  25|0x00000000a1900000, 0x00000000a1a00000, 0x00000000a1a00000|100%| O|  |TAMS 0x00000000a1900000| PB 0x00000000a1900000| Untracked 
|  26|0x00000000a1a00000, 0x00000000a1b00000, 0x00000000a1b00000|100%| O|  |TAMS 0x00000000a1a00000| PB 0x00000000a1a00000| Untracked 
|  27|0x00000000a1b00000, 0x00000000a1c00000, 0x00000000a1c00000|100%| O|  |TAMS 0x00000000a1b00000| PB 0x00000000a1b00000| Untracked 
|  28|0x00000000a1c00000, 0x00000000a1d00000, 0x00000000a1d00000|100%| O|  |TAMS 0x00000000a1c00000| PB 0x00000000a1c00000| Untracked 
|  29|0x00000000a1d00000, 0x00000000a1e00000, 0x00000000a1e00000|100%| O|  |TAMS 0x00000000a1d00000| PB 0x00000000a1d00000| Untracked 
|  30|0x00000000a1e00000, 0x00000000a1f00000, 0x00000000a1f00000|100%| O|  |TAMS 0x00000000a1e00000| PB 0x00000000a1e00000| Untracked 
|  31|0x00000000a1f00000, 0x00000000a2000000, 0x00000000a2000000|100%| O|  |TAMS 0x00000000a1f00000| PB 0x00000000a1f00000| Untracked 
|  32|0x00000000a2000000, 0x00000000a2100000, 0x00000000a2100000|100%| O|  |TAMS 0x00000000a2000000| PB 0x00000000a2000000| Untracked 
|  33|0x00000000a2100000, 0x00000000a2200000, 0x00000000a2200000|100%| O|  |TAMS 0x00000000a2100000| PB 0x00000000a2100000| Untracked 
|  34|0x00000000a2200000, 0x00000000a2300000, 0x00000000a2300000|100%| O|  |TAMS 0x00000000a2200000| PB 0x00000000a2200000| Untracked 
|  35|0x00000000a2300000, 0x00000000a2400000, 0x00000000a2400000|100%| O|  |TAMS 0x00000000a2300000| PB 0x00000000a2300000| Untracked 
|  36|0x00000000a2400000, 0x00000000a2500000, 0x00000000a2500000|100%| O|  |TAMS 0x00000000a2400000| PB 0x00000000a2400000| Untracked 
|  37|0x00000000a2500000, 0x00000000a255e0e0, 0x00000000a2600000| 36%| O|  |TAMS 0x00000000a2500000| PB 0x00000000a2500000| Untracked 
|  38|0x00000000a2600000, 0x00000000a2700000, 0x00000000a2700000|100%| O|  |TAMS 0x00000000a2600000| PB 0x00000000a2600000| Untracked 
|  39|0x00000000a2700000, 0x00000000a2800000, 0x00000000a2800000|100%| O|  |TAMS 0x00000000a2700000| PB 0x00000000a2700000| Untracked 
|  40|0x00000000a2800000, 0x00000000a2900000, 0x00000000a2900000|100%| O|  |TAMS 0x00000000a2800000| PB 0x00000000a2800000| Untracked 
|  41|0x00000000a2900000, 0x00000000a2900000, 0x00000000a2a00000|  0%| F|  |TAMS 0x00000000a2900000| PB 0x00000000a2900000| Untracked 
|  42|0x00000000a2a00000, 0x00000000a2a00000, 0x00000000a2b00000|  0%| F|  |TAMS 0x00000000a2a00000| PB 0x00000000a2a00000| Untracked 
|  43|0x00000000a2b00000, 0x00000000a2b00000, 0x00000000a2c00000|  0%| F|  |TAMS 0x00000000a2b00000| PB 0x00000000a2b00000| Untracked 
|  44|0x00000000a2c00000, 0x00000000a2c00000, 0x00000000a2d00000|  0%| F|  |TAMS 0x00000000a2c00000| PB 0x00000000a2c00000| Untracked 
|  45|0x00000000a2d00000, 0x00000000a2d00000, 0x00000000a2e00000|  0%| F|  |TAMS 0x00000000a2d00000| PB 0x00000000a2d00000| Untracked 
|  46|0x00000000a2e00000, 0x00000000a2e00000, 0x00000000a2f00000|  0%| F|  |TAMS 0x00000000a2e00000| PB 0x00000000a2e00000| Untracked 
|  47|0x00000000a2f00000, 0x00000000a2f00000, 0x00000000a3000000|  0%| F|  |TAMS 0x00000000a2f00000| PB 0x00000000a2f00000| Untracked 
|  48|0x00000000a3000000, 0x00000000a3000000, 0x00000000a3100000|  0%| F|  |TAMS 0x00000000a3000000| PB 0x00000000a3000000| Untracked 
|  49|0x00000000a3100000, 0x00000000a3200000, 0x00000000a3200000|100%| S|CS|TAMS 0x00000000a3100000| PB 0x00000000a3100000| Complete 
|  50|0x00000000a3200000, 0x00000000a3300000, 0x00000000a3300000|100%| S|CS|TAMS 0x00000000a3200000| PB 0x00000000a3200000| Complete 
|  51|0x00000000a3300000, 0x00000000a3400000, 0x00000000a3400000|100%| S|CS|TAMS 0x00000000a3300000| PB 0x00000000a3300000| Complete 
|  52|0x00000000a3400000, 0x00000000a3500000, 0x00000000a3500000|100%| S|CS|TAMS 0x00000000a3400000| PB 0x00000000a3400000| Complete 
|  53|0x00000000a3500000, 0x00000000a3600000, 0x00000000a3600000|100%| S|CS|TAMS 0x00000000a3500000| PB 0x00000000a3500000| Complete 
|  54|0x00000000a3600000, 0x00000000a3700000, 0x00000000a3700000|100%| S|CS|TAMS 0x00000000a3600000| PB 0x00000000a3600000| Complete 
|  55|0x00000000a3700000, 0x00000000a3700000, 0x00000000a3800000|  0%| F|  |TAMS 0x00000000a3700000| PB 0x00000000a3700000| Untracked 
|  56|0x00000000a3800000, 0x00000000a3800000, 0x00000000a3900000|  0%| F|  |TAMS 0x00000000a3800000| PB 0x00000000a3800000| Untracked 
|  57|0x00000000a3900000, 0x00000000a3900000, 0x00000000a3a00000|  0%| F|  |TAMS 0x00000000a3900000| PB 0x00000000a3900000| Untracked 
|  58|0x00000000a3a00000, 0x00000000a3a00000, 0x00000000a3b00000|  0%| F|  |TAMS 0x00000000a3a00000| PB 0x00000000a3a00000| Untracked 
|  59|0x00000000a3b00000, 0x00000000a3b00000, 0x00000000a3c00000|  0%| F|  |TAMS 0x00000000a3b00000| PB 0x00000000a3b00000| Untracked 
|  60|0x00000000a3c00000, 0x00000000a3c00000, 0x00000000a3d00000|  0%| F|  |TAMS 0x00000000a3c00000| PB 0x00000000a3c00000| Untracked 
|  61|0x00000000a3d00000, 0x00000000a3d00000, 0x00000000a3e00000|  0%| F|  |TAMS 0x00000000a3d00000| PB 0x00000000a3d00000| Untracked 
|  62|0x00000000a3e00000, 0x00000000a3e00000, 0x00000000a3f00000|  0%| F|  |TAMS 0x00000000a3e00000| PB 0x00000000a3e00000| Untracked 
|  63|0x00000000a3f00000, 0x00000000a3f00000, 0x00000000a4000000|  0%| F|  |TAMS 0x00000000a3f00000| PB 0x00000000a3f00000| Untracked 
|  64|0x00000000a4000000, 0x00000000a4000000, 0x00000000a4100000|  0%| F|  |TAMS 0x00000000a4000000| PB 0x00000000a4000000| Untracked 
|  65|0x00000000a4100000, 0x00000000a4100000, 0x00000000a4200000|  0%| F|  |TAMS 0x00000000a4100000| PB 0x00000000a4100000| Untracked 
|  66|0x00000000a4200000, 0x00000000a4200000, 0x00000000a4300000|  0%| F|  |TAMS 0x00000000a4200000| PB 0x00000000a4200000| Untracked 
|  67|0x00000000a4300000, 0x00000000a4300000, 0x00000000a4400000|  0%| F|  |TAMS 0x00000000a4300000| PB 0x00000000a4300000| Untracked 
|  68|0x00000000a4400000, 0x00000000a4400000, 0x00000000a4500000|  0%| F|  |TAMS 0x00000000a4400000| PB 0x00000000a4400000| Untracked 
|  69|0x00000000a4500000, 0x00000000a4500000, 0x00000000a4600000|  0%| F|  |TAMS 0x00000000a4500000| PB 0x00000000a4500000| Untracked 
|  70|0x00000000a4600000, 0x00000000a4600000, 0x00000000a4700000|  0%| F|  |TAMS 0x00000000a4600000| PB 0x00000000a4600000| Untracked 
|  71|0x00000000a4700000, 0x00000000a4700000, 0x00000000a4800000|  0%| F|  |TAMS 0x00000000a4700000| PB 0x00000000a4700000| Untracked 
|  72|0x00000000a4800000, 0x00000000a4800000, 0x00000000a4900000|  0%| F|  |TAMS 0x00000000a4800000| PB 0x00000000a4800000| Untracked 
|  73|0x00000000a4900000, 0x00000000a4900000, 0x00000000a4a00000|  0%| F|  |TAMS 0x00000000a4900000| PB 0x00000000a4900000| Untracked 
|  74|0x00000000a4a00000, 0x00000000a4a00000, 0x00000000a4b00000|  0%| F|  |TAMS 0x00000000a4a00000| PB 0x00000000a4a00000| Untracked 
|  75|0x00000000a4b00000, 0x00000000a4b00000, 0x00000000a4c00000|  0%| F|  |TAMS 0x00000000a4b00000| PB 0x00000000a4b00000| Untracked 
|  76|0x00000000a4c00000, 0x00000000a4c00000, 0x00000000a4d00000|  0%| F|  |TAMS 0x00000000a4c00000| PB 0x00000000a4c00000| Untracked 
|  77|0x00000000a4d00000, 0x00000000a4d00000, 0x00000000a4e00000|  0%| F|  |TAMS 0x00000000a4d00000| PB 0x00000000a4d00000| Untracked 
|  78|0x00000000a4e00000, 0x00000000a4e00000, 0x00000000a4f00000|  0%| F|  |TAMS 0x00000000a4e00000| PB 0x00000000a4e00000| Untracked 
|  79|0x00000000a4f00000, 0x00000000a4f00000, 0x00000000a5000000|  0%| F|  |TAMS 0x00000000a4f00000| PB 0x00000000a4f00000| Untracked 
|  80|0x00000000a5000000, 0x00000000a5000000, 0x00000000a5100000|  0%| F|  |TAMS 0x00000000a5000000| PB 0x00000000a5000000| Untracked 
|  81|0x00000000a5100000, 0x00000000a5100000, 0x00000000a5200000|  0%| F|  |TAMS 0x00000000a5100000| PB 0x00000000a5100000| Untracked 
|  82|0x00000000a5200000, 0x00000000a5200000, 0x00000000a5300000|  0%| F|  |TAMS 0x00000000a5200000| PB 0x00000000a5200000| Untracked 
| 158|0x00000000a9e00000, 0x00000000a9e00000, 0x00000000a9f00000|  0%| F|  |TAMS 0x00000000a9e00000| PB 0x00000000a9e00000| Untracked 
| 159|0x00000000a9f00000, 0x00000000a9f00000, 0x00000000aa000000|  0%| F|  |TAMS 0x00000000a9f00000| PB 0x00000000a9f00000| Untracked 
| 160|0x00000000aa000000, 0x00000000aa000000, 0x00000000aa100000|  0%| F|  |TAMS 0x00000000aa000000| PB 0x00000000aa000000| Untracked 
| 161|0x00000000aa100000, 0x00000000aa100000, 0x00000000aa200000|  0%| F|  |TAMS 0x00000000aa100000| PB 0x00000000aa100000| Untracked 
| 162|0x00000000aa200000, 0x00000000aa28d040, 0x00000000aa300000| 55%| E|  |TAMS 0x00000000aa200000| PB 0x00000000aa200000| Complete 
| 163|0x00000000aa300000, 0x00000000aa400000, 0x00000000aa400000|100%| E|  |TAMS 0x00000000aa300000| PB 0x00000000aa300000| Complete 
| 164|0x00000000aa400000, 0x00000000aa500000, 0x00000000aa500000|100%| E|CS|TAMS 0x00000000aa400000| PB 0x00000000aa400000| Complete 
| 165|0x00000000aa500000, 0x00000000aa600000, 0x00000000aa600000|100%| E|CS|TAMS 0x00000000aa500000| PB 0x00000000aa500000| Complete 
| 166|0x00000000aa600000, 0x00000000aa700000, 0x00000000aa700000|100%| E|CS|TAMS 0x00000000aa600000| PB 0x00000000aa600000| Complete 
| 167|0x00000000aa700000, 0x00000000aa800000, 0x00000000aa800000|100%| E|CS|TAMS 0x00000000aa700000| PB 0x00000000aa700000| Complete 
| 168|0x00000000aa800000, 0x00000000aa900000, 0x00000000aa900000|100%| E|CS|TAMS 0x00000000aa800000| PB 0x00000000aa800000| Complete 
| 179|0x00000000ab300000, 0x00000000ab400000, 0x00000000ab400000|100%| E|CS|TAMS 0x00000000ab300000| PB 0x00000000ab300000| Complete 
| 180|0x00000000ab400000, 0x00000000ab500000, 0x00000000ab500000|100%| E|CS|TAMS 0x00000000ab400000| PB 0x00000000ab400000| Complete 
| 181|0x00000000ab500000, 0x00000000ab600000, 0x00000000ab600000|100%| E|CS|TAMS 0x00000000ab500000| PB 0x00000000ab500000| Complete 
| 182|0x00000000ab600000, 0x00000000ab700000, 0x00000000ab700000|100%| E|CS|TAMS 0x00000000ab600000| PB 0x00000000ab600000| Complete 
| 251|0x00000000afb00000, 0x00000000afc00000, 0x00000000afc00000|100%| E|CS|TAMS 0x00000000afb00000| PB 0x00000000afb00000| Complete 
|1531|0x00000000ffb00000, 0x00000000ffc00000, 0x00000000ffc00000|100%| O|  |TAMS 0x00000000ffb00000| PB 0x00000000ffb00000| Untracked 
|1532|0x00000000ffc00000, 0x00000000ffd00000, 0x00000000ffd00000|100%| O|  |TAMS 0x00000000ffc00000| PB 0x00000000ffc00000| Untracked 
|1533|0x00000000ffd00000, 0x00000000ffe00000, 0x00000000ffe00000|100%| E|CS|TAMS 0x00000000ffd00000| PB 0x00000000ffd00000| Complete 
|1534|0x00000000ffe00000, 0x00000000fff00000, 0x00000000fff00000|100%| O|  |TAMS 0x00000000ffe00000| PB 0x00000000ffe00000| Untracked 
|1535|0x00000000fff00000, 0x0000000100000000, 0x0000000100000000|100%| O|  |TAMS 0x00000000fff00000| PB 0x00000000fff00000| Untracked 

Card table byte_map: [0x00000268bbf70000,0x00000268bc270000] _byte_map_base: 0x00000268bba70000

Marking Bits: (CMBitMap*) 0x00000268a8abe070
 Bits: [0x00000268bc270000, 0x00000268bda70000)

Polling page: 0x00000268a6c30000

Metaspace:

Usage:
  Non-class:     45.06 MB used.
      Class:      7.63 MB used.
       Both:     52.69 MB used.

Virtual space:
  Non-class space:       64.00 MB reserved,      45.94 MB ( 72%) committed,  1 nodes.
      Class space:        1.00 GB reserved,       8.50 MB ( <1%) committed,  1 nodes.
             Both:        1.06 GB reserved,      54.44 MB (  5%) committed. 

Chunk freelists:
   Non-Class:  2.00 MB
       Class:  7.55 MB
        Both:  9.55 MB

MaxMetaspaceSize: unlimited
CompressedClassSpaceSize: 1.00 GB
Initial GC threshold: 21.00 MB
Current GC threshold: 59.38 MB
CDS: on
 - commit_granule_bytes: 65536.
 - commit_granule_words: 8192.
 - virtual_space_node_default_size: 8388608.
 - enlarge_chunks_in_place: 1.
 - use_allocation_guard: 0.


Internal statistics:

num_allocs_failed_limit: 9.
num_arena_births: 3130.
num_arena_deaths: 0.
num_vsnodes_births: 2.
num_vsnodes_deaths: 0.
num_space_committed: 871.
num_space_uncommitted: 0.
num_chunks_returned_to_freelist: 9.
num_chunks_taken_from_freelist: 5743.
num_chunk_merges: 6.
num_chunk_splits: 3662.
num_chunks_enlarged: 2154.
num_inconsistent_stats: 0.

CodeHeap 'non-profiled nmethods': size=119168Kb used=4390Kb max_used=4390Kb free=114777Kb
 bounds [0x00000268b3810000, 0x00000268b3c60000, 0x00000268bac70000]
CodeHeap 'profiled nmethods': size=119104Kb used=14866Kb max_used=14866Kb free=104237Kb
 bounds [0x00000268abc70000, 0x00000268acb00000, 0x00000268b30c0000]
CodeHeap 'non-nmethods': size=7488Kb used=4295Kb max_used=4325Kb free=3193Kb
 bounds [0x00000268b30c0000, 0x00000268b3500000, 0x00000268b3810000]
CodeCache: size=245760Kb, used=23551Kb, max_used=23581Kb, free=222207Kb
 total_blobs=8484, nmethods=7609, adapters=776, full_count=0
Compilation: enabled, stopped_count=0, restarted_count=0

Compilation events (20 events):
Event: 7.112 Thread 0x00000268c136e0e0 nmethod 7926 0x00000268aca76610 code [0x00000268aca767a0, 0x00000268aca768a8]
Event: 7.112 Thread 0x00000268c136d340 nmethod 7900 0x00000268aca76910 code [0x00000268aca76b40, 0x00000268aca77308]
Event: 7.112 Thread 0x00000268c136e0e0 7928       3       org.gradle.tooling.internal.provider.runner.ClientForwardingBuildOperationListener::toOperationResult (10 bytes)
Event: 7.112 Thread 0x00000268c136da10 nmethod 7899 0x00000268aca77510 code [0x00000268aca77740, 0x00000268aca781b0]
Event: 7.112 Thread 0x00000268c136d340 7925       3       org.gradle.internal.logging.progress.DefaultProgressLoggerFactory$ProgressLoggerImpl::completed (61 bytes)
Event: 7.112 Thread 0x00000268c136e0e0 nmethod 7928 0x00000268aca78510 code [0x00000268aca786e0, 0x00000268aca78990]
Event: 7.112 Thread 0x00000268c136da10 7930       3       org.gradle.internal.build.event.types.AbstractResult::<init> (21 bytes)
Event: 7.112 Thread 0x00000268c136e0e0 7920       1       org.gradle.api.internal.artifacts.transform.BoundTransformStep::getTransformStep (5 bytes)
Event: 7.112 Thread 0x00000268c136da10 nmethod 7930 0x00000268aca78a90 code [0x00000268aca78c40, 0x00000268aca78e00]
Event: 7.112 Thread 0x00000268c136e0e0 nmethod 7920 0x00000268b3c43f10 code [0x00000268b3c440a0, 0x00000268b3c44168]
Event: 7.113 Thread 0x00000268c136da10 7931       1       com.google.common.cache.LocalCache$StrongAccessEntry::getAccessTime (5 bytes)
Event: 7.113 Thread 0x00000268c136d340 nmethod 7925 0x00000268aca78f10 code [0x00000268aca79140, 0x00000268aca79938]
Event: 7.113 Thread 0x00000268c136da10 nmethod 7931 0x00000268b3c44210 code [0x00000268b3c443a0, 0x00000268b3c44470]
Event: 7.113 Thread 0x00000268c136b130 nmethod 7927 0x00000268aca79c90 code [0x00000268aca79f80, 0x00000268aca7b1a0]
Event: 7.113 Thread 0x00000268c136e0e0 7932       1       com.google.common.cache.LocalCache$StrongAccessEntry::setAccessTime (6 bytes)
Event: 7.113 Thread 0x00000268c136da10 7882       1       org.gradle.internal.operations.DefaultBuildOperationRunner$CallableBuildOperationWorker::getReturnValue (5 bytes)
Event: 7.113 Thread 0x00000268c136d340 7909       1       org.gradle.api.internal.file.FileCollectionStructureVisitor::startVisit (2 bytes)
Event: 7.113 Thread 0x00000268c136e0e0 nmethod 7932 0x00000268b3c44510 code [0x00000268b3c446a0, 0x00000268b3c44780]
Event: 7.113 Thread 0x00000268c136da10 nmethod 7882 0x00000268b3c44810 code [0x00000268b3c449a0, 0x00000268b3c44a68]
Event: 7.113 Thread 0x00000268c136d340 nmethod 7909 0x00000268b3c44b10 code [0x00000268b3c44ca0, 0x00000268b3c44d68]

GC Heap History (20 events):
Event: 1.123 GC heap before
{Heap before GC invocations=2 (full 0):
 garbage-first heap   total 258048K, used 82455K [0x00000000a0000000, 0x0000000100000000)
  region size 1024K, 73 young (74752K), 5 survivors (5120K)
 Metaspace       used 10015K, committed 10304K, reserved 1114112K
  class space    used 1350K, committed 1472K, reserved 1048576K
}
Event: 1.128 GC heap after
{Heap after GC invocations=3 (full 0):
 garbage-first heap   total 258048K, used 19285K [0x00000000a0000000, 0x0000000100000000)
  region size 1024K, 10 young (10240K), 10 survivors (10240K)
 Metaspace       used 10015K, committed 10304K, reserved 1114112K
  class space    used 1350K, committed 1472K, reserved 1048576K
}
Event: 1.916 GC heap before
{Heap before GC invocations=3 (full 0):
 garbage-first heap   total 258048K, used 87893K [0x00000000a0000000, 0x0000000100000000)
  region size 1024K, 79 young (80896K), 10 survivors (10240K)
 Metaspace       used 20912K, committed 21504K, reserved 1114112K
  class space    used 3080K, committed 3392K, reserved 1048576K
}
Event: 1.922 GC heap after
{Heap after GC invocations=4 (full 0):
 garbage-first heap   total 258048K, used 24252K [0x00000000a0000000, 0x0000000100000000)
  region size 1024K, 15 young (15360K), 15 survivors (15360K)
 Metaspace       used 20912K, committed 21504K, reserved 1114112K
  class space    used 3080K, committed 3392K, reserved 1048576K
}
Event: 2.662 GC heap before
{Heap before GC invocations=5 (full 0):
 garbage-first heap   total 86016K, used 83644K [0x00000000a0000000, 0x0000000100000000)
  region size 1024K, 74 young (75776K), 15 survivors (15360K)
 Metaspace       used 28321K, committed 29248K, reserved 1114112K
  class space    used 4213K, committed 4672K, reserved 1048576K
}
Event: 2.668 GC heap after
{Heap after GC invocations=6 (full 0):
 garbage-first heap   total 106496K, used 29916K [0x00000000a0000000, 0x0000000100000000)
  region size 1024K, 15 young (15360K), 15 survivors (15360K)
 Metaspace       used 28321K, committed 29248K, reserved 1114112K
  class space    used 4213K, committed 4672K, reserved 1048576K
}
Event: 3.231 GC heap before
{Heap before GC invocations=6 (full 0):
 garbage-first heap   total 106496K, used 66780K [0x00000000a0000000, 0x0000000100000000)
  region size 1024K, 53 young (54272K), 15 survivors (15360K)
 Metaspace       used 35131K, committed 36096K, reserved 1114112K
  class space    used 5077K, committed 5568K, reserved 1048576K
}
Event: 3.235 GC heap after
{Heap after GC invocations=7 (full 0):
 garbage-first heap   total 106496K, used 32268K [0x00000000a0000000, 0x0000000100000000)
  region size 1024K, 4 young (4096K), 4 survivors (4096K)
 Metaspace       used 35131K, committed 36096K, reserved 1114112K
  class space    used 5077K, committed 5568K, reserved 1048576K
}
Event: 3.269 GC heap before
{Heap before GC invocations=7 (full 0):
 garbage-first heap   total 106496K, used 35340K [0x00000000a0000000, 0x0000000100000000)
  region size 1024K, 8 young (8192K), 4 survivors (4096K)
 Metaspace       used 35431K, committed 36416K, reserved 1114112K
  class space    used 5100K, committed 5568K, reserved 1048576K
}
Event: 3.270 GC heap after
{Heap after GC invocations=8 (full 0):
 garbage-first heap   total 106496K, used 32986K [0x00000000a0000000, 0x0000000100000000)
  region size 1024K, 5 young (5120K), 5 survivors (5120K)
 Metaspace       used 35431K, committed 36416K, reserved 1114112K
  class space    used 5100K, committed 5568K, reserved 1048576K
}
Event: 3.988 GC heap before
{Heap before GC invocations=9 (full 0):
 garbage-first heap   total 106496K, used 80090K [0x00000000a0000000, 0x0000000100000000)
  region size 1024K, 47 young (48128K), 5 survivors (5120K)
 Metaspace       used 38024K, committed 39168K, reserved 1114112K
  class space    used 5364K, committed 5952K, reserved 1048576K
}
Event: 3.990 GC heap after
{Heap after GC invocations=10 (full 0):
 garbage-first heap   total 106496K, used 37226K [0x00000000a0000000, 0x0000000100000000)
  region size 1024K, 6 young (6144K), 6 survivors (6144K)
 Metaspace       used 38024K, committed 39168K, reserved 1114112K
  class space    used 5364K, committed 5952K, reserved 1048576K
}
Event: 4.411 GC heap before
{Heap before GC invocations=10 (full 0):
 garbage-first heap   total 106496K, used 79210K [0x00000000a0000000, 0x0000000100000000)
  region size 1024K, 47 young (48128K), 6 survivors (6144K)
 Metaspace       used 42381K, committed 43840K, reserved 1114112K
  class space    used 6074K, committed 6784K, reserved 1048576K
}
Event: 4.413 GC heap after
{Heap after GC invocations=11 (full 0):
 garbage-first heap   total 106496K, used 40412K [0x00000000a0000000, 0x0000000100000000)
  region size 1024K, 4 young (4096K), 4 survivors (4096K)
 Metaspace       used 42381K, committed 43840K, reserved 1114112K
  class space    used 6074K, committed 6784K, reserved 1048576K
}
Event: 4.838 GC heap before
{Heap before GC invocations=11 (full 0):
 garbage-first heap   total 106496K, used 82396K [0x00000000a0000000, 0x0000000100000000)
  region size 1024K, 45 young (46080K), 4 survivors (4096K)
 Metaspace       used 46164K, committed 47744K, reserved 1114112K
  class space    used 6661K, committed 7424K, reserved 1048576K
}
Event: 4.840 GC heap after
{Heap after GC invocations=12 (full 0):
 garbage-first heap   total 106496K, used 43693K [0x00000000a0000000, 0x0000000100000000)
  region size 1024K, 4 young (4096K), 4 survivors (4096K)
 Metaspace       used 46164K, committed 47744K, reserved 1114112K
  class space    used 6661K, committed 7424K, reserved 1048576K
}
Event: 5.410 GC heap before
{Heap before GC invocations=12 (full 0):
 garbage-first heap   total 106496K, used 86701K [0x00000000a0000000, 0x0000000100000000)
  region size 1024K, 45 young (46080K), 4 survivors (4096K)
 Metaspace       used 50194K, committed 52032K, reserved 1114112K
  class space    used 7236K, committed 8128K, reserved 1048576K
}
Event: 5.413 GC heap after
{Heap after GC invocations=13 (full 0):
 garbage-first heap   total 106496K, used 46440K [0x00000000a0000000, 0x0000000100000000)
  region size 1024K, 3 young (3072K), 3 survivors (3072K)
 Metaspace       used 50194K, committed 52032K, reserved 1114112K
  class space    used 7236K, committed 8128K, reserved 1048576K
}
Event: 7.065 GC heap before
{Heap before GC invocations=13 (full 0):
 garbage-first heap   total 106496K, used 89448K [0x00000000a0000000, 0x0000000100000000)
  region size 1024K, 45 young (46080K), 3 survivors (3072K)
 Metaspace       used 53435K, committed 55232K, reserved 1114112K
  class space    used 7696K, committed 8576K, reserved 1048576K
}
Event: 7.071 GC heap after
{Heap after GC invocations=14 (full 0):
 garbage-first heap   total 106496K, used 51576K [0x00000000a0000000, 0x0000000100000000)
  region size 1024K, 6 young (6144K), 6 survivors (6144K)
 Metaspace       used 53435K, committed 55232K, reserved 1114112K
  class space    used 7696K, committed 8576K, reserved 1048576K
}

Dll operation events (14 events):
Event: 0.005 Loaded shared library C:\Users\LEGION\.antigravity-ide\extensions\redhat.java-1.54.0-win32-x64\jre\21.0.10-win32-x86_64\bin\java.dll
Event: 0.035 Loaded shared library C:\Users\LEGION\.antigravity-ide\extensions\redhat.java-1.54.0-win32-x64\jre\21.0.10-win32-x86_64\bin\zip.dll
Event: 0.046 Loaded shared library C:\Users\LEGION\.antigravity-ide\extensions\redhat.java-1.54.0-win32-x64\jre\21.0.10-win32-x86_64\bin\instrument.dll
Event: 0.049 Loaded shared library C:\Users\LEGION\.antigravity-ide\extensions\redhat.java-1.54.0-win32-x64\jre\21.0.10-win32-x86_64\bin\net.dll
Event: 0.050 Loaded shared library C:\Users\LEGION\.antigravity-ide\extensions\redhat.java-1.54.0-win32-x64\jre\21.0.10-win32-x86_64\bin\nio.dll
Event: 0.052 Loaded shared library C:\Users\LEGION\.antigravity-ide\extensions\redhat.java-1.54.0-win32-x64\jre\21.0.10-win32-x86_64\bin\zip.dll
Event: 0.193 Loaded shared library C:\Users\LEGION\.antigravity-ide\extensions\redhat.java-1.54.0-win32-x64\jre\21.0.10-win32-x86_64\bin\jimage.dll
Event: 0.268 Loaded shared library C:\Users\LEGION\.antigravity-ide\extensions\redhat.java-1.54.0-win32-x64\jre\21.0.10-win32-x86_64\bin\verify.dll
Event: 0.328 Loaded shared library C:\Users\LEGION\.gradle\native\1def1411415f61bf3af743bc5b6707747c0891f09f0c88961ee8f79bc544acac\windows-amd64\native-platform.dll
Event: 0.335 Loaded shared library C:\Users\LEGION\.gradle\native\0.2.7\x86_64-windows-gnu\gradle-fileevents.dll
Event: 0.893 Loaded shared library C:\Users\LEGION\.antigravity-ide\extensions\redhat.java-1.54.0-win32-x64\jre\21.0.10-win32-x86_64\bin\management.dll
Event: 0.894 Loaded shared library C:\Users\LEGION\.antigravity-ide\extensions\redhat.java-1.54.0-win32-x64\jre\21.0.10-win32-x86_64\bin\management_ext.dll
Event: 0.973 Loaded shared library C:\Users\LEGION\.antigravity-ide\extensions\redhat.java-1.54.0-win32-x64\jre\21.0.10-win32-x86_64\bin\extnet.dll
Event: 1.107 Loaded shared library C:\Users\LEGION\.antigravity-ide\extensions\redhat.java-1.54.0-win32-x64\jre\21.0.10-win32-x86_64\bin\sunmscapi.dll

Deoptimization events (20 events):
Event: 7.032 Thread 0x0000026908398bf0 DEOPT PACKING pc=0x00000268b3875ee8 sp=0x000000e0f86f3900
Event: 7.032 Thread 0x0000026908398bf0 DEOPT UNPACKING pc=0x00000268b3114422 sp=0x000000e0f86f3828 mode 2
Event: 7.038 Thread 0x0000026908398bf0 Uncommon trap: trap_request=0xffffff45 fr.pc=0x00000268b38a15a8 relative=0x0000000000000228
Event: 7.038 Thread 0x0000026908398bf0 Uncommon trap: reason=unstable_if action=reinterpret pc=0x00000268b38a15a8 method=org.gradle.internal.snapshot.PathUtil.equalChars(CCLorg/gradle/internal/snapshot/CaseSensitivity;)Z @ 11 c2
Event: 7.038 Thread 0x0000026908398bf0 DEOPT PACKING pc=0x00000268b38a15a8 sp=0x000000e0f86f3520
Event: 7.038 Thread 0x0000026908398bf0 DEOPT UNPACKING pc=0x00000268b3114422 sp=0x000000e0f86f34c0 mode 2
Event: 7.041 Thread 0x0000026908398bf0 Uncommon trap: trap_request=0xffffff45 fr.pc=0x00000268b396522c relative=0x000000000000026c
Event: 7.041 Thread 0x0000026908398bf0 Uncommon trap: reason=unstable_if action=reinterpret pc=0x00000268b396522c method=java.util.concurrent.ConcurrentHashMap.get(Ljava/lang/Object;)Ljava/lang/Object; @ 86 c2
Event: 7.041 Thread 0x0000026908398bf0 DEOPT PACKING pc=0x00000268b396522c sp=0x000000e0f86f5470
Event: 7.041 Thread 0x0000026908398bf0 DEOPT UNPACKING pc=0x00000268b3114422 sp=0x000000e0f86f53e8 mode 2
Event: 7.072 Thread 0x0000026909856ae0 DEOPT PACKING pc=0x00000268abcda04e sp=0x000000e0fd5fd600
Event: 7.072 Thread 0x0000026909856ae0 DEOPT UNPACKING pc=0x00000268b3114bc2 sp=0x000000e0fd5fcb80 mode 0
Event: 7.075 Thread 0x00000269098598d0 DEOPT PACKING pc=0x00000268abd9a5f3 sp=0x000000e0fe0fbc60
Event: 7.075 Thread 0x00000269098598d0 DEOPT UNPACKING pc=0x00000268b3114bc2 sp=0x000000e0fe0fb100 mode 3
Event: 7.085 Thread 0x000002690839a630 DEOPT PACKING pc=0x00000268abee585b sp=0x000000e0f8dfe260
Event: 7.085 Thread 0x000002690839a630 DEOPT UNPACKING pc=0x00000268b3114bc2 sp=0x000000e0f8dfd6e8 mode 0
Event: 7.089 Thread 0x0000026909854a10 Uncommon trap: trap_request=0xffffff45 fr.pc=0x00000268b3bed2b8 relative=0x00000000000013d8
Event: 7.089 Thread 0x0000026909854a10 Uncommon trap: reason=unstable_if action=reinterpret pc=0x00000268b3bed2b8 method=java.util.concurrent.ConcurrentHashMap.computeIfAbsent(Ljava/lang/Object;Ljava/util/function/Function;)Ljava/lang/Object; @ 279 c2
Event: 7.090 Thread 0x0000026909854a10 DEOPT PACKING pc=0x00000268b3bed2b8 sp=0x000000e0fd4fe0d0
Event: 7.090 Thread 0x0000026909854a10 DEOPT UNPACKING pc=0x00000268b3114422 sp=0x000000e0fd4fe058 mode 2

Classes loaded (20 events):
Event: 6.493 Loading class java/util/Collections$ReverseComparator2
Event: 6.493 Loading class java/util/Collections$ReverseComparator2 done
Event: 6.979 Loading class java/util/stream/DistinctOps
Event: 6.979 Loading class java/util/stream/DistinctOps done
Event: 6.980 Loading class java/util/stream/DistinctOps$1
Event: 6.980 Loading class java/util/stream/ReferencePipeline$StatefulOp
Event: 6.980 Loading class java/util/stream/ReferencePipeline$StatefulOp done
Event: 6.980 Loading class java/util/stream/DistinctOps$1 done
Event: 6.981 Loading class java/util/stream/DistinctOps$1$2
Event: 6.981 Loading class java/util/stream/DistinctOps$1$2 done
Event: 6.998 Loading class sun/reflect/ReflectionFactory
Event: 6.999 Loading class sun/reflect/ReflectionFactory done
Event: 6.999 Loading class sun/reflect/ReflectionFactory$1
Event: 6.999 Loading class sun/reflect/ReflectionFactory$1 done
Event: 7.072 Loading class java/nio/channels/Channels
Event: 7.072 Loading class java/nio/channels/Channels done
Event: 7.072 Loading class sun/nio/ch/Streams
Event: 7.072 Loading class sun/nio/ch/Streams done
Event: 7.072 Loading class sun/nio/ch/ChannelInputStream
Event: 7.073 Loading class sun/nio/ch/ChannelInputStream done

Classes unloaded (0 events):
No events

Classes redefined (0 events):
No events

Internal exceptions (20 events):
Event: 5.246 Thread 0x0000026908398bf0 Exception <a 'java/lang/NoSuchMethodError'{0x00000000a45dbfb0}: 'java.lang.Object java.lang.invoke.DirectMethodHandle$Holder.newInvokeSpecial(java.lang.Object, java.lang.Object, java.lang.Object, java.lang.Object, java.lang.Object, java.lang.Object, java.lang.Object, java.lang.Object, java.lang.Object, java.lang.Object, java.lang.Object, java.lang.Object, java.lang.Object, java.lang.Object, java.lang.Object, java.lang.Object, java.lang.Object, java.lang.Object, java.lang.Object, java.lang.Object, java.lang
Event: 5.246 Thread 0x0000026908398bf0 Exception <a 'java/lang/NoSuchMethodError'{0x00000000a45e3df0}: 'java.lang.Object java.lang.invoke.DirectMethodHandle$Holder.invokeSpecial(java.lang.Object, java.lang.Object, java.lang.Object, java.lang.Object, java.lang.Object, java.lang.Object, java.lang.Object, java.lang.Object, java.lang.Object, java.lang.Object, java.lang.Object, java.lang.Object, java.lang.Object, java.lang.Object, java.lang.Object, java.lang.Object, java.lang.Object, java.lang.Object, java.lang.Object, java.lang.Object, java.lang.Ob
Event: 5.246 Thread 0x0000026908398bf0 Exception <a 'java/lang/NoSuchMethodError'{0x00000000a45ea630}: 'java.lang.Object java.lang.invoke.DelegatingMethodHandle$Holder.reinvoke_L(java.lang.Object, java.lang.Object, java.lang.Object, java.lang.Object, java.lang.Object, java.lang.Object, java.lang.Object, java.lang.Object, java.lang.Object, java.lang.Object, java.lang.Object, java.lang.Object, java.lang.Object, java.lang.Object, java.lang.Object, java.lang.Object, java.lang.Object, java.lang.Object, java.lang.Object, java.lang.Object, java.lang.O
Event: 5.282 Thread 0x0000026908398bf0 Exception <a 'java/lang/ClassNotFoundException'{0x00000000a42cac10}: org/gradle/api/internal/artifacts/dsl/dependencies/DefaultDependencyHandler_DecoratedBeanInfo> (0x00000000a42cac10) 
thrown [s\src\hotspot\share\classfile\systemDictionary.cpp, line 312]
Event: 5.283 Thread 0x0000026908398bf0 Exception <a 'java/lang/ClassNotFoundException'{0x00000000a42e0d30}: org/gradle/api/internal/artifacts/dsl/dependencies/DefaultDependencyHandlerBeanInfo> (0x00000000a42e0d30) 
thrown [s\src\hotspot\share\classfile\systemDictionary.cpp, line 312]
Event: 5.283 Thread 0x0000026908398bf0 Exception <a 'java/lang/ClassNotFoundException'{0x00000000a42f6e10}: org/gradle/api/internal/artifacts/dsl/dependencies/DefaultDependencyHandlerCustomizer> (0x00000000a42f6e10) 
thrown [s\src\hotspot\share\classfile\systemDictionary.cpp, line 312]
Event: 5.286 Thread 0x0000026908398bf0 Exception <a 'java/lang/ClassNotFoundException'{0x00000000a41505f8}: org/gradle/api/internal/artifacts/dsl/dependencies/DefaultDependencyHandler_DecoratedCustomizer> (0x00000000a41505f8) 
thrown [s\src\hotspot\share\classfile\systemDictionary.cpp, line 312]
Event: 5.325 Thread 0x0000026908398bf0 Exception <a 'java/lang/NoSuchMethodError'{0x00000000a3f72930}: 'java.lang.Object java.lang.invoke.DirectMethodHandle$Holder.newInvokeSpecial(java.lang.Object, int, java.lang.Object)'> (0x00000000a3f72930) 
thrown [s\src\hotspot\share\interpreter\linkResolver.cpp, line 773]
Event: 5.499 Thread 0x0000026908398bf0 Exception <a 'java/lang/NoSuchMethodError'{0x00000000ab5b1ac8}: 'java.lang.Object java.lang.invoke.DirectMethodHandle$Holder.invokeSpecial(java.lang.Object, java.lang.Object, long, java.lang.Object, java.lang.Object)'> (0x00000000ab5b1ac8) 
thrown [s\src\hotspot\share\interpreter\linkResolver.cpp, line 773]
Event: 5.511 Thread 0x0000026908398bf0 Exception <a 'java/lang/NoSuchMethodError'{0x00000000ab48d088}: 'java.lang.Object java.lang.invoke.DirectMethodHandle$Holder.newInvokeSpecial(java.lang.Object, java.lang.Object, java.lang.Object, int, java.lang.Object)'> (0x00000000ab48d088) 
thrown [s\src\hotspot\share\interpreter\linkResolver.cpp, line 773]
Event: 5.511 Thread 0x0000026908398bf0 Exception <a 'java/lang/NoSuchMethodError'{0x00000000ab4917c0}: 'java.lang.Object java.lang.invoke.Invokers$Holder.linkToTargetMethod(java.lang.Object, java.lang.Object, int, java.lang.Object, java.lang.Object)'> (0x00000000ab4917c0) 
thrown [s\src\hotspot\share\interpreter\linkResolver.cpp, line 773]
Event: 5.597 Thread 0x0000026908398bf0 Exception <a 'java/lang/NoSuchMethodError'{0x00000000aa5bf668}: 'int java.lang.invoke.DirectMethodHandle$Holder.invokeSpecialIFC(java.lang.Object, java.lang.Object, java.lang.Object)'> (0x00000000aa5bf668) 
thrown [s\src\hotspot\share\interpreter\linkResolver.cpp, line 773]
Event: 6.865 Thread 0x0000026908398bf0 Exception <a 'java/lang/NoSuchMethodError'{0x00000000a4cf54b0}: 'java.lang.Object java.lang.invoke.DirectMethodHandle$Holder.newInvokeSpecial(java.lang.Object, java.lang.Object, long, java.lang.Object)'> (0x00000000a4cf54b0) 
thrown [s\src\hotspot\share\interpreter\linkResolver.cpp, line 773]
Event: 6.866 Thread 0x0000026908398bf0 Exception <a 'java/lang/NoSuchMethodError'{0x00000000a4cfa1d0}: 'java.lang.Object java.lang.invoke.DirectMethodHandle$Holder.invokeSpecial(java.lang.Object, java.lang.Object, java.lang.Object, long, java.lang.Object)'> (0x00000000a4cfa1d0) 
thrown [s\src\hotspot\share\interpreter\linkResolver.cpp, line 773]
Event: 6.866 Thread 0x0000026908398bf0 Exception <a 'java/lang/NoSuchMethodError'{0x00000000a4cfe870}: 'java.lang.Object java.lang.invoke.Invokers$Holder.linkToTargetMethod(java.lang.Object, long, java.lang.Object, java.lang.Object)'> (0x00000000a4cfe870) 
thrown [s\src\hotspot\share\interpreter\linkResolver.cpp, line 773]
Event: 6.868 Thread 0x0000026908398bf0 Exception <a 'java/lang/NoSuchMethodError'{0x00000000a4b270d8}: 'void java.lang.invoke.DirectMethodHandle$Holder.invokeStatic(java.lang.Object, java.lang.Object, java.lang.Object, int, java.lang.Object)'> (0x00000000a4b270d8) 
thrown [s\src\hotspot\share\interpreter\linkResolver.cpp, line 773]
Event: 6.888 Thread 0x0000026908398bf0 Exception <a 'java/lang/NoSuchMethodError'{0x00000000a4a63c30}: 'int java.lang.invoke.DirectMethodHandle$Holder.invokeInterface(java.lang.Object, java.lang.Object, java.lang.Object, java.lang.Object, java.lang.Object)'> (0x00000000a4a63c30) 
thrown [s\src\hotspot\share\interpreter\linkResolver.cpp, line 773]
Event: 6.919 Thread 0x0000026908af3df0 Implicit null exception at 0x00000268b3c1309d to 0x00000268b3c13304
Event: 7.002 Thread 0x0000026908398bf0 Exception <a 'java/lang/NoSuchMethodError'{0x00000000a40754f8}: 'java.lang.Object java.lang.invoke.DirectMethodHandle$Holder.newInvokeSpecial(java.lang.Object, java.lang.Object, java.lang.Object, java.lang.Object, int, java.lang.Object)'> (0x00000000a40754f8) 
thrown [s\src\hotspot\share\interpreter\linkResolver.cpp, line 773]
Event: 7.002 Thread 0x0000026908398bf0 Exception <a 'java/lang/NoSuchMethodError'{0x00000000a407dd98}: 'java.lang.Object java.lang.invoke.Invokers$Holder.linkToTargetMethod(java.lang.Object, java.lang.Object, java.lang.Object, int, java.lang.Object, java.lang.Object)'> (0x00000000a407dd98) 
thrown [s\src\hotspot\share\interpreter\linkResolver.cpp, line 773]

ZGC Phase Switch (0 events):
No events

VM Operations (20 events):
Event: 5.473 Executing non-safepoint VM operation: HandshakeAllThreads (Deoptimize)
Event: 5.473 Executing non-safepoint VM operation: HandshakeAllThreads (Deoptimize) done
Event: 5.476 Executing non-safepoint VM operation: HandshakeAllThreads (Deoptimize)
Event: 5.476 Executing non-safepoint VM operation: HandshakeAllThreads (Deoptimize) done
Event: 5.613 Executing non-safepoint VM operation: HandshakeAllThreads (Deoptimize)
Event: 5.613 Executing non-safepoint VM operation: HandshakeAllThreads (Deoptimize) done
Event: 6.305 Executing safepoint VM operation: ICBufferFull
Event: 6.305 Executing safepoint VM operation: ICBufferFull done
Event: 6.745 Executing non-safepoint VM operation: HandshakeAllThreads (Deoptimize)
Event: 6.745 Executing non-safepoint VM operation: HandshakeAllThreads (Deoptimize) done
Event: 6.884 Executing non-safepoint VM operation: HandshakeAllThreads (Deoptimize)
Event: 6.884 Executing non-safepoint VM operation: HandshakeAllThreads (Deoptimize) done
Event: 6.968 Executing safepoint VM operation: ICBufferFull
Event: 6.968 Executing safepoint VM operation: ICBufferFull done
Event: 6.981 Executing non-safepoint VM operation: HandshakeAllThreads (Deoptimize)
Event: 6.981 Executing non-safepoint VM operation: HandshakeAllThreads (Deoptimize) done
Event: 7.000 Executing non-safepoint VM operation: HandshakeAllThreads (Deoptimize)
Event: 7.001 Executing non-safepoint VM operation: HandshakeAllThreads (Deoptimize) done
Event: 7.065 Executing safepoint VM operation: G1CollectForAllocation (G1 Evacuation Pause)
Event: 7.071 Executing safepoint VM operation: G1CollectForAllocation (G1 Evacuation Pause) done

Memory protections (0 events):
No events

Nmethod flushes (20 events):
Event: 3.276 Thread 0x00000268c1094c30 flushing  nmethod 0x00000268abef4d10
Event: 3.276 Thread 0x00000268c1094c30 flushing  nmethod 0x00000268abf87410
Event: 3.276 Thread 0x00000268c1094c30 flushing  nmethod 0x00000268abf89f90
Event: 3.276 Thread 0x00000268c1094c30 flushing  nmethod 0x00000268abdb9f10
Event: 3.276 Thread 0x00000268c1094c30 flushing  nmethod 0x00000268abdbda90
Event: 3.276 Thread 0x00000268c1094c30 flushing  nmethod 0x00000268abdfcc10
Event: 3.276 Thread 0x00000268c1094c30 flushing  nmethod 0x00000268abdfe210
Event: 3.276 Thread 0x00000268c1094c30 flushing  nmethod 0x00000268abdfed90
Event: 3.276 Thread 0x00000268c1094c30 flushing  nmethod 0x00000268abdffa10
Event: 3.276 Thread 0x00000268c1094c30 flushing  nmethod 0x00000268abe00e90
Event: 3.276 Thread 0x00000268c1094c30 flushing  nmethod 0x00000268abe0a310
Event: 3.276 Thread 0x00000268c1094c30 flushing  nmethod 0x00000268abe82690
Event: 3.276 Thread 0x00000268c1094c30 flushing  nmethod 0x00000268abecd790
Event: 3.277 Thread 0x00000268c1094c30 flushing  nmethod 0x00000268abecf090
Event: 3.277 Thread 0x00000268c1094c30 flushing  nmethod 0x00000268abed2b10
Event: 3.277 Thread 0x00000268c1094c30 flushing  nmethod 0x00000268abed3610
Event: 3.277 Thread 0x00000268c1094c30 flushing  nmethod 0x00000268abef5590
Event: 3.277 Thread 0x00000268c1094c30 flushing  nmethod 0x00000268abf25210
Event: 3.277 Thread 0x00000268c1094c30 flushing  nmethod 0x00000268abf26f90
Event: 3.277 Thread 0x00000268c1094c30 flushing  nmethod 0x00000268abf6dc10

Events (20 events):
Event: 7.044 Thread 0x0000026908398bf0 Thread added: 0x0000026909855dc0
Event: 7.046 Thread 0x0000026908398bf0 Thread added: 0x0000026909856450
Event: 7.047 Thread 0x0000026908398bf0 Thread added: 0x0000026909857170
Event: 7.049 Thread 0x0000026908398bf0 Thread added: 0x0000026909853cf0
Event: 7.050 Thread 0x0000026908398bf0 Thread added: 0x0000026909857800
Event: 7.052 Thread 0x0000026908398bf0 Thread added: 0x0000026909854380
Event: 7.054 Thread 0x0000026908398bf0 Thread added: 0x0000026909858520
Event: 7.056 Thread 0x0000026908398bf0 Thread added: 0x0000026909858bb0
Event: 7.057 Thread 0x0000026908398bf0 Thread added: 0x0000026909859f60
Event: 7.060 Thread 0x0000026908398bf0 Thread added: 0x00000269098598d0
Event: 7.063 Thread 0x0000026908398bf0 Thread added: 0x0000026909859240
Event: 7.074 Thread 0x0000026908398bf0 Thread added: 0x000002690985a5f0
Event: 7.076 Thread 0x0000026908398bf0 Thread added: 0x000002690985ac80
Event: 7.077 Thread 0x0000026908398bf0 Thread added: 0x0000026909857e90
Event: 7.079 Thread 0x00000268c136e0e0 Thread added: 0x00000268c136c5a0
Event: 7.079 Thread 0x0000026908398bf0 Thread added: 0x000002690cb905d0
Event: 7.081 Thread 0x0000026908398bf0 Thread added: 0x000002690cb90c60
Event: 7.084 Thread 0x0000026908398bf0 Thread added: 0x000002690cb912f0
Event: 7.089 Thread 0x0000026908398bf0 Thread added: 0x000002690cb8f220
Event: 7.092 Thread 0x0000026908398bf0 Thread added: 0x000002690cb91980


Dynamic libraries:
0x00007ff71bab0000 - 0x00007ff71babe000 	C:\Users\LEGION\.antigravity-ide\extensions\redhat.java-1.54.0-win32-x64\jre\21.0.10-win32-x86_64\bin\java.exe
0x00007ffef5d60000 - 0x00007ffef5fc7000 	C:\Windows\SYSTEM32\ntdll.dll
0x00007ffef4f20000 - 0x00007ffef4fe9000 	C:\Windows\System32\KERNEL32.DLL
0x00007ffef2950000 - 0x00007ffef2d47000 	C:\Windows\System32\KERNELBASE.dll
0x00007ffef2e30000 - 0x00007ffef2f7b000 	C:\Windows\System32\ucrtbase.dll
0x00007ffed7a60000 - 0x00007ffed7a78000 	C:\Users\LEGION\.antigravity-ide\extensions\redhat.java-1.54.0-win32-x64\jre\21.0.10-win32-x86_64\bin\jli.dll
0x00007ffeda270000 - 0x00007ffeda28e000 	C:\Users\LEGION\.antigravity-ide\extensions\redhat.java-1.54.0-win32-x64\jre\21.0.10-win32-x86_64\bin\VCRUNTIME140.dll
0x00007ffef5440000 - 0x00007ffef5606000 	C:\Windows\System32\USER32.dll
0x00007ffef2d50000 - 0x00007ffef2d77000 	C:\Windows\System32\win32u.dll
0x00007ffedad30000 - 0x00007ffedafc2000 	C:\Windows\WinSxS\amd64_microsoft.windows.common-controls_6595b64144ccf1df_6.0.26100.8457_none_3e0b2faee331e92d\COMCTL32.dll
0x00007ffef5410000 - 0x00007ffef543b000 	C:\Windows\System32\GDI32.dll
0x00007ffef4500000 - 0x00007ffef45a9000 	C:\Windows\System32\msvcrt.dll
0x00007ffef2790000 - 0x00007ffef28bc000 	C:\Windows\System32\gdi32full.dll
0x00007ffef3a30000 - 0x00007ffef3ad3000 	C:\Windows\System32\msvcp_win.dll
0x00007ffef4af0000 - 0x00007ffef4b22000 	C:\Windows\System32\IMM32.DLL
0x00007ffeeb1f0000 - 0x00007ffeeb1fc000 	C:\Users\LEGION\.antigravity-ide\extensions\redhat.java-1.54.0-win32-x64\jre\21.0.10-win32-x86_64\bin\vcruntime140_1.dll
0x00007ffeab890000 - 0x00007ffeab91d000 	C:\Users\LEGION\.antigravity-ide\extensions\redhat.java-1.54.0-win32-x64\jre\21.0.10-win32-x86_64\bin\msvcp140.dll
0x00007ffe20170000 - 0x00007ffe20f11000 	C:\Users\LEGION\.antigravity-ide\extensions\redhat.java-1.54.0-win32-x64\jre\21.0.10-win32-x86_64\bin\server\jvm.dll
0x00007ffef5690000 - 0x00007ffef5746000 	C:\Windows\System32\ADVAPI32.dll
0x00007ffef45b0000 - 0x00007ffef4657000 	C:\Windows\System32\sechost.dll
0x00007ffef4ff0000 - 0x00007ffef5108000 	C:\Windows\System32\RPCRT4.dll
0x00007ffef5bc0000 - 0x00007ffef5c40000 	C:\Windows\System32\WS2_32.dll
0x00007ffef1360000 - 0x00007ffef13be000 	C:\Windows\SYSTEM32\POWRPROF.dll
0x00007ffee9ae0000 - 0x00007ffee9aeb000 	C:\Windows\SYSTEM32\VERSION.dll
0x00007ffeefbd0000 - 0x00007ffeefc06000 	C:\Windows\SYSTEM32\WINMM.dll
0x00007ffef1340000 - 0x00007ffef1354000 	C:\Windows\SYSTEM32\UMPDC.dll
0x00007ffef1620000 - 0x00007ffef163b000 	C:\Windows\SYSTEM32\kernel.appcore.dll
0x00007ffeeaec0000 - 0x00007ffeeaeca000 	C:\Users\LEGION\.antigravity-ide\extensions\redhat.java-1.54.0-win32-x64\jre\21.0.10-win32-x86_64\bin\jimage.dll
0x00007ffef0080000 - 0x00007ffef02c2000 	C:\Windows\SYSTEM32\DBGHELP.DLL
0x00007ffef5750000 - 0x00007ffef5ad3000 	C:\Windows\System32\combase.dll
0x00007ffef5ae0000 - 0x00007ffef5bb9000 	C:\Windows\System32\OLEAUT32.dll
0x00007ffec5250000 - 0x00007ffec528b000 	C:\Windows\SYSTEM32\dbgcore.DLL
0x00007ffef2d80000 - 0x00007ffef2e28000 	C:\Windows\System32\bcryptPrimitives.dll
0x00007ffee9eb0000 - 0x00007ffee9ebf000 	C:\Users\LEGION\.antigravity-ide\extensions\redhat.java-1.54.0-win32-x64\jre\21.0.10-win32-x86_64\bin\instrument.dll
0x00007ffee2700000 - 0x00007ffee2720000 	C:\Users\LEGION\.antigravity-ide\extensions\redhat.java-1.54.0-win32-x64\jre\21.0.10-win32-x86_64\bin\java.dll
0x00007ffef3b70000 - 0x00007ffef42de000 	C:\Windows\System32\SHELL32.dll
0x00007ffef31c0000 - 0x00007ffef3a2c000 	C:\Windows\System32\windows.storage.dll
0x00007ffef5310000 - 0x00007ffef5406000 	C:\Windows\System32\SHCORE.dll
0x00007ffef5c50000 - 0x00007ffef5cb6000 	C:\Windows\System32\shlwapi.dll
0x00007ffef26b0000 - 0x00007ffef26d9000 	C:\Windows\SYSTEM32\profapi.dll
0x00007ffed2c40000 - 0x00007ffed2c58000 	C:\Users\LEGION\.antigravity-ide\extensions\redhat.java-1.54.0-win32-x64\jre\21.0.10-win32-x86_64\bin\zip.dll
0x00007ffee90c0000 - 0x00007ffee90d0000 	C:\Users\LEGION\.antigravity-ide\extensions\redhat.java-1.54.0-win32-x64\jre\21.0.10-win32-x86_64\bin\net.dll
0x00007ffeeb940000 - 0x00007ffeeba69000 	C:\Windows\SYSTEM32\WINHTTP.dll
0x00007ffef1bb0000 - 0x00007ffef1c1c000 	C:\Windows\system32\mswsock.dll
0x00007ffecc130000 - 0x00007ffecc146000 	C:\Users\LEGION\.antigravity-ide\extensions\redhat.java-1.54.0-win32-x64\jre\21.0.10-win32-x86_64\bin\nio.dll
0x00007ffee9000000 - 0x00007ffee9010000 	C:\Users\LEGION\.antigravity-ide\extensions\redhat.java-1.54.0-win32-x64\jre\21.0.10-win32-x86_64\bin\verify.dll
0x00007ffeca0f0000 - 0x00007ffeca117000 	C:\Users\LEGION\.gradle\native\1def1411415f61bf3af743bc5b6707747c0891f09f0c88961ee8f79bc544acac\windows-amd64\native-platform.dll
0x00007ffe0a850000 - 0x00007ffe0a8c8000 	C:\Users\LEGION\.gradle\native\0.2.7\x86_64-windows-gnu\gradle-fileevents.dll
0x00007ffee9ea0000 - 0x00007ffee9eaa000 	C:\Users\LEGION\.antigravity-ide\extensions\redhat.java-1.54.0-win32-x64\jre\21.0.10-win32-x86_64\bin\management.dll
0x00007ffee9e90000 - 0x00007ffee9e9c000 	C:\Users\LEGION\.antigravity-ide\extensions\redhat.java-1.54.0-win32-x64\jre\21.0.10-win32-x86_64\bin\management_ext.dll
0x00007ffef3ae0000 - 0x00007ffef3ae8000 	C:\Windows\System32\PSAPI.DLL
0x00007ffef0f70000 - 0x00007ffef0fa2000 	C:\Windows\SYSTEM32\IPHLPAPI.DLL
0x00007ffef5180000 - 0x00007ffef518a000 	C:\Windows\System32\NSI.dll
0x00007ffee58c0000 - 0x00007ffee58c9000 	C:\Users\LEGION\.antigravity-ide\extensions\redhat.java-1.54.0-win32-x64\jre\21.0.10-win32-x86_64\bin\extnet.dll
0x00007ffef1ea0000 - 0x00007ffef1ebb000 	C:\Windows\SYSTEM32\CRYPTSP.dll
0x00007ffef1580000 - 0x00007ffef15b9000 	C:\Windows\system32\rsaenh.dll
0x00007ffef1c60000 - 0x00007ffef1c93000 	C:\Windows\SYSTEM32\USERENV.dll
0x00007ffef2680000 - 0x00007ffef26aa000 	C:\Windows\SYSTEM32\bcrypt.dll
0x00007ffef1e90000 - 0x00007ffef1e9c000 	C:\Windows\SYSTEM32\CRYPTBASE.dll
0x00007ffee8fd0000 - 0x00007ffee8fde000 	C:\Users\LEGION\.antigravity-ide\extensions\redhat.java-1.54.0-win32-x64\jre\21.0.10-win32-x86_64\bin\sunmscapi.dll
0x00007ffef3040000 - 0x00007ffef31b8000 	C:\Windows\System32\CRYPT32.dll
0x00007ffef20b0000 - 0x00007ffef20e0000 	C:\Windows\SYSTEM32\ncrypt.dll
0x00007ffef2060000 - 0x00007ffef209f000 	C:\Windows\SYSTEM32\NTASN1.dll
0x00007ffea32c0000 - 0x00007ffea32c8000 	C:\Windows\system32\wshunix.dll

JVMTI agents:
C:\Users\LEGION\.gradle\wrapper\dists\gradle-8.14.3-all\10utluxaxniiv4wxiphsi49nj\gradle-8.14.3\lib\agents\gradle-instrumentation-agent-8.14.3.jar path:C:\Users\LEGION\.antigravity-ide\extensions\redhat.java-1.54.0-win32-x64\jre\21.0.10-win32-x86_64\bin\instrument.dll, loaded, initialized, instrumentlib options:none

dbghelp: loaded successfully - version: 4.0.5 - missing functions: none
symbol engine: initialized successfully - sym options: 0x614 - pdb path: .;C:\Users\LEGION\.antigravity-ide\extensions\redhat.java-1.54.0-win32-x64\jre\21.0.10-win32-x86_64\bin;C:\Windows\SYSTEM32;C:\Windows\WinSxS\amd64_microsoft.windows.common-controls_6595b64144ccf1df_6.0.26100.8457_none_3e0b2faee331e92d;C:\Users\LEGION\.antigravity-ide\extensions\redhat.java-1.54.0-win32-x64\jre\21.0.10-win32-x86_64\bin\server;C:\Users\LEGION\.gradle\native\1def1411415f61bf3af743bc5b6707747c0891f09f0c88961ee8f79bc544acac\windows-amd64;C:\Users\LEGION\.gradle\native\0.2.7\x86_64-windows-gnu

VM Arguments:
jvm_args: --add-opens=java.base/java.lang=ALL-UNNAMED --add-opens=java.base/java.lang.invoke=ALL-UNNAMED --add-opens=java.base/java.util=ALL-UNNAMED --add-opens=java.prefs/java.util.prefs=ALL-UNNAMED --add-exports=jdk.compiler/com.sun.tools.javac.api=ALL-UNNAMED --add-exports=jdk.compiler/com.sun.tools.javac.util=ALL-UNNAMED --add-opens=java.base/java.util=ALL-UNNAMED --add-opens=java.prefs/java.util.prefs=ALL-UNNAMED --add-opens=java.base/java.nio.charset=ALL-UNNAMED --add-opens=java.base/java.net=ALL-UNNAMED --add-opens=java.base/java.util.concurrent.atomic=ALL-UNNAMED --add-opens=java.xml/javax.xml.namespace=ALL-UNNAMED -Xmx1536m -Dfile.encoding=UTF-8 -Duser.country=US -Duser.language=en -Duser.variant -javaagent:C:\Users\LEGION\.gradle\wrapper\dists\gradle-8.14.3-all\10utluxaxniiv4wxiphsi49nj\gradle-8.14.3\lib\agents\gradle-instrumentation-agent-8.14.3.jar 
java_command: org.gradle.launcher.daemon.bootstrap.GradleDaemon 8.14.3
java_class_path (initial): C:\Users\LEGION\.gradle\wrapper\dists\gradle-8.14.3-all\10utluxaxniiv4wxiphsi49nj\gradle-8.14.3\lib\gradle-daemon-main-8.14.3.jar
Launcher Type: SUN_STANDARD

[Global flags]
     intx CICompilerCount                          = 12                                        {product} {ergonomic}
     uint ConcGCThreads                            = 5                                         {product} {ergonomic}
     uint G1ConcRefinementThreads                  = 20                                        {product} {ergonomic}
   size_t G1HeapRegionSize                         = 1048576                                   {product} {ergonomic}
    uintx GCDrainStackTargetSize                   = 64                                        {product} {ergonomic}
   size_t InitialHeapSize                          = 264241152                                 {product} {ergonomic}
   size_t MarkStackSize                            = 4194304                                   {product} {ergonomic}
   size_t MaxHeapSize                              = 1610612736                                {product} {command line}
   size_t MaxNewSize                               = 965738496                                 {product} {ergonomic}
   size_t MinHeapDeltaBytes                        = 1048576                                   {product} {ergonomic}
   size_t MinHeapSize                              = 8388608                                   {product} {ergonomic}
    uintx NonNMethodCodeHeapSize                   = 7602480                                {pd product} {ergonomic}
    uintx NonProfiledCodeHeapSize                  = 122027880                              {pd product} {ergonomic}
    uintx ProfiledCodeHeapSize                     = 122027880                              {pd product} {ergonomic}
    uintx ReservedCodeCacheSize                    = 251658240                              {pd product} {ergonomic}
     bool SegmentedCodeCache                       = true                                      {product} {ergonomic}
   size_t SoftMaxHeapSize                          = 1610612736                             {manageable} {ergonomic}
     bool UseCompressedOops                        = true                           {product lp64_product} {ergonomic}
     bool UseG1GC                                  = true                                      {product} {ergonomic}
     bool UseLargePagesIndividualAllocation        = false                                  {pd product} {ergonomic}

Logging:
Log output configuration:
 #0: stdout all=warning uptime,level,tags foldmultilines=false
 #1: stderr all=off uptime,level,tags foldmultilines=false

Release file:
JAVA_VERSION="21.0.10" 
MODULES="java.base java.compiler java.datatransfer java.xml java.prefs java.desktop java.instrument java.logging java.management java.security.sasl java.naming java.rmi java.management.rmi java.net.http java.scripting java.security.jgss java.transaction.xa java.sql java.sql.rowset java.xml.crypto java.se java.smartcardio jdk.accessibility jdk.internal.jvmstat jdk.attach jdk.charsets jdk.internal.opt jdk.zipfs jdk.compiler jdk.crypto.ec jdk.crypto.cryptoki jdk.crypto.mscapi jdk.dynalink jdk.internal.ed jdk.editpad jdk.hotspot.agent jdk.httpserver jdk.internal.le jdk.internal.vm.ci jdk.internal.vm.compiler jdk.internal.vm.compiler.management jdk.jartool jdk.javadoc jdk.jcmd jdk.management jdk.management.agent jdk.jconsole jdk.jdeps jdk.jdwp.agent jdk.jdi jdk.jfr jdk.jshell jdk.jsobject jdk.jstatd jdk.localedata jdk.management.jfr jdk.naming.dns jdk.naming.rmi jdk.net jdk.nio.mapmode jdk.random jdk.sctp jdk.security.auth jdk.security.jgss jdk.unsupported jdk.unsupported.desktop jdk.xml.dom" 

Environment Variables:
PATH=C:\Program Files\Common Files\Oracle\Java\javapath;C:\Windows\system32;C:\Windows;C:\Windows\System32\Wbem;C:\Windows\System32\WindowsPowerShell\v1.0\;C:\Windows\System32\OpenSSH\;C:\Program Files\NVIDIA Corporation\NVIDIA app\NvDLISR;C:\Program Files (x86)\NVIDIA Corporation\PhysX\Common;C:\laragon\bin\php\php-8.3.30-nts-Win32-vs16-x64;C:\ProgramData\ComposerSetup\bin;C:\Program Files\dotnet\;C:\Program Files\nodejs\;C:\Program Files\Cloudflare\Cloudflare WARP\;C:\Program Files\Git\cmd;C:\Users\LEGION\.local\bin;C:\Users\LEGION\AppData\Local\Microsoft\WindowsApps;C:\Users\LEGION\AppData\Roaming\Composer\vendor\bin;C:\Users\LEGION\AppData\Local\Programs\Microsoft VS Code\bin;C:\Users\LEGION\AppData\Local\Programs\Antigravity\bin;C:\Users\LEGION\AppData\Roaming\npm;C:\Users\LEGION\AppData\Local\Microsoft\WinGet\Packages\GitHub.cli_Microsoft.Winget.Source_8wekyb3d8bbwe\bin;C:\Users\LEGION\AppData\Local\Programs\Antigravity IDE\bin
USERNAME=LEGION
OS=Windows_NT
PROCESSOR_IDENTIFIER=Intel64 Family 6 Model 183 Stepping 1, GenuineIntel
TMP=C:\Users\LEGION\AppData\Local\Temp
TEMP=C:\Users\LEGION\AppData\Local\Temp




Periodic native trim disabled

---------------  S Y S T E M  ---------------

OS:
 Windows 11 , 64 bit Build 26100 (10.0.26100.8328)
OS uptime: 2 days 10:22 hours
Hyper-V role detected

CPU: total 28 (initial active 28) (14 cores per cpu, 2 threads per core) family 6 model 183 stepping 1 microcode 0x123, cx8, cmov, fxsr, ht, mmx, 3dnowpref, sse, sse2, sse3, ssse3, sse4.1, sse4.2, popcnt, lzcnt, tsc, tscinvbit, avx, avx2, aes, erms, clmul, bmi1, bmi2, adx, sha, fma, vzeroupper, clflush, clflushopt, clwb, hv, serialize, rdtscp, rdpid, fsrm, f16c, cet_ibt, cet_ss
Processor Information for the first 28 processors :
  Max Mhz: 2100, Current Mhz: 2100, Mhz Limit: 2100

Memory: 4k page, system-wide physical 16107M (808M free)
TotalPageFile size 38483M (AvailPageFile size 3M)
current process WorkingSet (physical memory assigned to process): 319M, peak: 319M
current process commit charge ("private bytes"): 382M, peak: 466M

vm_info: OpenJDK 64-Bit Server VM (21.0.10+7-LTS) for windows-amd64 JRE (21.0.10+7-LTS), built on 2026-01-20T00:00:00Z by "admin" with MS VC++ 17.12 (VS2022)

END.
