#
# There is insufficient memory for the Java Runtime Environment to continue.
# Native memory allocation (mmap) failed to map 207618048 bytes. Error detail: G1 virtual space
# Possible reasons:
#   The system is out of physical RAM or swap space
#   This process is running with CompressedOops enabled, and the Java Heap may be blocking the growth of the native heap
# Possible solutions:
#   Reduce memory load on the system
#   Increase physical memory or swap space
#   Check if swap backing store is full
#   Decrease Java heap size (-Xmx/-Xms)
#   Decrease number of Java threads
#   Decrease Java thread stack sizes (-Xss)
#   Set larger code cache with -XX:ReservedCodeCacheSize=
#   JVM is running with Unscaled Compressed Oops mode in which the Java heap is
#     placed in the first 4GB address space. The Java Heap base address is the
#     maximum limit for the native heap growth. Please use -XX:HeapBaseMinAddress
#     to set the Java Heap base and to place the Java Heap above 4GB virtual address.
# This output file may be truncated or incomplete.
#
#  Out of Memory Error (os_windows.cpp:3583), pid=20612, tid=16548
#
# JRE version: Java(TM) SE Runtime Environment (26.0.1+8) (build 26.0.1+8-34)
# Java VM: Java HotSpot(TM) 64-Bit Server VM (26.0.1+8-34, mixed mode, sharing, tiered, compressed oops, compressed class ptrs, g1 gc, windows-amd64)
# No core dump will be written. Minidumps are not enabled by default on client versions of Windows
#

---------------  S U M M A R Y ------------

Command Line: --add-opens=java.base/java.lang=ALL-UNNAMED --add-opens=java.base/java.lang.invoke=ALL-UNNAMED --add-opens=java.base/java.util=ALL-UNNAMED --add-opens=java.prefs/java.util.prefs=ALL-UNNAMED --add-exports=jdk.compiler/com.sun.tools.javac.api=ALL-UNNAMED --add-exports=jdk.compiler/com.sun.tools.javac.util=ALL-UNNAMED --add-opens=java.base/java.util=ALL-UNNAMED --add-opens=java.prefs/java.util.prefs=ALL-UNNAMED --add-opens=java.base/java.nio.charset=ALL-UNNAMED --add-opens=java.base/java.net=ALL-UNNAMED --add-opens=java.base/java.util.concurrent.atomic=ALL-UNNAMED --add-opens=java.xml/javax.xml.namespace=ALL-UNNAMED --enable-native-access=ALL-UNNAMED -Xmx1536m -Dfile.encoding=UTF-8 -Duser.country=US -Duser.language=en -Duser.variant -javaagent:C:\Users\LEGION\.gradle\wrapper\dists\gradle-8.14.3-all\10utluxaxniiv4wxiphsi49nj\gradle-8.14.3\lib\agents\gradle-instrumentation-agent-8.14.3.jar org.gradle.launcher.daemon.bootstrap.GradleDaemon 8.14.3

Host: Intel(R) Core(TM) i7-14700HX, 28 cores, 15G,  Windows 11 , 64 bit Build 26100 (10.0.26100.8328)
Time: Tue Jun  9 01:19:48 2026 SE Asia Standard Time elapsed time: 4.789109 seconds (0d 0h 0m 4s)

---------------  T H R E A D  ---------------

Current thread (0x0000018321e81880):  VMThread "VM Thread"          [id=16548, stack(0x0000000100e00000,0x0000000100f00000) (1024K)]

Stack: [0x0000000100e00000,0x0000000100f00000]
Native frames: (J=compiled Java code, j=interpreted, Vv=VM code, C=native code)
V  [jvm.dll+0x7d5879]  (no source info available)
V  [jvm.dll+0x7a37dd]  (no source info available)
V  [jvm.dll+0x9b0c10]  (no source info available)
V  [jvm.dll+0x9b3061]  (no source info available)
V  [jvm.dll+0x9b3773]  (no source info available)
V  [jvm.dll+0x30df76]  (no source info available)
V  [jvm.dll+0x7d4d45]  (no source info available)
V  [jvm.dll+0x7c7f07]  (no source info available)
V  [jvm.dll+0x4087e8]  (no source info available)
V  [jvm.dll+0x410b56]  (no source info available)
V  [jvm.dll+0x3fcef4]  (no source info available)
V  [jvm.dll+0x3fd1e5]  (no source info available)
V  [jvm.dll+0x3d3b6f]  (no source info available)
V  [jvm.dll+0x3d6ddc]  (no source info available)
V  [jvm.dll+0x4223ec]  (no source info available)
V  [jvm.dll+0x420d33]  (no source info available)
V  [jvm.dll+0x3d3308]  (no source info available)
V  [jvm.dll+0x4200f3]  (no source info available)
V  [jvm.dll+0x9b9c21]  (no source info available)
V  [jvm.dll+0x9babeb]  (no source info available)
V  [jvm.dll+0x9bb0fc]  (no source info available)
V  [jvm.dll+0x9bb579]  (no source info available)
V  [jvm.dll+0x9bb823]  (no source info available)
V  [jvm.dll+0x94f649]  (no source info available)
V  [jvm.dll+0x7d7358]  (no source info available)
C  [ucrtbase.dll+0x37b0]  (no source info available)
C  [KERNEL32.DLL+0x2e957]  (no source info available)
C  [ntdll.dll+0x427c]  (no source info available)

VM_Operation (0x0000000102ef39a8): G1CollectForAllocation, mode: safepoint, requested by thread 0x00000183290e0f80


---------------  P R O C E S S  ---------------

Threads class SMR info:
_java_thread_list=0x000001832d7f2340, length=147, elements={
0x0000018303e62820, 0x0000018321e915d0, 0x0000018321e91ed0, 0x0000018321e96cd0,
0x0000018321e9b170, 0x0000018321e9bd20, 0x0000018321e9c8d0, 0x0000018321ea2910,
0x0000018321ebc600, 0x00000183224e3760, 0x00000183224e57a0, 0x0000018322695ce0,
0x0000018322714090, 0x00000183224e6fd0, 0x0000018328ca88e0, 0x0000018328e12020,
0x00000183280243a0, 0x0000018328d67310, 0x00000183292cec30, 0x0000018328e87650,
0x00000183271f5360, 0x00000183290e0f80, 0x00000183290e2ec0, 0x00000183290e1750,
0x00000183290e26f0, 0x00000183290fb000, 0x00000183290ff650, 0x00000183290fc770,
0x0000018329101d60, 0x00000183291005f0, 0x0000018329100dc0, 0x000001832ac5db40,
0x000001832ac5eae0, 0x000001832ac5d370, 0x000001832ac60a20, 0x000001832ac611f0,
0x000001832ac5f2b0, 0x000001832ac640d0, 0x00000183271efd70, 0x00000183292a8ff0,
0x00000183292a7880, 0x00000183292aa760, 0x00000183292aaf30, 0x00000183292a8050,
0x000001832bcaa490, 0x00000183292ace70, 0x0000018321d486c0, 0x0000018321d4dcb0,
0x000001832b7b8db0, 0x000001832b7bcc30, 0x000001832b7bd400, 0x000001832b7ba520,
0x000001832b7be3a0, 0x000001832b7beb70, 0x000001832b7bfb10, 0x000001832b7c02e0,
0x000001832b0fd850, 0x000001832bcac4d0, 0x000001832bcaf530, 0x000001832c082250,
0x000001832c085900, 0x000001832c0831f0, 0x000001832c082a20, 0x000001832c0868a0,
0x000001832c0839c0, 0x000001832c087840, 0x000001832c08b6c0, 0x000001832c0887e0,
0x000001832c08a720, 0x000001832c08ddd0, 0x000001832c08aef0, 0x000001832c08d600,
0x000001832b992fb0, 0x000001832b992010, 0x000001832b993780, 0x000001832b9900d0,
0x000001832b9908a0, 0x000001832b996660, 0x000001832b995e90, 0x000001832b997dd0,
0x000001832b9985a0, 0x000001832b9956c0, 0x000001832b99c420, 0x000001832b99a4e0,
0x000001832b99d3c0, 0x000001832b99b480, 0x000001832b999d10, 0x000001832b99eb30,
0x000001832c091a90, 0x000001832c08f380, 0x000001832c0912c0, 0x000001832c095140,
0x000001832c0941a0, 0x000001832c094970, 0x000001832c097080, 0x000001832c0939d0,
0x000001832c09af00, 0x000001832c0987f0, 0x000001832c097850, 0x000001832c09b6d0,
0x000001832c09ce40, 0x000001832c09c670, 0x000001832c09bea0, 0x000001832c656e20,
0x000001832c6575f0, 0x000001832c654710, 0x000001832c654ee0, 0x000001832c35a660,
0x000001832c65b470, 0x000001832c65bc40, 0x000001832c65cbe0, 0x000001832c65d3b0,
0x000001832c659d00, 0x000001832c660290, 0x000001832c661230, 0x000001832c65eb20,
0x000001832c65db80, 0x000001832c6621d0, 0x000001832c663170, 0x000001832b173160,
0x000001832b174100, 0x000001832b1750a0, 0x000001832b1721c0, 0x000001832b176040,
0x000001832b176fe0, 0x000001832b17a690, 0x000001832b1796f0, 0x000001832b177f80,
0x000001832b178f20, 0x000001832b17d570, 0x000001832b17cda0, 0x000001832b17dd40,
0x000001832b17e510, 0x000001832b17b630, 0x000001832b180450, 0x000001832d1b5990,
0x000001832d1b3a50, 0x000001832d1b3280, 0x000001832d1b78d0, 0x000001832d1b80a0,
0x000001832d1b49f0, 0x000001832d1b8870, 0x000001832d1bc6f0, 0x000001832d1bcec0,
0x000001832d1bd690, 0x000001832d1be630, 0x000001832d1bfda0
}

Java Threads: ( => current thread )
  0x0000018303e62820 JavaThread "main"                              [_thread_blocked, id=18240, stack(0x0000000100600000,0x0000000100700000) (1024K)]
  0x0000018321e915d0 JavaThread "Reference Handler"          daemon [_thread_blocked, id=41352, stack(0x0000000100f00000,0x0000000101000000) (1024K)]
  0x0000018321e91ed0 JavaThread "Finalizer"                  daemon [_thread_blocked, id=33120, stack(0x0000000101000000,0x0000000101100000) (1024K)]
  0x0000018321e96cd0 JavaThread "Signal Dispatcher"          daemon [_thread_blocked, id=19168, stack(0x0000000101100000,0x0000000101200000) (1024K)]
  0x0000018321e9b170 JavaThread "Attach Listener"            daemon [_thread_blocked, id=38924, stack(0x0000000101200000,0x0000000101300000) (1024K)]
  0x0000018321e9bd20 JavaThread "Service Thread"             daemon [_thread_blocked, id=17220, stack(0x0000000101300000,0x0000000101400000) (1024K)]
  0x0000018321e9c8d0 JavaThread "Monitor Deflation Thread"   daemon [_thread_blocked, id=33804, stack(0x0000000101400000,0x0000000101500000) (1024K)]
  0x0000018321ea2910 JavaThread "C2 CompilerThread0"         daemon [_thread_blocked, id=50692, stack(0x0000000101500000,0x0000000101600000) (1024K)]
  0x0000018321ebc600 JavaThread "C1 CompilerThread0"         daemon [_thread_blocked, id=33708, stack(0x0000000101600000,0x0000000101700000) (1024K)]
  0x00000183224e3760 JavaThread "C1 CompilerThread1"         daemon [_thread_blocked, id=47092, stack(0x0000000101700000,0x0000000101800000) (1024K)]
  0x00000183224e57a0 JavaThread "C1 CompilerThread2"         daemon [_thread_blocked, id=42660, stack(0x0000000101800000,0x0000000101900000) (1024K)]
  0x0000018322695ce0 JavaThread "Common-Cleaner"             daemon [_thread_blocked, id=41808, stack(0x0000000101a00000,0x0000000101b00000) (1024K)]
  0x0000018322714090 JavaThread "Notification Thread"        daemon [_thread_blocked, id=28844, stack(0x0000000101b00000,0x0000000101c00000) (1024K)]
  0x00000183224e6fd0 JavaThread "C1 CompilerThread3"         daemon [_thread_blocked, id=15536, stack(0x0000000102100000,0x0000000102200000) (1024K)]
  0x0000018328ca88e0 JavaThread "Daemon health stats"               [_thread_blocked, id=47764, stack(0x0000000102700000,0x0000000102800000) (1024K)]
  0x0000018328e12020 JavaThread "Incoming local TCP Connector on port 62972"        [_thread_in_native, id=36232, stack(0x0000000102800000,0x0000000102900000) (1024K)]
  0x00000183280243a0 JavaThread "Daemon periodic checks"            [_thread_blocked, id=49360, stack(0x0000000102900000,0x0000000102a00000) (1024K)]
  0x0000018328d67310 JavaThread "InnocuousThread-1"          daemon [_thread_blocked, id=33632, stack(0x0000000102a00000,0x0000000102b00000) (1024K)]
  0x00000183292cec30 JavaThread "Daemon"                            [_thread_blocked, id=30564, stack(0x0000000102b00000,0x0000000102c00000) (1024K)]
  0x0000018328e87650 JavaThread "Handler for socket connection from /127.0.0.1:62972 to /127.0.0.1:62973"        [_thread_in_native, id=16324, stack(0x0000000102c00000,0x0000000102d00000) (1024K)]
  0x00000183271f5360 JavaThread "Cancel handler"                    [_thread_blocked, id=23564, stack(0x0000000102d00000,0x0000000102e00000) (1024K)]
  0x00000183290e0f80 JavaThread "Daemon worker"                     [_thread_blocked, id=47568, stack(0x0000000102e00000,0x0000000102f00000) (1024K)]
  0x00000183290e2ec0 JavaThread "Asynchronous log dispatcher for DefaultDaemonConnection: socket connection from /127.0.0.1:62972 to /127.0.0.1:62973"        [_thread_blocked, id=36500, stack(0x0000000102f00000,0x0000000103000000) (1024K)]
  0x00000183290e1750 JavaThread "Stdin handler"                     [_thread_blocked, id=2304, stack(0x0000000103000000,0x0000000103100000) (1024K)]
  0x00000183290e26f0 JavaThread "Daemon client event forwarder"        [_thread_blocked, id=36396, stack(0x0000000103100000,0x0000000103200000) (1024K)]
  0x00000183290fb000 JavaThread "Cache worker for journal cache (C:\Users\LEGION\.gradle\caches\journal-1)"        [_thread_blocked, id=15392, stack(0x0000000104200000,0x0000000104300000) (1024K)]
  0x00000183290ff650 JavaThread "File lock request listener"        [_thread_in_native, id=31820, stack(0x0000000104300000,0x0000000104400000) (1024K)]
  0x00000183290fc770 JavaThread "Cache worker for file hash cache (C:\Users\LEGION\.gradle\caches\8.14.3\fileHashes)"        [_thread_blocked, id=8856, stack(0x0000000104400000,0x0000000104500000) (1024K)]
  0x0000018329101d60 JavaThread "Cache worker for file hash cache (C:\Users\LEGION\Documents\Projects\Fivgo-FP-PROJECT\Driver\android\.gradle\8.14.3\fileHashes)"        [_thread_blocked, id=38288, stack(0x0000000104500000,0x0000000104600000) (1024K)]
  0x00000183291005f0 JavaThread "Cache worker for Build Output Cleanup Cache (C:\Users\LEGION\Documents\Projects\Fivgo-FP-PROJECT\Driver\android\.gradle\buildOutputCleanup)"        [_thread_blocked, id=31028, stack(0x0000000104600000,0x0000000104700000) (1024K)]
  0x0000018329100dc0 JavaThread "File lock release action executor"        [_thread_blocked, id=22236, stack(0x0000000104700000,0x0000000104800000) (1024K)]
  0x000001832ac5db40 JavaThread "File watcher server"        daemon [_thread_in_native, id=22752, stack(0x0000000104800000,0x0000000104900000) (1024K)]
  0x000001832ac5eae0 JavaThread "File watcher consumer"      daemon [_thread_blocked, id=34888, stack(0x0000000104900000,0x0000000104a00000) (1024K)]
  0x000001832ac5d370 JavaThread "jar transforms"                    [_thread_blocked, id=14260, stack(0x0000000104a00000,0x0000000104b00000) (1024K)]
  0x000001832ac60a20 JavaThread "jar transforms Thread 2"           [_thread_blocked, id=14896, stack(0x0000000104b00000,0x0000000104c00000) (1024K)]
  0x000001832ac611f0 JavaThread "jar transforms Thread 3"           [_thread_blocked, id=20316, stack(0x0000000104c00000,0x0000000104d00000) (1024K)]
  0x000001832ac5f2b0 JavaThread "jar transforms Thread 4"           [_thread_blocked, id=33300, stack(0x0000000104d00000,0x0000000104e00000) (1024K)]
  0x000001832ac640d0 JavaThread "jar transforms Thread 5"           [_thread_blocked, id=35968, stack(0x0000000104e00000,0x0000000104f00000) (1024K)]
  0x00000183271efd70 JavaThread "Cache worker for checksums cache (C:\Users\LEGION\Documents\Projects\Fivgo-FP-PROJECT\Driver\android\.gradle\8.14.3\checksums)"        [_thread_blocked, id=24224, stack(0x0000000104f00000,0x0000000105000000) (1024K)]
  0x00000183292a8ff0 JavaThread "Cache worker for file content cache (C:\Users\LEGION\.gradle\caches\8.14.3\fileContent)"        [_thread_blocked, id=34960, stack(0x0000000105000000,0x0000000105100000) (1024K)]
  0x00000183292a7880 JavaThread "jar transforms Thread 6"           [_thread_blocked, id=49568, stack(0x0000000101900000,0x0000000101a00000) (1024K)]
  0x00000183292aa760 JavaThread "jar transforms Thread 7"           [_thread_blocked, id=37128, stack(0x0000000101d00000,0x0000000101e00000) (1024K)]
  0x00000183292aaf30 JavaThread "jar transforms Thread 8"           [_thread_blocked, id=37676, stack(0x0000000101e00000,0x0000000101f00000) (1024K)]
  0x00000183292a8050 JavaThread "jar transforms Thread 9"           [_thread_blocked, id=18640, stack(0x0000000101f00000,0x0000000102000000) (1024K)]
  0x000001832bcaa490 JavaThread "C2 CompilerThread1"         daemon [_thread_blocked, id=25120, stack(0x0000000105100000,0x0000000105200000) (1024K)]
  0x00000183292ace70 JavaThread "jar transforms Thread 10"          [_thread_blocked, id=19496, stack(0x0000000105200000,0x0000000105300000) (1024K)]
  0x0000018321d486c0 JavaThread "jar transforms Thread 11"          [_thread_blocked, id=14740, stack(0x0000000105300000,0x0000000105400000) (1024K)]
  0x0000018321d4dcb0 JavaThread "jar transforms Thread 12"          [_thread_blocked, id=46172, stack(0x0000000105400000,0x0000000105500000) (1024K)]
  0x000001832b7b8db0 JavaThread "jar transforms Thread 13"          [_thread_blocked, id=16968, stack(0x0000000105500000,0x0000000105600000) (1024K)]
  0x000001832b7bcc30 JavaThread "jar transforms Thread 14"          [_thread_blocked, id=28160, stack(0x0000000105600000,0x0000000105700000) (1024K)]
  0x000001832b7bd400 JavaThread "jar transforms Thread 15"          [_thread_blocked, id=9252, stack(0x0000000105700000,0x0000000105800000) (1024K)]
  0x000001832b7ba520 JavaThread "jar transforms Thread 16"          [_thread_blocked, id=37400, stack(0x0000000105800000,0x0000000105900000) (1024K)]
  0x000001832b7be3a0 JavaThread "jar transforms Thread 17"          [_thread_blocked, id=9956, stack(0x0000000105900000,0x0000000105a00000) (1024K)]
  0x000001832b7beb70 JavaThread "jar transforms Thread 18"          [_thread_blocked, id=31860, stack(0x0000000105a00000,0x0000000105b00000) (1024K)]
  0x000001832b7bfb10 JavaThread "jar transforms Thread 19"          [_thread_blocked, id=42620, stack(0x0000000105b00000,0x0000000105c00000) (1024K)]
  0x000001832b7c02e0 JavaThread "Cache worker for cache directory md-supplier (C:\Users\LEGION\.gradle\caches\8.14.3\md-supplier)"        [_thread_blocked, id=27244, stack(0x0000000105c00000,0x0000000105d00000) (1024K)]
  0x000001832b0fd850 JavaThread "Cache worker for cache directory md-rule (C:\Users\LEGION\.gradle\caches\8.14.3\md-rule)"        [_thread_blocked, id=38996, stack(0x0000000105d00000,0x0000000105e00000) (1024K)]
  0x000001832bcac4d0 JavaThread "C2 CompilerThread2"         daemon [_thread_blocked, id=34252, stack(0x0000000105e00000,0x0000000105f00000) (1024K)]
  0x000001832bcaf530 JavaThread "C2 CompilerThread3"         daemon [_thread_blocked, id=25596, stack(0x0000000105f00000,0x0000000106000000) (1024K)]
  0x000001832c082250 JavaThread "jar transforms Thread 20"          [_thread_blocked, id=25192, stack(0x0000000106000000,0x0000000106100000) (1024K)]
  0x000001832c085900 JavaThread "Unconstrained build operations"        [_thread_blocked, id=33084, stack(0x0000000106100000,0x0000000106200000) (1024K)]
  0x000001832c0831f0 JavaThread "Unconstrained build operations Thread 2"        [_thread_blocked, id=49876, stack(0x0000000106200000,0x0000000106300000) (1024K)]
  0x000001832c082a20 JavaThread "Unconstrained build operations Thread 3"        [_thread_blocked, id=44460, stack(0x0000000106300000,0x0000000106400000) (1024K)]
  0x000001832c0868a0 JavaThread "Unconstrained build operations Thread 4"        [_thread_blocked, id=37228, stack(0x0000000106400000,0x0000000106500000) (1024K)]
  0x000001832c0839c0 JavaThread "Unconstrained build operations Thread 5"        [_thread_blocked, id=15528, stack(0x0000000106500000,0x0000000106600000) (1024K)]
  0x000001832c087840 JavaThread "Unconstrained build operations Thread 6"        [_thread_blocked, id=40576, stack(0x0000000106600000,0x0000000106700000) (1024K)]
  0x000001832c08b6c0 JavaThread "Unconstrained build operations Thread 7"        [_thread_blocked, id=35644, stack(0x0000000106700000,0x0000000106800000) (1024K)]
  0x000001832c0887e0 JavaThread "Unconstrained build operations Thread 8"        [_thread_blocked, id=32776, stack(0x0000000106800000,0x0000000106900000) (1024K)]
  0x000001832c08a720 JavaThread "Unconstrained build operations Thread 9"        [_thread_blocked, id=36244, stack(0x0000000106900000,0x0000000106a00000) (1024K)]
  0x000001832c08ddd0 JavaThread "Unconstrained build operations Thread 10"        [_thread_blocked, id=14180, stack(0x0000000106a00000,0x0000000106b00000) (1024K)]
  0x000001832c08aef0 JavaThread "Unconstrained build operations Thread 11"        [_thread_blocked, id=13500, stack(0x0000000106b00000,0x0000000106c00000) (1024K)]
  0x000001832c08d600 JavaThread "Unconstrained build operations Thread 12"        [_thread_blocked, id=36108, stack(0x0000000106c00000,0x0000000106d00000) (1024K)]
  0x000001832b992fb0 JavaThread "Unconstrained build operations Thread 13"        [_thread_blocked, id=36332, stack(0x0000000106d00000,0x0000000106e00000) (1024K)]
  0x000001832b992010 JavaThread "Unconstrained build operations Thread 14"        [_thread_blocked, id=31972, stack(0x0000000106e00000,0x0000000106f00000) (1024K)]
  0x000001832b993780 JavaThread "Unconstrained build operations Thread 15"        [_thread_blocked, id=46132, stack(0x0000000106f00000,0x0000000107000000) (1024K)]
  0x000001832b9900d0 JavaThread "Unconstrained build operations Thread 16"        [_thread_blocked, id=17152, stack(0x0000000107000000,0x0000000107100000) (1024K)]
  0x000001832b9908a0 JavaThread "Unconstrained build operations Thread 17"        [_thread_blocked, id=13768, stack(0x0000000107100000,0x0000000107200000) (1024K)]
  0x000001832b996660 JavaThread "Unconstrained build operations Thread 18"        [_thread_blocked, id=36460, stack(0x0000000107200000,0x0000000107300000) (1024K)]
  0x000001832b995e90 JavaThread "Unconstrained build operations Thread 19"        [_thread_blocked, id=40496, stack(0x0000000107300000,0x0000000107400000) (1024K)]
  0x000001832b997dd0 JavaThread "Unconstrained build operations Thread 20"        [_thread_blocked, id=50308, stack(0x0000000107400000,0x0000000107500000) (1024K)]
  0x000001832b9985a0 JavaThread "Unconstrained build operations Thread 21"        [_thread_blocked, id=50420, stack(0x0000000107500000,0x0000000107600000) (1024K)]
  0x000001832b9956c0 JavaThread "Unconstrained build operations Thread 22"        [_thread_blocked, id=19048, stack(0x0000000107600000,0x0000000107700000) (1024K)]
  0x000001832b99c420 JavaThread "Unconstrained build operations Thread 23"        [_thread_blocked, id=20848, stack(0x0000000107700000,0x0000000107800000) (1024K)]
  0x000001832b99a4e0 JavaThread "Unconstrained build operations Thread 24"        [_thread_blocked, id=13932, stack(0x0000000107800000,0x0000000107900000) (1024K)]
  0x000001832b99d3c0 JavaThread "Unconstrained build operations Thread 25"        [_thread_blocked, id=25076, stack(0x0000000107900000,0x0000000107a00000) (1024K)]
  0x000001832b99b480 JavaThread "Unconstrained build operations Thread 26"        [_thread_blocked, id=14080, stack(0x0000000107a00000,0x0000000107b00000) (1024K)]
  0x000001832b999d10 JavaThread "Unconstrained build operations Thread 27"        [_thread_blocked, id=39644, stack(0x0000000107b00000,0x0000000107c00000) (1024K)]
  0x000001832b99eb30 JavaThread "Unconstrained build operations Thread 28"        [_thread_blocked, id=4980, stack(0x0000000107c00000,0x0000000107d00000) (1024K)]
  0x000001832c091a90 JavaThread "Unconstrained build operations Thread 29"        [_thread_blocked, id=10808, stack(0x0000000107d00000,0x0000000107e00000) (1024K)]
  0x000001832c08f380 JavaThread "Unconstrained build operations Thread 30"        [_thread_blocked, id=11416, stack(0x0000000107e00000,0x0000000107f00000) (1024K)]
  0x000001832c0912c0 JavaThread "Unconstrained build operations Thread 31"        [_thread_blocked, id=41144, stack(0x0000000107f00000,0x0000000108000000) (1024K)]
  0x000001832c095140 JavaThread "Unconstrained build operations Thread 32"        [_thread_blocked, id=19116, stack(0x0000000108000000,0x0000000108100000) (1024K)]
  0x000001832c0941a0 JavaThread "Unconstrained build operations Thread 33"        [_thread_blocked, id=18152, stack(0x0000000108100000,0x0000000108200000) (1024K)]
  0x000001832c094970 JavaThread "Unconstrained build operations Thread 34"        [_thread_blocked, id=15612, stack(0x0000000108200000,0x0000000108300000) (1024K)]
  0x000001832c097080 JavaThread "Unconstrained build operations Thread 35"        [_thread_blocked, id=20012, stack(0x0000000108300000,0x0000000108400000) (1024K)]
  0x000001832c0939d0 JavaThread "Unconstrained build operations Thread 36"        [_thread_blocked, id=14812, stack(0x0000000108400000,0x0000000108500000) (1024K)]
  0x000001832c09af00 JavaThread "Unconstrained build operations Thread 37"        [_thread_blocked, id=4124, stack(0x0000000108500000,0x0000000108600000) (1024K)]
  0x000001832c0987f0 JavaThread "Unconstrained build operations Thread 38"        [_thread_blocked, id=18880, stack(0x0000000108600000,0x0000000108700000) (1024K)]
  0x000001832c097850 JavaThread "Unconstrained build operations Thread 39"        [_thread_blocked, id=40144, stack(0x0000000108700000,0x0000000108800000) (1024K)]
  0x000001832c09b6d0 JavaThread "Unconstrained build operations Thread 40"        [_thread_blocked, id=40336, stack(0x0000000108800000,0x0000000108900000) (1024K)]
  0x000001832c09ce40 JavaThread "Unconstrained build operations Thread 41"        [_thread_blocked, id=31868, stack(0x0000000108900000,0x0000000108a00000) (1024K)]
  0x000001832c09c670 JavaThread "Unconstrained build operations Thread 42"        [_thread_blocked, id=48864, stack(0x0000000108a00000,0x0000000108b00000) (1024K)]
  0x000001832c09bea0 JavaThread "Unconstrained build operations Thread 43"        [_thread_blocked, id=50908, stack(0x0000000108b00000,0x0000000108c00000) (1024K)]
  0x000001832c656e20 JavaThread "Unconstrained build operations Thread 44"        [_thread_blocked, id=27464, stack(0x0000000108c00000,0x0000000108d00000) (1024K)]
  0x000001832c6575f0 JavaThread "Unconstrained build operations Thread 45"        [_thread_blocked, id=14520, stack(0x0000000108d00000,0x0000000108e00000) (1024K)]
  0x000001832c654710 JavaThread "Unconstrained build operations Thread 46"        [_thread_blocked, id=35140, stack(0x0000000108e00000,0x0000000108f00000) (1024K)]
  0x000001832c654ee0 JavaThread "Unconstrained build operations Thread 47"        [_thread_blocked, id=24016, stack(0x0000000108f00000,0x0000000109000000) (1024K)]
  0x000001832c35a660 JavaThread "C2 CompilerThread4"         daemon [_thread_blocked, id=14768, stack(0x0000000109000000,0x0000000109100000) (1024K)]
  0x000001832c65b470 JavaThread "Unconstrained build operations Thread 48"        [_thread_blocked, id=16196, stack(0x0000000109100000,0x0000000109200000) (1024K)]
  0x000001832c65bc40 JavaThread "Unconstrained build operations Thread 49"        [_thread_blocked, id=40176, stack(0x0000000109200000,0x0000000109300000) (1024K)]
  0x000001832c65cbe0 JavaThread "Unconstrained build operations Thread 50"        [_thread_blocked, id=40736, stack(0x0000000109300000,0x0000000109400000) (1024K)]
  0x000001832c65d3b0 JavaThread "Unconstrained build operations Thread 51"        [_thread_blocked, id=9988, stack(0x0000000109400000,0x0000000109500000) (1024K)]
  0x000001832c659d00 JavaThread "Unconstrained build operations Thread 52"        [_thread_blocked, id=19296, stack(0x0000000109500000,0x0000000109600000) (1024K)]
  0x000001832c660290 JavaThread "Unconstrained build operations Thread 53"        [_thread_blocked, id=41524, stack(0x0000000109600000,0x0000000109700000) (1024K)]
  0x000001832c661230 JavaThread "Unconstrained build operations Thread 54"        [_thread_blocked, id=46460, stack(0x0000000109700000,0x0000000109800000) (1024K)]
  0x000001832c65eb20 JavaThread "Unconstrained build operations Thread 55"        [_thread_blocked, id=16980, stack(0x0000000109800000,0x0000000109900000) (1024K)]
  0x000001832c65db80 JavaThread "Unconstrained build operations Thread 56"        [_thread_blocked, id=17756, stack(0x0000000109900000,0x0000000109a00000) (1024K)]
  0x000001832c6621d0 JavaThread "Unconstrained build operations Thread 57"        [_thread_blocked, id=23324, stack(0x0000000109a00000,0x0000000109b00000) (1024K)]
  0x000001832c663170 JavaThread "Unconstrained build operations Thread 58"        [_thread_blocked, id=18104, stack(0x0000000109b00000,0x0000000109c00000) (1024K)]
  0x000001832b173160 JavaThread "Unconstrained build operations Thread 59"        [_thread_blocked, id=45264, stack(0x0000000109c00000,0x0000000109d00000) (1024K)]
  0x000001832b174100 JavaThread "Unconstrained build operations Thread 60"        [_thread_blocked, id=50356, stack(0x0000000109d00000,0x0000000109e00000) (1024K)]
  0x000001832b1750a0 JavaThread "Unconstrained build operations Thread 61"        [_thread_blocked, id=46156, stack(0x0000000109e00000,0x0000000109f00000) (1024K)]
  0x000001832b1721c0 JavaThread "Unconstrained build operations Thread 62"        [_thread_blocked, id=48832, stack(0x0000000109f00000,0x000000010a000000) (1024K)]
  0x000001832b176040 JavaThread "Unconstrained build operations Thread 63"        [_thread_blocked, id=13028, stack(0x000000010a000000,0x000000010a100000) (1024K)]
  0x000001832b176fe0 JavaThread "Unconstrained build operations Thread 64"        [_thread_blocked, id=15972, stack(0x000000010a100000,0x000000010a200000) (1024K)]
  0x000001832b17a690 JavaThread "Unconstrained build operations Thread 65"        [_thread_blocked, id=6956, stack(0x000000010a200000,0x000000010a300000) (1024K)]
  0x000001832b1796f0 JavaThread "Unconstrained build operations Thread 66"        [_thread_blocked, id=40624, stack(0x000000010a300000,0x000000010a400000) (1024K)]
  0x000001832b177f80 JavaThread "Unconstrained build operations Thread 67"        [_thread_blocked, id=51032, stack(0x000000010a400000,0x000000010a500000) (1024K)]
  0x000001832b178f20 JavaThread "Unconstrained build operations Thread 68"        [_thread_blocked, id=17460, stack(0x000000010a500000,0x000000010a600000) (1024K)]
  0x000001832b17d570 JavaThread "Unconstrained build operations Thread 69"        [_thread_blocked, id=38360, stack(0x000000010a600000,0x000000010a700000) (1024K)]
  0x000001832b17cda0 JavaThread "Unconstrained build operations Thread 70"        [_thread_blocked, id=22344, stack(0x000000010a700000,0x000000010a800000) (1024K)]
  0x000001832b17dd40 JavaThread "Unconstrained build operations Thread 71"        [_thread_blocked, id=33480, stack(0x000000010a800000,0x000000010a900000) (1024K)]
  0x000001832b17e510 JavaThread "Unconstrained build operations Thread 72"        [_thread_blocked, id=8080, stack(0x000000010a900000,0x000000010aa00000) (1024K)]
  0x000001832b17b630 JavaThread "Unconstrained build operations Thread 73"        [_thread_blocked, id=40784, stack(0x000000010aa00000,0x000000010ab00000) (1024K)]
  0x000001832b180450 JavaThread "Unconstrained build operations Thread 74"        [_thread_blocked, id=13152, stack(0x000000010ab00000,0x000000010ac00000) (1024K)]
  0x000001832d1b5990 JavaThread "Unconstrained build operations Thread 75"        [_thread_blocked, id=39244, stack(0x000000010ac00000,0x000000010ad00000) (1024K)]
  0x000001832d1b3a50 JavaThread "Unconstrained build operations Thread 76"        [_thread_blocked, id=8048, stack(0x000000010ad00000,0x000000010ae00000) (1024K)]
  0x000001832d1b3280 JavaThread "Unconstrained build operations Thread 77"        [_thread_blocked, id=45924, stack(0x000000010ae00000,0x000000010af00000) (1024K)]
  0x000001832d1b78d0 JavaThread "Unconstrained build operations Thread 78"        [_thread_blocked, id=50900, stack(0x000000010af00000,0x000000010b000000) (1024K)]
  0x000001832d1b80a0 JavaThread "Unconstrained build operations Thread 79"        [_thread_blocked, id=10484, stack(0x000000010b000000,0x000000010b100000) (1024K)]
  0x000001832d1b49f0 JavaThread "Unconstrained build operations Thread 80"        [_thread_blocked, id=38828, stack(0x000000010b100000,0x000000010b200000) (1024K)]
  0x000001832d1b8870 JavaThread "Unconstrained build operations Thread 81"        [_thread_blocked, id=27616, stack(0x000000010b200000,0x000000010b300000) (1024K)]
  0x000001832d1bc6f0 JavaThread "jar transforms Thread 21"          [_thread_blocked, id=39896, stack(0x000000010b300000,0x000000010b400000) (1024K)]
  0x000001832d1bcec0 JavaThread "jar transforms Thread 22"          [_thread_blocked, id=27424, stack(0x000000010b400000,0x000000010b500000) (1024K)]
  0x000001832d1bd690 JavaThread "jar transforms Thread 23"          [_thread_blocked, id=48504, stack(0x000000010b500000,0x000000010b600000) (1024K)]
  0x000001832d1be630 JavaThread "jar transforms Thread 24"          [_thread_blocked, id=28268, stack(0x000000010b600000,0x000000010b700000) (1024K)]
  0x000001832d1bfda0 JavaThread "jar transforms Thread 25"          [_thread_blocked, id=43100, stack(0x000000010b700000,0x000000010b800000) (1024K)]
Total: 147

Other Threads:
=>0x0000018321e81880 VMThread "VM Thread"                           [id=16548, stack(0x0000000100e00000,0x0000000100f00000) (1024K)]
  0x0000018303f1e8d0 WatcherThread "VM Periodic Task Thread"        [id=37976, stack(0x0000000100d00000,0x0000000100e00000) (1024K)]
  0x0000018303e9ca10 WorkerThread "GC Thread#0"                     [id=13856, stack(0x0000000100700000,0x0000000100800000) (1024K)]
  0x00000183227477f0 WorkerThread "GC Thread#1"                     [id=15700, stack(0x0000000101c00000,0x0000000101d00000) (1024K)]
  0x0000018328bcef50 WorkerThread "GC Thread#2"                     [id=4052, stack(0x0000000102500000,0x0000000102600000) (1024K)]
  0x0000018328bcd9c0 WorkerThread "GC Thread#3"                     [id=22060, stack(0x0000000102600000,0x0000000102700000) (1024K)]
  0x0000018328bcf7f0 WorkerThread "GC Thread#4"                     [id=6932, stack(0x0000000103200000,0x0000000103300000) (1024K)]
  0x0000018328bcf3a0 WorkerThread "GC Thread#5"                     [id=34216, stack(0x0000000103300000,0x0000000103400000) (1024K)]
  0x0000018328bcfc40 WorkerThread "GC Thread#6"                     [id=2596, stack(0x0000000103400000,0x0000000103500000) (1024K)]
  0x0000018328bd0090 WorkerThread "GC Thread#7"                     [id=16896, stack(0x0000000103500000,0x0000000103600000) (1024K)]
  0x0000018328bd0930 WorkerThread "GC Thread#8"                     [id=12296, stack(0x0000000103600000,0x0000000103700000) (1024K)]
  0x0000018328bd0d80 WorkerThread "GC Thread#9"                     [id=29864, stack(0x0000000103700000,0x0000000103800000) (1024K)]
  0x0000018328bd11d0 WorkerThread "GC Thread#10"                    [id=26488, stack(0x0000000103800000,0x0000000103900000) (1024K)]
  0x0000018328bd1620 WorkerThread "GC Thread#11"                    [id=25364, stack(0x0000000103900000,0x0000000103a00000) (1024K)]
  0x0000018328bd1a70 WorkerThread "GC Thread#12"                    [id=8332, stack(0x0000000103a00000,0x0000000103b00000) (1024K)]
  0x0000018328bd1ec0 WorkerThread "GC Thread#13"                    [id=41100, stack(0x0000000103b00000,0x0000000103c00000) (1024K)]
  0x0000018328bce260 WorkerThread "GC Thread#14"                    [id=42492, stack(0x0000000103c00000,0x0000000103d00000) (1024K)]
  0x0000018328bd4590 WorkerThread "GC Thread#15"                    [id=50416, stack(0x0000000103d00000,0x0000000103e00000) (1024K)]
  0x0000018328bd4140 WorkerThread "GC Thread#16"                    [id=45712, stack(0x0000000103e00000,0x0000000103f00000) (1024K)]
  0x0000018328bd4e30 WorkerThread "GC Thread#17"                    [id=35304, stack(0x0000000103f00000,0x0000000104000000) (1024K)]
  0x0000018328bd49e0 WorkerThread "GC Thread#18"                    [id=13240, stack(0x0000000104000000,0x0000000104100000) (1024K)]
  0x0000018328bd3000 WorkerThread "GC Thread#19"                    [id=9096, stack(0x0000000104100000,0x0000000104200000) (1024K)]
  0x0000018303eb0390 ConcurrentGCThread "G1 Main Marker"            [id=49760, stack(0x0000000100800000,0x0000000100900000) (1024K)]
  0x0000018303eb0f10 WorkerThread "G1 Conc#0"                       [id=47988, stack(0x0000000100900000,0x0000000100a00000) (1024K)]
  0x0000018328008f80 WorkerThread "G1 Conc#1"                       [id=34352, stack(0x0000000102000000,0x0000000102100000) (1024K)]
  0x0000018328009db0 WorkerThread "G1 Conc#2"                       [id=25752, stack(0x0000000102200000,0x0000000102300000) (1024K)]
  0x000001832800b990 WorkerThread "G1 Conc#3"                       [id=28616, stack(0x0000000102300000,0x0000000102400000) (1024K)]
  0x000001832721e600 WorkerThread "G1 Conc#4"                       [id=50432, stack(0x0000000102400000,0x0000000102500000) (1024K)]
  0x0000018321d3a5a0 WorkerThread "G1 Refinement Workers#0"         [id=23112, stack(0x0000000100b00000,0x0000000100c00000) (1024K)]
  0x0000018321d38d20 ConcurrentGCThread "G1 Refine Control"         [id=34804, stack(0x0000000100a00000,0x0000000100b00000) (1024K)]
  0x0000018321d42f20 ConcurrentGCThread "G1 Service"                [id=47656, stack(0x0000000100c00000,0x0000000100d00000) (1024K)]
Total: 31

Threads with active compile tasks:
Total: 0

VM state: at safepoint (normal execution)

VM Mutex/Monitor currently owned by a thread:  ([mutex/lock_event])
[0x00007ffd631eed08] Threads_lock - owner thread: 0x0000018321e81880
[0x00007ffd631eef88] Heap_lock - owner thread: 0x00000183290e0f80

Heap address: 0x00000000a0000000, size: 1536 MB, Compressed Oops mode: 32-bit

CDS archive(s) mapped at: [0x0000000018000000-0x0000000018de0000-0x0000000018de0000), size 14548992, SharedBaseAddress: 0x0000000018000000, ArchiveRelocationMode: 1.
Compressed class space mapped at: 0x0000000019000000-0x0000000059000000, reserved size: 1073741824
UseCompressedClassPointers 1, UseCompactObjectHeaders 0
Narrow klass pointer bits 32, Max shift 3
Narrow klass base: 0x0000000018000000, Narrow klass shift: 0
Encoding Range: [0x0000000018000000 - 0x0000000118000000), (4294967296 bytes)
Klass Range:    [0x0000000018000000 - 0x0000000059000000), (1090519040 bytes)
Klass ID Range:  [8 - 1090519033) (1090519025)
Protection zone: [0x0000000018000000 - 0x0000000018010000), (65536 bytes)

GC Precious Log:
 CardTable entry size: 512
 Card Set container configuration: InlinePtr #cards 5 size 8 Array Of Cards #cards 10 size 36 Howl #buckets 4 coarsen threshold 1843 Howl Bitmap #cards 512 size 80 coarsen threshold 460 Card regions per heap region 1 cards per card region 2048
 CPUs: 28 total, 28 available
 Memory: 16107M
 Large Page Support: Disabled
 NUMA Support: Disabled
 Compressed Oops: Enabled (32-bit)
 Heap Region Size: 1M
 Heap Min Capacity: 8M
 Heap Initial Capacity: 8M
 Heap Max Capacity: 1536M
 Pre-touch: Disabled
 Parallel Workers: 20
 Concurrent Workers: 5
 Concurrent Refinement Workers: 20
 Periodic GC: Disabled

Heap:
 garbage-first heap   total reserved 1572864K, committed 101376K, used 70602K [0x00000000a0000000, 0x0000000100000000)
  region size 1M, 0 eden (0M), 3 survivor (3M), 57 old (57M), 10 humongous (10M), 29 free (29M)

Heap Regions: E=young(eden), S=young(survivor), O=old, HS=humongous(starts), HC=humongous(continues), CS=collection set, F=free, TAMS=top-at-mark-start, PB=parsable bottom
|    0|0x00000000a0000000, 0x00000000a0100000, 0x00000000a0100000|100%| O|  |TAMS 0x00000000a0100000| PB 0x00000000a0000000| Untracked |  0
|    1|0x00000000a0100000, 0x00000000a0200000, 0x00000000a0200000|100%| O|  |TAMS 0x00000000a0200000| PB 0x00000000a0100000| Untracked |  0
|    2|0x00000000a0200000, 0x00000000a0300000, 0x00000000a0300000|100%|HS|  |TAMS 0x00000000a0300000| PB 0x00000000a0200000| Complete  |  0
|    3|0x00000000a0300000, 0x00000000a0400000, 0x00000000a0400000|100%|HC|  |TAMS 0x00000000a0400000| PB 0x00000000a0300000| Complete  |  0
|    4|0x00000000a0400000, 0x00000000a0500000, 0x00000000a0500000|100%|HC|  |TAMS 0x00000000a0500000| PB 0x00000000a0400000| Complete  |  0
|    5|0x00000000a0500000, 0x00000000a0600000, 0x00000000a0600000|100%| O|  |TAMS 0x00000000a0600000| PB 0x00000000a0500000| Untracked |  0
|    6|0x00000000a0600000, 0x00000000a0700000, 0x00000000a0700000|100%| O|  |TAMS 0x00000000a0700000| PB 0x00000000a0600000| Untracked |  0
|    7|0x00000000a0700000, 0x00000000a0800000, 0x00000000a0800000|100%|HS|  |TAMS 0x00000000a0800000| PB 0x00000000a0700000| Complete  |  0
|    8|0x00000000a0800000, 0x00000000a0900000, 0x00000000a0900000|100%| O|  |TAMS 0x00000000a0900000| PB 0x00000000a0800000| Untracked |  0
|    9|0x00000000a0900000, 0x00000000a0a00000, 0x00000000a0a00000|100%| O|  |TAMS 0x00000000a0a00000| PB 0x00000000a0900000| Untracked |  0
|   10|0x00000000a0a00000, 0x00000000a0b00000, 0x00000000a0b00000|100%| O|  |TAMS 0x00000000a0b00000| PB 0x00000000a0a00000| Untracked |  0
|   11|0x00000000a0b00000, 0x00000000a0c00000, 0x00000000a0c00000|100%| O|  |TAMS 0x00000000a0c00000| PB 0x00000000a0b00000| Untracked |  0
|   12|0x00000000a0c00000, 0x00000000a0d00000, 0x00000000a0d00000|100%| O|  |TAMS 0x00000000a0d00000| PB 0x00000000a0c00000| Untracked |  0
|   13|0x00000000a0d00000, 0x00000000a0e00000, 0x00000000a0e00000|100%| O|  |TAMS 0x00000000a0e00000| PB 0x00000000a0d00000| Untracked |  0
|   14|0x00000000a0e00000, 0x00000000a0f00000, 0x00000000a0f00000|100%| O|  |TAMS 0x00000000a0f00000| PB 0x00000000a0e00000| Untracked |  0
|   15|0x00000000a0f00000, 0x00000000a1000000, 0x00000000a1000000|100%| O|  |TAMS 0x00000000a1000000| PB 0x00000000a0f00000| Untracked |  0
|   16|0x00000000a1000000, 0x00000000a1100000, 0x00000000a1100000|100%| O|  |TAMS 0x00000000a1100000| PB 0x00000000a1000000| Untracked |  0
|   17|0x00000000a1100000, 0x00000000a1200000, 0x00000000a1200000|100%| O|  |TAMS 0x00000000a1200000| PB 0x00000000a1100000| Untracked |  0
|   18|0x00000000a1200000, 0x00000000a1300000, 0x00000000a1300000|100%| O|  |TAMS 0x00000000a1300000| PB 0x00000000a1200000| Untracked |  0
|   19|0x00000000a1300000, 0x00000000a1400000, 0x00000000a1400000|100%| O|  |TAMS 0x00000000a1400000| PB 0x00000000a1300000| Untracked |  0
|   20|0x00000000a1400000, 0x00000000a1500000, 0x00000000a1500000|100%| O|  |TAMS 0x00000000a1500000| PB 0x00000000a1400000| Untracked |  0
|   21|0x00000000a1500000, 0x00000000a1600000, 0x00000000a1600000|100%| O|  |TAMS 0x00000000a1600000| PB 0x00000000a1500000| Untracked |  0
|   22|0x00000000a1600000, 0x00000000a1700000, 0x00000000a1700000|100%| O|  |TAMS 0x00000000a1700000| PB 0x00000000a1600000| Untracked |  0
|   23|0x00000000a1700000, 0x00000000a1800000, 0x00000000a1800000|100%| O|  |TAMS 0x00000000a1800000| PB 0x00000000a1700000| Untracked |  0
|   24|0x00000000a1800000, 0x00000000a1900000, 0x00000000a1900000|100%| O|  |TAMS 0x00000000a1900000| PB 0x00000000a1800000| Untracked |  0
|   25|0x00000000a1900000, 0x00000000a1a00000, 0x00000000a1a00000|100%| O|  |TAMS 0x00000000a1a00000| PB 0x00000000a1900000| Untracked |  0
|   26|0x00000000a1a00000, 0x00000000a1b00000, 0x00000000a1b00000|100%| O|  |TAMS 0x00000000a1b00000| PB 0x00000000a1a00000| Untracked |  0
|   27|0x00000000a1b00000, 0x00000000a1c00000, 0x00000000a1c00000|100%| O|  |TAMS 0x00000000a1c00000| PB 0x00000000a1b00000| Untracked |  0
|   28|0x00000000a1c00000, 0x00000000a1d00000, 0x00000000a1d00000|100%| O|  |TAMS 0x00000000a1d00000| PB 0x00000000a1c00000| Untracked |  0
|   29|0x00000000a1d00000, 0x00000000a1e00000, 0x00000000a1e00000|100%| O|  |TAMS 0x00000000a1e00000| PB 0x00000000a1d00000| Untracked |  0
|   30|0x00000000a1e00000, 0x00000000a1e00000, 0x00000000a1f00000|  0%| F|  |TAMS 0x00000000a1e00000| PB 0x00000000a1e00000| Untracked |  0
|   31|0x00000000a1f00000, 0x00000000a2000000, 0x00000000a2000000|100%| O|  |TAMS 0x00000000a2000000| PB 0x00000000a1f00000| Untracked |  0
|   32|0x00000000a2000000, 0x00000000a2100000, 0x00000000a2100000|100%| O|  |TAMS 0x00000000a2100000| PB 0x00000000a2000000| Untracked |  0
|   33|0x00000000a2100000, 0x00000000a2100000, 0x00000000a2200000|  0%| F|  |TAMS 0x00000000a2100000| PB 0x00000000a2100000| Untracked |  0
|   34|0x00000000a2200000, 0x00000000a2300000, 0x00000000a2300000|100%| O|  |TAMS 0x00000000a2300000| PB 0x00000000a2200000| Untracked |  0
|   35|0x00000000a2300000, 0x00000000a2400000, 0x00000000a2400000|100%| O|  |TAMS 0x00000000a2400000| PB 0x00000000a2300000| Untracked |  0
|   36|0x00000000a2400000, 0x00000000a2500000, 0x00000000a2500000|100%| O|  |TAMS 0x00000000a2500000| PB 0x00000000a2400000| Untracked |  0
|   37|0x00000000a2500000, 0x00000000a2600000, 0x00000000a2600000|100%| O|  |TAMS 0x00000000a2600000| PB 0x00000000a2500000| Untracked |  0
|   38|0x00000000a2600000, 0x00000000a2700000, 0x00000000a2700000|100%| O|  |TAMS 0x00000000a2700000| PB 0x00000000a2600000| Untracked |  0
|   39|0x00000000a2700000, 0x00000000a2800000, 0x00000000a2800000|100%| O|  |TAMS 0x00000000a2800000| PB 0x00000000a2700000| Untracked |  0
|   40|0x00000000a2800000, 0x00000000a2900000, 0x00000000a2900000|100%| O|  |TAMS 0x00000000a2900000| PB 0x00000000a2800000| Untracked |  0
|   41|0x00000000a2900000, 0x00000000a2a00000, 0x00000000a2a00000|100%| O|  |TAMS 0x00000000a2a00000| PB 0x00000000a2900000| Untracked |  0
|   42|0x00000000a2a00000, 0x00000000a2b00000, 0x00000000a2b00000|100%| O|  |TAMS 0x00000000a2b00000| PB 0x00000000a2a00000| Untracked |  0
|   43|0x00000000a2b00000, 0x00000000a2c00000, 0x00000000a2c00000|100%| O|  |TAMS 0x00000000a2c00000| PB 0x00000000a2b00000| Untracked |  0
|   44|0x00000000a2c00000, 0x00000000a2d00000, 0x00000000a2d00000|100%| O|  |TAMS 0x00000000a2d00000| PB 0x00000000a2c00000| Untracked |  0
|   45|0x00000000a2d00000, 0x00000000a2e00000, 0x00000000a2e00000|100%| O|  |TAMS 0x00000000a2e00000| PB 0x00000000a2d00000| Untracked |  0
|   46|0x00000000a2e00000, 0x00000000a2f00000, 0x00000000a2f00000|100%| O|  |TAMS 0x00000000a2f00000| PB 0x00000000a2e00000| Untracked |  0
|   47|0x00000000a2f00000, 0x00000000a3000000, 0x00000000a3000000|100%| O|  |TAMS 0x00000000a3000000| PB 0x00000000a2f00000| Untracked |  0
|   48|0x00000000a3000000, 0x00000000a3100000, 0x00000000a3100000|100%| O|  |TAMS 0x00000000a3100000| PB 0x00000000a3000000| Untracked |  0
|   49|0x00000000a3100000, 0x00000000a3200000, 0x00000000a3200000|100%| O|  |TAMS 0x00000000a3200000| PB 0x00000000a3100000| Untracked |  0
|   50|0x00000000a3200000, 0x00000000a3300000, 0x00000000a3300000|100%|HS|  |TAMS 0x00000000a3300000| PB 0x00000000a3200000| Complete  |  0
|   51|0x00000000a3300000, 0x00000000a3400000, 0x00000000a3400000|100%|HS|  |TAMS 0x00000000a3400000| PB 0x00000000a3300000| Complete  |  0
|   52|0x00000000a3400000, 0x00000000a3500000, 0x00000000a3500000|100%|HS|  |TAMS 0x00000000a3500000| PB 0x00000000a3400000| Complete  |  0
|   53|0x00000000a3500000, 0x00000000a3600000, 0x00000000a3600000|100%| O|  |TAMS 0x00000000a3600000| PB 0x00000000a3500000| Untracked |  0
|   54|0x00000000a3600000, 0x00000000a3700000, 0x00000000a3700000|100%|HS|  |TAMS 0x00000000a3700000| PB 0x00000000a3600000| Complete  |  0
|   55|0x00000000a3700000, 0x00000000a3800000, 0x00000000a3800000|100%|HS|  |TAMS 0x00000000a3800000| PB 0x00000000a3700000| Complete  |  0
|   56|0x00000000a3800000, 0x00000000a3900000, 0x00000000a3900000|100%| O|  |TAMS 0x00000000a3900000| PB 0x00000000a3800000| Untracked |  0
|   57|0x00000000a3900000, 0x00000000a3a00000, 0x00000000a3a00000|100%| O|  |TAMS 0x00000000a3a00000| PB 0x00000000a3900000| Untracked |  0
|   58|0x00000000a3a00000, 0x00000000a3b00000, 0x00000000a3b00000|100%|HS|  |TAMS 0x00000000a3b00000| PB 0x00000000a3a00000| Complete  |  0
|   59|0x00000000a3b00000, 0x00000000a3c00000, 0x00000000a3c00000|100%| O|  |TAMS 0x00000000a3c00000| PB 0x00000000a3b00000| Untracked |  0
|   60|0x00000000a3c00000, 0x00000000a3d00000, 0x00000000a3d00000|100%| O|  |TAMS 0x00000000a3d00000| PB 0x00000000a3c00000| Untracked |  0
|   61|0x00000000a3d00000, 0x00000000a3e00000, 0x00000000a3e00000|100%| O|  |TAMS 0x00000000a3e00000| PB 0x00000000a3d00000| Untracked |  0
|   62|0x00000000a3e00000, 0x00000000a3f00000, 0x00000000a3f00000|100%| O|  |TAMS 0x00000000a3f00000| PB 0x00000000a3e00000| Untracked |  0
|   63|0x00000000a3f00000, 0x00000000a4000000, 0x00000000a4000000|100%| O|  |TAMS 0x00000000a4000000| PB 0x00000000a3f00000| Untracked |  0
|   64|0x00000000a4000000, 0x00000000a4100000, 0x00000000a4100000|100%| O|  |TAMS 0x00000000a4100000| PB 0x00000000a4000000| Untracked |  0
|   65|0x00000000a4100000, 0x00000000a41becc8, 0x00000000a4200000| 74%| O|  |TAMS 0x00000000a41becc8| PB 0x00000000a4100000| Untracked |  0
|   66|0x00000000a4200000, 0x00000000a4200000, 0x00000000a4300000|  0%| F|  |TAMS 0x00000000a4200000| PB 0x00000000a4200000| Untracked |  0
|   67|0x00000000a4300000, 0x00000000a4300000, 0x00000000a4400000|  0%| F|  |TAMS 0x00000000a4300000| PB 0x00000000a4300000| Untracked |  0
|   68|0x00000000a4400000, 0x00000000a4400000, 0x00000000a4500000|  0%| F|  |TAMS 0x00000000a4400000| PB 0x00000000a4400000| Untracked |  0
|   69|0x00000000a4500000, 0x00000000a4500000, 0x00000000a4600000|  0%| F|  |TAMS 0x00000000a4500000| PB 0x00000000a4500000| Untracked |  0
|   70|0x00000000a4600000, 0x00000000a4600000, 0x00000000a4700000|  0%| F|  |TAMS 0x00000000a4600000| PB 0x00000000a4600000| Untracked |  0
|   71|0x00000000a4700000, 0x00000000a4700000, 0x00000000a4800000|  0%| F|  |TAMS 0x00000000a4700000| PB 0x00000000a4700000| Untracked |  0
|   72|0x00000000a4800000, 0x00000000a4800000, 0x00000000a4900000|  0%| F|  |TAMS 0x00000000a4800000| PB 0x00000000a4800000| Untracked |  0
|   73|0x00000000a4900000, 0x00000000a4900000, 0x00000000a4a00000|  0%| F|  |TAMS 0x00000000a4900000| PB 0x00000000a4900000| Untracked |  0
|   74|0x00000000a4a00000, 0x00000000a4a00000, 0x00000000a4b00000|  0%| F|  |TAMS 0x00000000a4a00000| PB 0x00000000a4a00000| Untracked |  0
|   75|0x00000000a4b00000, 0x00000000a4b33e00, 0x00000000a4c00000| 20%| S|CS|TAMS 0x00000000a4b00000| PB 0x00000000a4b00000| Complete  |  0
|   76|0x00000000a4c00000, 0x00000000a4d00000, 0x00000000a4d00000|100%| S|CS|TAMS 0x00000000a4c00000| PB 0x00000000a4c00000| Complete  |  0
|   77|0x00000000a4d00000, 0x00000000a4e00000, 0x00000000a4e00000|100%| S|CS|TAMS 0x00000000a4d00000| PB 0x00000000a4d00000| Complete  |  0
|   78|0x00000000a4e00000, 0x00000000a4e00000, 0x00000000a4f00000|  0%| F|  |TAMS 0x00000000a4e00000| PB 0x00000000a4e00000| Untracked |  0
|   79|0x00000000a4f00000, 0x00000000a4f00000, 0x00000000a5000000|  0%| F|  |TAMS 0x00000000a4f00000| PB 0x00000000a4f00000| Untracked |  0
|   80|0x00000000a5000000, 0x00000000a5000000, 0x00000000a5100000|  0%| F|  |TAMS 0x00000000a5000000| PB 0x00000000a5000000| Untracked |  0
|   81|0x00000000a5100000, 0x00000000a5100000, 0x00000000a5200000|  0%| F|  |TAMS 0x00000000a5100000| PB 0x00000000a5100000| Untracked |  0
|   82|0x00000000a5200000, 0x00000000a5200000, 0x00000000a5300000|  0%| F|  |TAMS 0x00000000a5200000| PB 0x00000000a5200000| Untracked |  0
|   83|0x00000000a5300000, 0x00000000a5300000, 0x00000000a5400000|  0%| F|  |TAMS 0x00000000a5300000| PB 0x00000000a5300000| Untracked |  0
|   84|0x00000000a5400000, 0x00000000a5400000, 0x00000000a5500000|  0%| F|  |TAMS 0x00000000a5400000| PB 0x00000000a5400000| Untracked |  0
|   85|0x00000000a5500000, 0x00000000a5500000, 0x00000000a5600000|  0%| F|  |TAMS 0x00000000a5500000| PB 0x00000000a5500000| Untracked |  0
|   86|0x00000000a5600000, 0x00000000a5600000, 0x00000000a5700000|  0%| F|  |TAMS 0x00000000a5600000| PB 0x00000000a5600000| Untracked |  0
|   87|0x00000000a5700000, 0x00000000a5700000, 0x00000000a5800000|  0%| F|  |TAMS 0x00000000a5700000| PB 0x00000000a5700000| Untracked |  0
|   88|0x00000000a5800000, 0x00000000a5800000, 0x00000000a5900000|  0%| F|  |TAMS 0x00000000a5800000| PB 0x00000000a5800000| Untracked |  0
|   89|0x00000000a5900000, 0x00000000a5900000, 0x00000000a5a00000|  0%| F|  |TAMS 0x00000000a5900000| PB 0x00000000a5900000| Untracked |  0
|   90|0x00000000a5a00000, 0x00000000a5a00000, 0x00000000a5b00000|  0%| F|  |TAMS 0x00000000a5a00000| PB 0x00000000a5a00000| Untracked |  0
|   91|0x00000000a5b00000, 0x00000000a5b00000, 0x00000000a5c00000|  0%| F|  |TAMS 0x00000000a5b00000| PB 0x00000000a5b00000| Untracked |  0
|   92|0x00000000a5c00000, 0x00000000a5c00000, 0x00000000a5d00000|  0%| F|  |TAMS 0x00000000a5c00000| PB 0x00000000a5c00000| Untracked |  0
|   93|0x00000000a5d00000, 0x00000000a5d00000, 0x00000000a5e00000|  0%| F|  |TAMS 0x00000000a5d00000| PB 0x00000000a5d00000| Untracked |  0
|   94|0x00000000a5e00000, 0x00000000a5e00000, 0x00000000a5f00000|  0%| F|  |TAMS 0x00000000a5e00000| PB 0x00000000a5e00000| Untracked |  0
| 1532|0x00000000ffc00000, 0x00000000ffd00000, 0x00000000ffd00000|100%| O|  |TAMS 0x00000000ffd00000| PB 0x00000000ffc00000| Untracked |  0
| 1533|0x00000000ffd00000, 0x00000000ffe00000, 0x00000000ffe00000|100%| O|  |TAMS 0x00000000ffe00000| PB 0x00000000ffd00000| Untracked |  0
| 1534|0x00000000ffe00000, 0x00000000fff00000, 0x00000000fff00000|100%| O|  |TAMS 0x00000000fff00000| PB 0x00000000ffe00000| Untracked |  0
| 1535|0x00000000fff00000, 0x00000000fff00000, 0x0000000100000000|  0%| F|  |TAMS 0x00000000fff00000| PB 0x00000000fff00000| Untracked |  0

Card table byte_map: [0x000001831d220000,0x000001831d520000] _byte_map_base: 0x000001831cd20000
Refinement table byte_map: [0x000001831cf20000,0x000001831d220000] _byte_map_base: 0x000001831ca20000

Marking Bits: (CMBitMap*) 0x0000018303e9d9a0
 Bits: [0x000001831d520000, 0x000001831ed20000)

Polling page: 0x0000018301ca0000

Metaspace:
Metaspace        used 57364K, committed 59200K, reserved 1114112K
 class space     used 8396K, committed 9280K, reserved 1048576K

Usage:
  Non-class:     47.82 MB used.
      Class:      8.20 MB used.
       Both:     56.02 MB used.

Virtual space:
  Non-class space:       64.00 MB reserved,      48.75 MB ( 76%) committed,  1 nodes.
      Class space:        1.00 GB reserved,       9.06 MB ( <1%) committed,  1 nodes.
             Both:        1.06 GB reserved,      57.81 MB (  5%) committed. 

Chunk freelists:
   Non-Class:  15.27 MB
       Class:  6.94 MB
        Both:  22.20 MB

MaxMetaspaceSize: unlimited
CompressedClassSpaceSize: 1.00 GB
Initial GC threshold: 21.00 MB
Current GC threshold: 89.94 MB
CDS: on
 - commit_granule_bytes: 65536.
 - commit_granule_words: 8192.
 - virtual_space_node_default_size: 8388608.
 - enlarge_chunks_in_place: 1.
UseCompressedClassPointers 1, UseCompactObjectHeaders 0
Narrow klass pointer bits 32, Max shift 3
Narrow klass base: 0x0000000018000000, Narrow klass shift: 0
Encoding Range: [0x0000000018000000 - 0x0000000118000000), (4294967296 bytes)
Klass Range:    [0x0000000018000000 - 0x0000000059000000), (1090519040 bytes)
Klass ID Range:  [8 - 1090519033) (1090519025)
Protection zone: [0x0000000018000000 - 0x0000000018010000), (65536 bytes)


Internal statistics:

num_allocs_failed_limit: 10.
num_arena_births: 3150.
num_arena_deaths: 0.
num_vsnodes_births: 2.
num_vsnodes_deaths: 0.
num_space_committed: 925.
num_space_uncommitted: 0.
num_chunks_returned_to_freelist: 10.
num_chunks_taken_from_freelist: 5799.
num_chunk_merges: 3.
num_chunk_splits: 3747.
num_chunks_enlarged: 2282.
num_inconsistent_stats: 0.

CodeHeap 'non-profiled nmethods': size=119168Kb used=3361Kb max_used=3361Kb free=115806Kb
 bounds [0x00000183146b0000, 0x0000018314a00000, 0x000001831bb10000]
CodeHeap 'profiled nmethods': size=119168Kb used=12437Kb max_used=12597Kb free=106731Kb
 bounds [0x000001830cb00000, 0x000001830d760000, 0x0000018313f60000]
CodeHeap 'non-nmethods': size=7488Kb used=4358Kb max_used=4476Kb free=3129Kb
 bounds [0x0000018313f60000, 0x00000183143d0000, 0x00000183146b0000]
CodeCache: size=245824Kb, used=20156Kb, max_used=20434Kb, free=225666Kb
 total_blobs=9525, nmethods=8601, adapters=825, full_count=0
Compilation: enabled, stopped_count=0, restarted_count=0

Compilation events (20 events):
Event: 4.777 Thread 0x00000183224e3760 nmethod 9930 0x000001830d205b88 code [0x000001830d205c80, 0x000001830d2065e0]
Event: 4.777 Thread 0x00000183224e3760 9933       3       com.android.build.gradle.options.ProjectOptions$OptionValue$$Lambda/0x00000000198e26c8::call (12 bytes)
Event: 4.777 Thread 0x00000183224e57a0 nmethod 9932 0x000001830d205888 code [0x000001830d205980, 0x000001830d205b40]
Event: 4.777 Thread 0x00000183224e57a0 9934       3       com.android.build.gradle.options.ProjectOptions$OptionValue::lambda$setValue$0 (27 bytes)
Event: 4.777 Thread 0x0000018321ebc600 nmethod 9931 0x000001830d204a08 code [0x000001830d204b00, 0x000001830d205840]
Event: 4.777 Thread 0x00000183224e3760 nmethod 9933 0x000001830d24e108 code [0x000001830d24e200, 0x000001830d24e7f0]
Event: 4.777 Thread 0x00000183224e3760 9935       3       com.google.common.collect.AbstractIndexedListIterator::next (31 bytes)
Event: 4.777 Thread 0x00000183224e57a0 nmethod 9934 0x000001830d24da08 code [0x000001830d24db00, 0x000001830d24e0a8]
Event: 4.777 Thread 0x0000018321ebc600 9936       3       com.google.common.collect.Iterators$ArrayItr::get (7 bytes)
Event: 4.777 Thread 0x0000018321ebc600 nmethod 9936 0x000001830d204708 code [0x000001830d204800, 0x000001830d204928]
Event: 4.777 Thread 0x00000183224e3760 nmethod 9935 0x000001830d24d508 code [0x000001830d24d600, 0x000001830d24d9d0]
Event: 4.777 Thread 0x00000183224e6fd0 nmethod 9926 0x000001830cba7c88 code [0x000001830cba7d80, 0x000001830cbaac30]
Event: 4.778 Thread 0x0000018321ebc600 9937       3       java.lang.Class::getDeclaredField (36 bytes)
Event: 4.778 Thread 0x0000018321ebc600 nmethod 9937 0x000001830d24cd08 code [0x000001830d24ce00, 0x000001830d24d4d8]
Event: 4.778 Thread 0x0000018321ebc600 9938       3       org.gradle.internal.instantiation.generator.AbstractClassGenerator::assembleProperties (239 bytes)
Event: 4.779 Thread 0x0000018321ebc600 nmethod 9938 0x000001830cd23208 code [0x000001830cd23300, 0x000001830cd25ed0]
Event: 4.779 Thread 0x00000183224e3760 9939       3       org.gradle.internal.io.StreamByteBuffer::readFully (27 bytes)
Event: 4.779 Thread 0x00000183224e6fd0 9940       3       org.gradle.internal.io.StreamByteBuffer::readAsByteArray (21 bytes)
Event: 4.779 Thread 0x00000183224e3760 nmethod 9939 0x000001830cba7688 code [0x000001830cba7780, 0x000001830cba79c0]
Event: 4.780 Thread 0x00000183224e6fd0 nmethod 9940 0x000001830d24c988 code [0x000001830d24ca80, 0x000001830d24ccb0]

GC Heap Usage History (20 events):
Event: 3.269 {heap After GC invocations=25 (full 0):
 garbage-first heap   total reserved 1572864K, committed 99328K, used 44886K [0x00000000a0000000, 0x0000000100000000)
  region size 1M, 0 eden (0M), 4 survivor (4M), 37 old (37M), 4 humongous (4M), 52 free (52M)
}
Event: 3.603 {heap Before GC invocations=25 (full 0):
 garbage-first heap   total reserved 1572864K, committed 99328K, used 85846K [0x00000000a0000000, 0x0000000100000000)
  region size 1M, 39 eden (39M), 4 survivor (4M), 37 old (37M), 6 humongous (6M), 11 free (11M)
}
Event: 3.605 {heap After GC invocations=26 (full 0):
 garbage-first heap   total reserved 1572864K, committed 99328K, used 47170K [0x00000000a0000000, 0x0000000100000000)
  region size 1M, 0 eden (0M), 5 survivor (5M), 38 old (38M), 4 humongous (4M), 50 free (50M)
}
Event: 3.954 {heap Before GC invocations=26 (full 0):
 garbage-first heap   total reserved 1572864K, committed 99328K, used 87106K [0x00000000a0000000, 0x0000000100000000)
  region size 1M, 39 eden (39M), 5 survivor (5M), 38 old (38M), 4 humongous (4M), 11 free (11M)
}
Event: 3.956 {heap After GC invocations=27 (full 0):
 garbage-first heap   total reserved 1572864K, committed 99328K, used 49188K [0x00000000a0000000, 0x0000000100000000)
  region size 1M, 0 eden (0M), 5 survivor (5M), 40 old (40M), 4 humongous (4M), 48 free (48M)
}
Event: 4.210 {heap Before GC invocations=27 (full 0):
 garbage-first heap   total reserved 1572864K, committed 99328K, used 87076K [0x00000000a0000000, 0x0000000100000000)
  region size 1M, 38 eden (38M), 5 survivor (5M), 40 old (40M), 4 humongous (4M), 10 free (10M)
}
Event: 4.213 {heap After GC invocations=28 (full 0):
 garbage-first heap   total reserved 1572864K, committed 99328K, used 53724K [0x00000000a0000000, 0x0000000100000000)
  region size 1M, 0 eden (0M), 6 survivor (6M), 43 old (43M), 4 humongous (4M), 44 free (44M)
}
Event: 4.302 {heap Before GC invocations=28 (full 0):
 garbage-first heap   total reserved 1572864K, committed 99328K, used 87516K [0x00000000a0000000, 0x0000000100000000)
  region size 1M, 34 eden (34M), 6 survivor (6M), 43 old (43M), 4 humongous (4M), 10 free (10M)
}
Event: 4.305 {heap After GC invocations=29 (full 0):
 garbage-first heap   total reserved 1572864K, committed 99328K, used 55964K [0x00000000a0000000, 0x0000000100000000)
  region size 1M, 0 eden (0M), 2 survivor (2M), 49 old (49M), 4 humongous (4M), 42 free (42M)
}
Event: 4.355 {heap Before GC invocations=30 (full 0):
 garbage-first heap   total reserved 1572864K, committed 99328K, used 88732K [0x00000000a0000000, 0x0000000100000000)
  region size 1M, 33 eden (33M), 2 survivor (2M), 49 old (49M), 4 humongous (4M), 9 free (9M)
}
Event: 4.357 {heap After GC invocations=31 (full 0):
 garbage-first heap   total reserved 1572864K, committed 99328K, used 56450K [0x00000000a0000000, 0x0000000100000000)
  region size 1M, 0 eden (0M), 3 survivor (3M), 49 old (49M), 4 humongous (4M), 41 free (41M)
}
Event: 4.470 {heap Before GC invocations=31 (full 0):
 garbage-first heap   total reserved 1572864K, committed 99328K, used 93314K [0x00000000a0000000, 0x0000000100000000)
  region size 1M, 34 eden (34M), 3 survivor (3M), 49 old (49M), 7 humongous (7M), 4 free (4M)
}
Event: 4.473 {heap After GC invocations=32 (full 0):
 garbage-first heap   total reserved 1572864K, committed 101376K, used 61144K [0x00000000a0000000, 0x0000000100000000)
  region size 1M, 0 eden (0M), 5 survivor (5M), 48 old (48M), 7 humongous (7M), 39 free (39M)
}
Event: 4.480 {heap Before GC invocations=32 (full 0):
 garbage-first heap   total reserved 1572864K, committed 101376K, used 63192K [0x00000000a0000000, 0x0000000100000000)
  region size 1M, 3 eden (3M), 5 survivor (5M), 48 old (48M), 7 humongous (7M), 36 free (36M)
}
Event: 4.482 {heap After GC invocations=33 (full 0):
 garbage-first heap   total reserved 1572864K, committed 101376K, used 62968K [0x00000000a0000000, 0x0000000100000000)
  region size 1M, 0 eden (0M), 2 survivor (2M), 53 old (53M), 7 humongous (7M), 37 free (37M)
}
Event: 4.637 {heap Before GC invocations=34 (full 0):
 garbage-first heap   total reserved 1572864K, committed 101376K, used 82424K [0x00000000a0000000, 0x0000000100000000)
  region size 1M, 17 eden (17M), 2 survivor (2M), 53 old (53M), 10 humongous (10M), 17 free (17M)
}
Event: 4.638 {heap After GC invocations=35 (full 0):
 garbage-first heap   total reserved 1572864K, committed 101376K, used 68291K [0x00000000a0000000, 0x0000000100000000)
  region size 1M, 0 eden (0M), 3 survivor (3M), 55 old (55M), 9 humongous (9M), 32 free (32M)
}
Event: 4.703 {heap Before GC invocations=35 (full 0):
 garbage-first heap   total reserved 1572864K, committed 101376K, used 84675K [0x00000000a0000000, 0x0000000100000000)
  region size 1M, 16 eden (16M), 3 survivor (3M), 55 old (55M), 10 humongous (10M), 15 free (15M)
}
Event: 4.704 {heap After GC invocations=36 (full 0):
 garbage-first heap   total reserved 1572864K, committed 101376K, used 69721K [0x00000000a0000000, 0x0000000100000000)
  region size 1M, 0 eden (0M), 2 survivor (2M), 57 old (57M), 10 humongous (10M), 30 free (30M)
}
Event: 4.783 {heap Before GC invocations=36 (full 0):
 garbage-first heap   total reserved 1572864K, committed 101376K, used 85081K [0x00000000a0000000, 0x0000000100000000)
  region size 1M, 16 eden (16M), 2 survivor (2M), 57 old (57M), 10 humongous (10M), 14 free (14M)
}

Metaspace Usage History (20 events):
Event: 3.269 {metaspace After GC invocations=25 (full 0):
 Metaspace       used 44143K, committed 45696K, reserved 1114112K
  class space    used 6546K, committed 7296K, reserved 1048576K
}
Event: 3.603 {metaspace Before GC invocations=25 (full 0):
 Metaspace       used 47747K, committed 49408K, reserved 1114112K
  class space    used 7039K, committed 7872K, reserved 1048576K
}
Event: 3.605 {metaspace After GC invocations=26 (full 0):
 Metaspace       used 47747K, committed 49408K, reserved 1114112K
  class space    used 7039K, committed 7872K, reserved 1048576K
}
Event: 3.954 {metaspace Before GC invocations=26 (full 0):
 Metaspace       used 51547K, committed 53312K, reserved 1114112K
  class space    used 7654K, committed 8512K, reserved 1048576K
}
Event: 3.956 {metaspace After GC invocations=27 (full 0):
 Metaspace       used 51547K, committed 53312K, reserved 1114112K
  class space    used 7654K, committed 8512K, reserved 1048576K
}
Event: 4.210 {metaspace Before GC invocations=27 (full 0):
 Metaspace       used 53010K, committed 54784K, reserved 1114112K
  class space    used 7876K, committed 8704K, reserved 1048576K
}
Event: 4.213 {metaspace After GC invocations=28 (full 0):
 Metaspace       used 53010K, committed 54784K, reserved 1114112K
  class space    used 7876K, committed 8704K, reserved 1048576K
}
Event: 4.302 {metaspace Before GC invocations=28 (full 0):
 Metaspace       used 53411K, committed 55232K, reserved 1114112K
  class space    used 7900K, committed 8768K, reserved 1048576K
}
Event: 4.305 {metaspace After GC invocations=29 (full 0):
 Metaspace       used 53411K, committed 55232K, reserved 1114112K
  class space    used 7900K, committed 8768K, reserved 1048576K
}
Event: 4.355 {metaspace Before GC invocations=30 (full 0):
 Metaspace       used 53459K, committed 55232K, reserved 1114112K
  class space    used 7900K, committed 8768K, reserved 1048576K
}
Event: 4.357 {metaspace After GC invocations=31 (full 0):
 Metaspace       used 53459K, committed 55232K, reserved 1114112K
  class space    used 7900K, committed 8768K, reserved 1048576K
}
Event: 4.470 {metaspace Before GC invocations=31 (full 0):
 Metaspace       used 53560K, committed 55296K, reserved 1114112K
  class space    used 7919K, committed 8768K, reserved 1048576K
}
Event: 4.473 {metaspace After GC invocations=32 (full 0):
 Metaspace       used 53560K, committed 55296K, reserved 1114112K
  class space    used 7919K, committed 8768K, reserved 1048576K
}
Event: 4.480 {metaspace Before GC invocations=32 (full 0):
 Metaspace       used 53560K, committed 55296K, reserved 1114112K
  class space    used 7919K, committed 8768K, reserved 1048576K
}
Event: 4.482 {metaspace After GC invocations=33 (full 0):
 Metaspace       used 53560K, committed 55296K, reserved 1114112K
  class space    used 7919K, committed 8768K, reserved 1048576K
}
Event: 4.637 {metaspace Before GC invocations=34 (full 0):
 Metaspace       used 54494K, committed 56256K, reserved 1114112K
  class space    used 8055K, committed 8896K, reserved 1048576K
}
Event: 4.638 {metaspace After GC invocations=35 (full 0):
 Metaspace       used 54494K, committed 56256K, reserved 1114112K
  class space    used 8055K, committed 8896K, reserved 1048576K
}
Event: 4.703 {metaspace Before GC invocations=35 (full 0):
 Metaspace       used 55801K, committed 57600K, reserved 1114112K
  class space    used 8214K, committed 9088K, reserved 1048576K
}
Event: 4.704 {metaspace After GC invocations=36 (full 0):
 Metaspace       used 55801K, committed 57600K, reserved 1114112K
  class space    used 8214K, committed 9088K, reserved 1048576K
}
Event: 4.783 {metaspace Before GC invocations=36 (full 0):
 Metaspace       used 57364K, committed 59200K, reserved 1114112K
  class space    used 8396K, committed 9280K, reserved 1048576K
}

Dll operation events (20 events):
Event: 0.041 Attempting to load shared library C:\Program Files\Java\jdk-26.0.1\bin\nio.dll
Event: 0.042 Loaded shared library C:\Program Files\Java\jdk-26.0.1\bin\nio.dll
Event: 0.043 Attempting to load shared library C:\Program Files\Java\jdk-26.0.1\bin\zip.dll
Event: 0.043 Loaded shared library C:\Program Files\Java\jdk-26.0.1\bin\zip.dll
Event: 0.181 Attempting to load shared library C:\Program Files\Java\jdk-26.0.1\bin\jimage.dll
Event: 0.181 Loaded shared library C:\Program Files\Java\jdk-26.0.1\bin\jimage.dll
Event: 0.246 Attempting to load shared library C:\Program Files\Java\jdk-26.0.1\bin\verify.dll
Event: 0.246 Loaded shared library C:\Program Files\Java\jdk-26.0.1\bin\verify.dll
Event: 0.287 Attempting to load shared library C:\Users\LEGION\.gradle\native\1def1411415f61bf3af743bc5b6707747c0891f09f0c88961ee8f79bc544acac\windows-amd64\native-platform.dll
Event: 0.288 Loaded shared library C:\Users\LEGION\.gradle\native\1def1411415f61bf3af743bc5b6707747c0891f09f0c88961ee8f79bc544acac\windows-amd64\native-platform.dll
Event: 0.292 Attempting to load shared library C:\Users\LEGION\.gradle\native\0.2.7\x86_64-windows-gnu\gradle-fileevents.dll
Event: 0.292 Loaded shared library C:\Users\LEGION\.gradle\native\0.2.7\x86_64-windows-gnu\gradle-fileevents.dll
Event: 0.836 Attempting to load shared library C:\Program Files\Java\jdk-26.0.1\bin\management.dll
Event: 0.836 Loaded shared library C:\Program Files\Java\jdk-26.0.1\bin\management.dll
Event: 0.837 Attempting to load shared library C:\Program Files\Java\jdk-26.0.1\bin\management_ext.dll
Event: 0.837 Loaded shared library C:\Program Files\Java\jdk-26.0.1\bin\management_ext.dll
Event: 0.912 Attempting to load shared library C:\Program Files\Java\jdk-26.0.1\bin\extnet.dll
Event: 0.913 Loaded shared library C:\Program Files\Java\jdk-26.0.1\bin\extnet.dll
Event: 1.030 Attempting to load shared library C:\Program Files\Java\jdk-26.0.1\bin\sunmscapi.dll
Event: 1.031 Loaded shared library C:\Program Files\Java\jdk-26.0.1\bin\sunmscapi.dll

Deoptimization events (20 events):
Event: 4.670 Thread 0x00000183290e0f80 Uncommon trap: trap_request=0xffffffbe fr.pc=0x0000018314913b44 relative=0x0000000000000344
Event: 4.670 Thread 0x00000183290e0f80 Uncommon trap: reason=profile_predicate action=maybe_recompile pc=0x0000018314913b44 method=sun.instrument.TransformerManager.transform(Ljava/lang/Module;Ljava/lang/ClassLoader;Ljava/lang/String;Ljava/lang/Class;Ljava/security/ProtectionDomain;[B)[B @ 21 
Event: 4.670 Thread 0x00000183290e0f80 DEOPT PACKING pc=0x0000018314913b44 sp=0x0000000102ef4280
Event: 4.670 Thread 0x00000183290e0f80 DEOPT UNPACKING pc=0x0000018314084102 sp=0x0000000102ef4150 mode 2
Event: 4.670 Thread 0x00000183290e0f80 Uncommon trap: trap_request=0xffffffbe fr.pc=0x0000018314913b44 relative=0x0000000000000344
Event: 4.670 Thread 0x00000183290e0f80 Uncommon trap: reason=profile_predicate action=maybe_recompile pc=0x0000018314913b44 method=sun.instrument.TransformerManager.transform(Ljava/lang/Module;Ljava/lang/ClassLoader;Ljava/lang/String;Ljava/lang/Class;Ljava/security/ProtectionDomain;[B)[B @ 21 
Event: 4.670 Thread 0x00000183290e0f80 DEOPT PACKING pc=0x0000018314913b44 sp=0x0000000102ef4280
Event: 4.670 Thread 0x00000183290e0f80 DEOPT UNPACKING pc=0x0000018314084102 sp=0x0000000102ef4150 mode 2
Event: 4.720 Thread 0x00000183290e0f80 Uncommon trap: trap_request=0xffffffde fr.pc=0x00000183148d1574 relative=0x00000000000013d4
Event: 4.720 Thread 0x00000183290e0f80 Uncommon trap: reason=class_check action=maybe_recompile pc=0x00000183148d1574 method=java.util.jar.JarFile.getManifestFromReference()Ljava/util/jar/Manifest; @ 152 c2
Event: 4.720 Thread 0x00000183290e0f80 DEOPT PACKING pc=0x00000183148d1574 sp=0x0000000102ef4500
Event: 4.720 Thread 0x00000183290e0f80 DEOPT UNPACKING pc=0x0000018314084102 sp=0x0000000102ef44c0 mode 2
Event: 4.768 Thread 0x00000183290e0f80 Uncommon trap: trap_request=0xffffffde fr.pc=0x00000183148d1574 relative=0x00000000000013d4
Event: 4.768 Thread 0x00000183290e0f80 Uncommon trap: reason=class_check action=maybe_recompile pc=0x00000183148d1574 method=java.util.jar.JarFile.getManifestFromReference()Ljava/util/jar/Manifest; @ 152 c2
Event: 4.768 Thread 0x00000183290e0f80 DEOPT PACKING pc=0x00000183148d1574 sp=0x0000000102ef5fc0
Event: 4.768 Thread 0x00000183290e0f80 DEOPT UNPACKING pc=0x0000018314084102 sp=0x0000000102ef5f80 mode 2
Event: 4.773 Thread 0x00000183290e0f80 Uncommon trap: trap_request=0xffffff45 fr.pc=0x00000183147a0b1c relative=0x0000000000001c1c
Event: 4.773 Thread 0x00000183290e0f80 Uncommon trap: reason=unstable_if action=reinterpret pc=0x00000183147a0b1c method=java.util.zip.InflaterInputStream.read([BII)I @ 94 c2
Event: 4.773 Thread 0x00000183290e0f80 DEOPT PACKING pc=0x00000183147a0b1c sp=0x0000000102ef4810
Event: 4.773 Thread 0x00000183290e0f80 DEOPT UNPACKING pc=0x0000018314084102 sp=0x0000000102ef4870 mode 2

Classes loaded (20 events):
Event: 4.580 Loading class java/util/ArraysCustomizer
Event: 4.580 Loading class java/util/ArraysCustomizer done
Event: 4.581 Loading class java/util/ArraysCustomizer
Event: 4.581 Loading class java/util/ArraysCustomizer done
Event: 4.595 Loading class java/util/stream/SortedOps$RefSortingSink
Event: 4.596 Loading class java/util/stream/SortedOps$RefSortingSink done
Event: 4.598 Loading class java/time/Ser
Event: 4.598 Loading class java/time/Ser done
Event: 4.696 Loading class java/util/ArrayList$SubList$1
Event: 4.696 Loading class java/util/ArrayList$SubList$1 done
Event: 4.722 Loading class java/lang/classfile/CodeModel
Event: 4.722 Loading class java/lang/classfile/CodeModel done
Event: 4.754 Loading class java/util/concurrent/atomic/AtomicReferenceFieldUpdater
Event: 4.754 Loading class java/util/concurrent/atomic/AtomicReferenceFieldUpdater done
Event: 4.754 Loading class java/util/concurrent/atomic/AtomicReferenceFieldUpdater$AtomicReferenceFieldUpdaterImpl
Event: 4.754 Loading class java/util/concurrent/atomic/AtomicReferenceFieldUpdater$AtomicReferenceFieldUpdaterImpl done
Event: 4.754 Loading class sun/reflect/misc/ReflectUtil
Event: 4.754 Loading class sun/reflect/misc/ReflectUtil done
Event: 4.759 Loading class java/util/Comparators$NullComparator
Event: 4.759 Loading class java/util/Comparators$NullComparator done

Classes unloaded (0 events):
No events

Classes redefined (0 events):
No events

Internal exceptions (20 events):
Event: 4.564 Thread 0x00000183290e0f80 Exception <a 'java/lang/ClassNotFoundException'{0x00000000a56a95e8}: org/gradle/api/internal/AbstractTaskCustomizer> (0x00000000a56a95e8) 
thrown [s\open\src\hotspot\share\classfile\systemDictionary.cpp, line 329]
Event: 4.565 Thread 0x00000183290e0f80 Exception <a 'java/lang/ClassNotFoundException'{0x00000000a550dbc8}: org/gradle/api/DefaultTaskCustomizer> (0x00000000a550dbc8) 
thrown [s\open\src\hotspot\share\classfile\systemDictionary.cpp, line 329]
Event: 4.567 Thread 0x00000183290e0f80 Exception <a 'java/lang/ClassNotFoundException'{0x00000000a557c1b8}: org/gradle/api/internal/ConventionTaskCustomizer> (0x00000000a557c1b8) 
thrown [s\open\src\hotspot\share\classfile\systemDictionary.cpp, line 329]
Event: 4.568 Thread 0x00000183290e0f80 Exception <a 'java/lang/ClassNotFoundException'{0x00000000a559d658}: org/gradle/api/tasks/DeleteCustomizer> (0x00000000a559d658) 
thrown [s\open\src\hotspot\share\classfile\systemDictionary.cpp, line 329]
Event: 4.568 Thread 0x00000183290e0f80 Exception <a 'java/lang/ClassNotFoundException'{0x00000000a55c2dd8}: org/gradle/api/tasks/Delete_DecoratedCustomizer> (0x00000000a55c2dd8) 
thrown [s\open\src\hotspot\share\classfile\systemDictionary.cpp, line 329]
Event: 4.580 Thread 0x00000183290e0f80 Exception <a 'java/lang/ClassNotFoundException'{0x00000000a54c48b8}: java/util/ArraysBeanInfo> (0x00000000a54c48b8) 
thrown [s\open\src\hotspot\share\classfile\systemDictionary.cpp, line 329]
Event: 4.581 Thread 0x00000183290e0f80 Exception <a 'java/lang/ClassNotFoundException'{0x00000000a54cc900}: java/util/ArraysCustomizer> (0x00000000a54cc900) 
thrown [s\open\src\hotspot\share\classfile\systemDictionary.cpp, line 329]
Event: 4.584 Thread 0x00000183290e0f80 Exception <a 'java/lang/ClassNotFoundException'{0x00000000a5383f00}: ProtobufPatchPluginBeanInfo> (0x00000000a5383f00) 
thrown [s\open\src\hotspot\share\classfile\systemDictionary.cpp, line 329]
Event: 4.584 Thread 0x00000183290e0f80 Exception <a 'java/lang/ClassNotFoundException'{0x00000000a538f220}: ProtobufPatchPluginCustomizer> (0x00000000a538f220) 
thrown [s\open\src\hotspot\share\classfile\systemDictionary.cpp, line 329]
Event: 4.587 Thread 0x00000183290e0f80 Exception <a 'java/lang/ClassNotFoundException'{0x00000000a53df620}: groovy/lang/ReferenceBeanInfo> (0x00000000a53df620) 
thrown [s\open\src\hotspot\share\classfile\systemDictionary.cpp, line 329]
Event: 4.587 Thread 0x00000183290e0f80 Exception <a 'java/lang/ClassNotFoundException'{0x00000000a53f2a40}: groovy/lang/ReferenceCustomizer> (0x00000000a53f2a40) 
thrown [s\open\src\hotspot\share\classfile\systemDictionary.cpp, line 329]
Event: 4.595 Thread 0x00000183290e0f80 Exception <a 'java/lang/NoSuchMethodError'{0x00000000a5253b60}: 'long java.lang.invoke.DirectMethodHandle$Holder.invokeVirtual(java.lang.Object, java.lang.Object)'> (0x00000000a5253b60) 
thrown [s\open\src\hotspot\share\interpreter\linkResolver.cpp, line 804]
Event: 4.597 Thread 0x00000183290e26f0 Exception <a 'java/lang/NoSuchMethodError'{0x00000000a52bbcd0}: static Lorg/gradle/internal/build/event/types/DefaultProjectConfigurationSuccessResult;.<clinit>()V> (0x00000000a52bbcd0) 
thrown [s\open\src\hotspot\share\prims\jni.cpp, line 1104]
Event: 4.597 Thread 0x00000183290e26f0 Exception <a 'java/lang/NoSuchMethodError'{0x00000000a52bce30}: static Lorg/gradle/internal/build/event/types/AbstractProjectConfigurationResult;.<clinit>()V> (0x00000000a52bce30) 
thrown [s\open\src\hotspot\share\prims\jni.cpp, line 1104]
Event: 4.598 Thread 0x00000183290e26f0 Exception <a 'java/lang/NoSuchMethodError'{0x00000000a52c4248}: static Lorg/gradle/internal/build/event/types/DefaultPluginApplicationResult;.<clinit>()V> (0x00000000a52c4248) 
thrown [s\open\src\hotspot\share\prims\jni.cpp, line 1104]
Event: 4.598 Thread 0x00000183290e26f0 Exception <a 'java/lang/NoSuchMethodError'{0x00000000a52cb890}: static Lorg/gradle/internal/build/event/types/DefaultBinaryPluginIdentifier;.<clinit>()V> (0x00000000a52cb890) 
thrown [s\open\src\hotspot\share\prims\jni.cpp, line 1104]
Event: 4.599 Thread 0x00000183290e26f0 Exception <a 'java/lang/NoSuchMethodError'{0x00000000a52dbb80}: static Lorg/gradle/internal/build/event/types/DefaultScriptPluginIdentifier;.<clinit>()V> (0x00000000a52dbb80) 
thrown [s\open\src\hotspot\share\prims\jni.cpp, line 1104]
Event: 4.612 Thread 0x00000183290e0f80 Exception <a 'java/lang/ClassNotFoundException'{0x00000000a51e3900}: build_eqvzbmkiv3yifgctk8a8p2mczBeanInfo> (0x00000000a51e3900) 
thrown [s\open\src\hotspot\share\classfile\systemDictionary.cpp, line 329]
Event: 4.612 Thread 0x00000183290e0f80 Exception <a 'java/lang/ClassNotFoundException'{0x00000000a51eac48}: build_eqvzbmkiv3yifgctk8a8p2mczCustomizer> (0x00000000a51eac48) 
thrown [s\open\src\hotspot\share\classfile\systemDictionary.cpp, line 329]
Event: 4.759 Thread 0x00000183290e0f80 Exception <a 'java/lang/NoSuchMethodError'{0x00000000a55702a0}: 'int java.lang.invoke.DirectMethodHandle$Holder.invokeSpecialIFC(java.lang.Object, java.lang.Object, java.lang.Object, java.lang.Object, java.lang.Object)'> (0x00000000a55702a0) 
thrown [s\open\src\hotspot\share\interpreter\linkResolver.cpp, line 804]

VM Operations (20 events):
Event: 4.332 Executing safepoint VM operation: G1PauseCleanup done
Event: 4.355 Executing safepoint VM operation: G1CollectForAllocation (G1 Evacuation Pause)
Event: 4.357 Executing safepoint VM operation: G1CollectForAllocation (G1 Evacuation Pause) done
Event: 4.398 Executing non-safepoint VM operation: HandshakeAllThreads (Deoptimize)
Event: 4.399 Executing non-safepoint VM operation: HandshakeAllThreads (Deoptimize) done
Event: 4.470 Executing safepoint VM operation: G1CollectForAllocation (G1 Evacuation Pause)
Event: 4.473 Executing safepoint VM operation: G1CollectForAllocation (G1 Evacuation Pause) done
Event: 4.480 Executing safepoint VM operation: G1TryInitiateConcMark (G1 Humongous Allocation)
Event: 4.482 Executing safepoint VM operation: G1TryInitiateConcMark (G1 Humongous Allocation) done
Event: 4.496 Executing safepoint VM operation: G1PauseRemark
Event: 4.498 Executing safepoint VM operation: G1PauseRemark done
Event: 4.505 Executing safepoint VM operation: G1PauseCleanup
Event: 4.505 Executing safepoint VM operation: G1PauseCleanup done
Event: 4.572 Executing non-safepoint VM operation: HandshakeAllThreads (Deoptimize)
Event: 4.573 Executing non-safepoint VM operation: HandshakeAllThreads (Deoptimize) done
Event: 4.637 Executing safepoint VM operation: G1CollectForAllocation (G1 Evacuation Pause)
Event: 4.638 Executing safepoint VM operation: G1CollectForAllocation (G1 Evacuation Pause) done
Event: 4.703 Executing safepoint VM operation: G1CollectForAllocation (G1 Evacuation Pause)
Event: 4.704 Executing safepoint VM operation: G1CollectForAllocation (G1 Evacuation Pause) done
Event: 4.783 Executing safepoint VM operation: G1CollectForAllocation (G1 Evacuation Pause)

Memory protections (0 events):
No events

Nmethod flushes (20 events):
Event: 4.498 Thread 0x0000018321e81880 flushing  nmethod 0x000001830d02c908
Event: 4.498 Thread 0x0000018321e81880 flushing  nmethod 0x000001830d0ef988
Event: 4.498 Thread 0x0000018321e81880 flushing  nmethod 0x000001830d17db88
Event: 4.498 Thread 0x0000018321e81880 flushing  nmethod 0x000001830d180c08
Event: 4.498 Thread 0x0000018321e81880 flushing  nmethod 0x000001830d180f08
Event: 4.498 Thread 0x0000018321e81880 flushing  nmethod 0x000001830d186488
Event: 4.498 Thread 0x0000018321e81880 flushing  nmethod 0x000001830d1f8588
Event: 4.498 Thread 0x0000018321e81880 flushing  nmethod 0x000001830d1f8908
Event: 4.498 Thread 0x0000018321e81880 flushing  nmethod 0x000001830d1f9e88
Event: 4.498 Thread 0x0000018321e81880 flushing  nmethod 0x000001830d202808
Event: 4.498 Thread 0x0000018321e81880 flushing  nmethod 0x000001830cfbbe08
Event: 4.498 Thread 0x0000018321e81880 flushing  nmethod 0x000001830d21eb88
Event: 4.498 Thread 0x0000018321e81880 flushing  nmethod 0x000001830d21ee88
Event: 4.498 Thread 0x0000018321e81880 flushing  nmethod 0x000001830d222b08
Event: 4.498 Thread 0x0000018321e81880 flushing  nmethod 0x000001830d38e708
Event: 4.498 Thread 0x0000018321e81880 flushing  nmethod 0x000001830d38ea08
Event: 4.498 Thread 0x0000018321e81880 flushing  nmethod 0x000001830d5ff188
Event: 4.498 Thread 0x0000018321e81880 flushing  nmethod 0x000001830d35d208
Event: 4.498 Thread 0x0000018321e81880 flushing  nmethod 0x000001830d4a7208
Event: 4.498 Thread 0x0000018321e81880 flushing  nmethod 0x000001830d4a9008

Events (20 events):
Event: 4.267 Thread 0x00000183290e0f80 Thread added: 0x000001832b177f80
Event: 4.267 Thread 0x00000183290e0f80 Thread added: 0x000001832b178f20
Event: 4.268 Thread 0x00000183290e0f80 Thread added: 0x000001832b17d570
Event: 4.268 Thread 0x00000183290e0f80 Thread added: 0x000001832b17cda0
Event: 4.268 Thread 0x00000183290e0f80 Thread added: 0x000001832b17dd40
Event: 4.268 Thread 0x00000183290e0f80 Thread added: 0x000001832b17e510
Event: 4.268 Thread 0x00000183290e0f80 Thread added: 0x000001832b17b630
Event: 4.268 Thread 0x00000183290e0f80 Thread added: 0x000001832b180450
Event: 4.268 Thread 0x00000183290e0f80 Thread added: 0x000001832d1b5990
Event: 4.269 Thread 0x00000183290e0f80 Thread added: 0x000001832d1b3a50
Event: 4.269 Thread 0x00000183290e0f80 Thread added: 0x000001832d1b3280
Event: 4.269 Thread 0x00000183290e0f80 Thread added: 0x000001832d1b78d0
Event: 4.270 Thread 0x00000183290e0f80 Thread added: 0x000001832d1b80a0
Event: 4.270 Thread 0x00000183290e0f80 Thread added: 0x000001832d1b49f0
Event: 4.270 Thread 0x00000183290e0f80 Thread added: 0x000001832d1b8870
Event: 4.423 Thread 0x00000183290e0f80 Thread added: 0x000001832d1bc6f0
Event: 4.434 Thread 0x00000183290e0f80 Thread added: 0x000001832d1bcec0
Event: 4.438 Thread 0x00000183290e0f80 Thread added: 0x000001832d1bd690
Event: 4.604 Thread 0x00000183290e0f80 Thread added: 0x000001832d1be630
Event: 4.608 Thread 0x00000183290e0f80 Thread added: 0x000001832d1bfda0


Dynamic libraries:
0x00007ff6a6110000 - 0x00007ff6a6120000 	C:\Program Files\Java\jdk-26.0.1\bin\java.exe
0x00007ffef5d60000 - 0x00007ffef5fc7000 	C:\Windows\SYSTEM32\ntdll.dll
0x00007ffef4f20000 - 0x00007ffef4fe9000 	C:\Windows\System32\KERNEL32.DLL
0x00007ffef2950000 - 0x00007ffef2d47000 	C:\Windows\System32\KERNELBASE.dll
0x00007ffef2e30000 - 0x00007ffef2f7b000 	C:\Windows\System32\ucrtbase.dll
0x00007ffedf390000 - 0x00007ffedf3a7000 	C:\Program Files\Java\jdk-26.0.1\bin\jli.dll
0x00007ffe89e60000 - 0x00007ffe89e7e000 	C:\Program Files\Java\jdk-26.0.1\bin\VCRUNTIME140.dll
0x00007ffef5440000 - 0x00007ffef5606000 	C:\Windows\System32\USER32.dll
0x00007ffef2d50000 - 0x00007ffef2d77000 	C:\Windows\System32\win32u.dll
0x00007ffedad30000 - 0x00007ffedafc2000 	C:\Windows\WinSxS\amd64_microsoft.windows.common-controls_6595b64144ccf1df_6.0.26100.8457_none_3e0b2faee331e92d\COMCTL32.dll
0x00007ffef5410000 - 0x00007ffef543b000 	C:\Windows\System32\GDI32.dll
0x00007ffef4500000 - 0x00007ffef45a9000 	C:\Windows\System32\msvcrt.dll
0x00007ffef2790000 - 0x00007ffef28bc000 	C:\Windows\System32\gdi32full.dll
0x00007ffef3a30000 - 0x00007ffef3ad3000 	C:\Windows\System32\msvcp_win.dll
0x00007ffef4af0000 - 0x00007ffef4b22000 	C:\Windows\System32\IMM32.DLL
0x00007ffee9df0000 - 0x00007ffee9dfc000 	C:\Program Files\Java\jdk-26.0.1\bin\vcruntime140_1.dll
0x00007ffe0a9d0000 - 0x00007ffe0aa5d000 	C:\Program Files\Java\jdk-26.0.1\bin\msvcp140.dll
0x00007ffd62410000 - 0x00007ffd632de000 	C:\Program Files\Java\jdk-26.0.1\bin\server\jvm.dll
0x00007ffef5690000 - 0x00007ffef5746000 	C:\Windows\System32\ADVAPI32.dll
0x00007ffef45b0000 - 0x00007ffef4657000 	C:\Windows\System32\sechost.dll
0x00007ffef4ff0000 - 0x00007ffef5108000 	C:\Windows\System32\RPCRT4.dll
0x00007ffef5bc0000 - 0x00007ffef5c40000 	C:\Windows\System32\WS2_32.dll
0x00007ffef1360000 - 0x00007ffef13be000 	C:\Windows\SYSTEM32\POWRPROF.dll
0x00007ffeefbd0000 - 0x00007ffeefc06000 	C:\Windows\SYSTEM32\WINMM.dll
0x00007ffee9ae0000 - 0x00007ffee9aeb000 	C:\Windows\SYSTEM32\VERSION.dll
0x00007ffef1340000 - 0x00007ffef1354000 	C:\Windows\SYSTEM32\UMPDC.dll
0x00007ffef1620000 - 0x00007ffef163b000 	C:\Windows\SYSTEM32\kernel.appcore.dll
0x00007ffee5890000 - 0x00007ffee589a000 	C:\Program Files\Java\jdk-26.0.1\bin\jimage.dll
0x00007ffef0080000 - 0x00007ffef02c2000 	C:\Windows\SYSTEM32\DBGHELP.DLL
0x00007ffef5750000 - 0x00007ffef5ad3000 	C:\Windows\System32\combase.dll
0x00007ffef5ae0000 - 0x00007ffef5bb9000 	C:\Windows\System32\OLEAUT32.dll
0x00007ffec5250000 - 0x00007ffec528b000 	C:\Windows\SYSTEM32\dbgcore.DLL
0x00007ffef2d80000 - 0x00007ffef2e28000 	C:\Windows\System32\bcryptPrimitives.dll
0x00007ffedf380000 - 0x00007ffedf390000 	C:\Program Files\Java\jdk-26.0.1\bin\instrument.dll
0x00007ffe88100000 - 0x00007ffe8811f000 	C:\Program Files\Java\jdk-26.0.1\bin\java.dll
0x00007ffef4bf0000 - 0x00007ffef4d87000 	C:\Windows\System32\ole32.dll
0x00007ffef3b70000 - 0x00007ffef42de000 	C:\Windows\System32\SHELL32.dll
0x00007ffef31c0000 - 0x00007ffef3a2c000 	C:\Windows\System32\windows.storage.dll
0x00007ffef5310000 - 0x00007ffef5406000 	C:\Windows\System32\SHCORE.dll
0x00007ffef5c50000 - 0x00007ffef5cb6000 	C:\Windows\System32\shlwapi.dll
0x00007ffef26b0000 - 0x00007ffef26d9000 	C:\Windows\SYSTEM32\profapi.dll
0x00007ffe84bb0000 - 0x00007ffe84bc7000 	C:\Program Files\Java\jdk-26.0.1\bin\zip.dll
0x00007ffe84b20000 - 0x00007ffe84b32000 	C:\Program Files\Java\jdk-26.0.1\bin\net.dll
0x00007ffef1bb0000 - 0x00007ffef1c1c000 	C:\Windows\system32\mswsock.dll
0x00007ffe84530000 - 0x00007ffe84546000 	C:\Program Files\Java\jdk-26.0.1\bin\nio.dll
0x00007ffedf0c0000 - 0x00007ffedf0d0000 	C:\Program Files\Java\jdk-26.0.1\bin\verify.dll
0x00007ffeca0f0000 - 0x00007ffeca117000 	C:\Users\LEGION\.gradle\native\1def1411415f61bf3af743bc5b6707747c0891f09f0c88961ee8f79bc544acac\windows-amd64\native-platform.dll
0x00007ffe0a7c0000 - 0x00007ffe0a838000 	C:\Users\LEGION\.gradle\native\0.2.7\x86_64-windows-gnu\gradle-fileevents.dll
0x00007ffe89a00000 - 0x00007ffe89a0a000 	C:\Program Files\Java\jdk-26.0.1\bin\management.dll
0x00007ffe88b00000 - 0x00007ffe88b0c000 	C:\Program Files\Java\jdk-26.0.1\bin\management_ext.dll
0x00007ffef3ae0000 - 0x00007ffef3ae8000 	C:\Windows\System32\PSAPI.DLL
0x00007ffef0f70000 - 0x00007ffef0fa2000 	C:\Windows\SYSTEM32\IPHLPAPI.DLL
0x00007ffef5180000 - 0x00007ffef518a000 	C:\Windows\System32\NSI.dll
0x00007ffe84b10000 - 0x00007ffe84b19000 	C:\Program Files\Java\jdk-26.0.1\bin\extnet.dll
0x00007ffef1ea0000 - 0x00007ffef1ebb000 	C:\Windows\SYSTEM32\CRYPTSP.dll
0x00007ffef1580000 - 0x00007ffef15b9000 	C:\Windows\system32\rsaenh.dll
0x00007ffef1c60000 - 0x00007ffef1c93000 	C:\Windows\SYSTEM32\USERENV.dll
0x00007ffef2680000 - 0x00007ffef26aa000 	C:\Windows\SYSTEM32\bcrypt.dll
0x00007ffef1e90000 - 0x00007ffef1e9c000 	C:\Windows\SYSTEM32\CRYPTBASE.dll
0x00007ffe84520000 - 0x00007ffe8452e000 	C:\Program Files\Java\jdk-26.0.1\bin\sunmscapi.dll
0x00007ffef3040000 - 0x00007ffef31b8000 	C:\Windows\System32\CRYPT32.dll
0x00007ffef20b0000 - 0x00007ffef20e0000 	C:\Windows\SYSTEM32\ncrypt.dll
0x00007ffef2060000 - 0x00007ffef209f000 	C:\Windows\SYSTEM32\NTASN1.dll
0x00007ffea32c0000 - 0x00007ffea32c8000 	C:\Windows\system32\wshunix.dll

JVMTI agents:
C:\Users\LEGION\.gradle\wrapper\dists\gradle-8.14.3-all\10utluxaxniiv4wxiphsi49nj\gradle-8.14.3\lib\agents\gradle-instrumentation-agent-8.14.3.jar path:C:\Program Files\Java\jdk-26.0.1\bin\instrument.dll, loaded, initialized, instrumentlib options:none

dbghelp: loaded successfully - version: 4.0.5 - missing functions: none
symbol engine: initialized successfully - sym options: 0x614 - pdb path: .;C:\Program Files\Java\jdk-26.0.1\bin;C:\Windows\SYSTEM32;C:\Windows\WinSxS\amd64_microsoft.windows.common-controls_6595b64144ccf1df_6.0.26100.8457_none_3e0b2faee331e92d;C:\Program Files\Java\jdk-26.0.1\bin\server;C:\Users\LEGION\.gradle\native\1def1411415f61bf3af743bc5b6707747c0891f09f0c88961ee8f79bc544acac\windows-amd64;C:\Users\LEGION\.gradle\native\0.2.7\x86_64-windows-gnu

VM Arguments:
jvm_args: --add-opens=java.base/java.lang=ALL-UNNAMED --add-opens=java.base/java.lang.invoke=ALL-UNNAMED --add-opens=java.base/java.util=ALL-UNNAMED --add-opens=java.prefs/java.util.prefs=ALL-UNNAMED --add-exports=jdk.compiler/com.sun.tools.javac.api=ALL-UNNAMED --add-exports=jdk.compiler/com.sun.tools.javac.util=ALL-UNNAMED --add-opens=java.base/java.util=ALL-UNNAMED --add-opens=java.prefs/java.util.prefs=ALL-UNNAMED --add-opens=java.base/java.nio.charset=ALL-UNNAMED --add-opens=java.base/java.net=ALL-UNNAMED --add-opens=java.base/java.util.concurrent.atomic=ALL-UNNAMED --add-opens=java.xml/javax.xml.namespace=ALL-UNNAMED --enable-native-access=ALL-UNNAMED -Xmx1536m -Dfile.encoding=UTF-8 -Duser.country=US -Duser.language=en -Duser.variant -javaagent:C:\Users\LEGION\.gradle\wrapper\dists\gradle-8.14.3-all\10utluxaxniiv4wxiphsi49nj\gradle-8.14.3\lib\agents\gradle-instrumentation-agent-8.14.3.jar 
java_command: org.gradle.launcher.daemon.bootstrap.GradleDaemon 8.14.3
java_class_path (initial): C:\Users\LEGION\.gradle\wrapper\dists\gradle-8.14.3-all\10utluxaxniiv4wxiphsi49nj\gradle-8.14.3\lib\gradle-daemon-main-8.14.3.jar
Launcher Type: SUN_STANDARD

[Global flags]
     bool AOTAdapterCaching                        = false                                  {diagnostic} {ergonomic}
     bool AOTInvokeDynamicLinking                  = false                                  {diagnostic} {ergonomic}
     bool AOTRecordTraining                        = false                                  {diagnostic} {ergonomic}
     bool AOTReplayTraining                        = false                                  {diagnostic} {ergonomic}
     bool AOTStubCaching                           = false                                  {diagnostic} {ergonomic}
     intx CICompilerCount                          = 12                                        {product} {ergonomic}
     uint ConcGCThreads                            = 5                                         {product} {ergonomic}
     uint G1ConcRefinementThreads                  = 20                                        {product} {ergonomic}
     uint G1EagerReclaimRemSetThreshold            = 10                                   {experimental} {ergonomic}
   size_t G1HeapRegionSize                         = 1048576                                   {product} {ergonomic}
     uint G1RemSetArrayOfCardsEntries              = 10                                   {experimental} {ergonomic}
     uint G1RemSetHowlMaxNumBuckets                = 8                                    {experimental} {ergonomic}
     uint G1RemSetHowlNumBuckets                   = 4                                    {experimental} {ergonomic}
   size_t InitialHeapSize                          = 8388608                                   {product} {ergonomic}
     bool IntelJccErratumMitigation                = false                             {ARCH diagnostic} {ergonomic}
   size_t MarkStackSize                            = 4194304                                   {product} {ergonomic}
   size_t MarkStackSizeMax                         = 536870912                                 {product} {ergonomic}
   size_t MaxHeapSize                              = 1610612736                                {product} {command line}
   size_t MaxNewSize                               = 965738496                                 {product} {ergonomic}
 uint64_t MaxRAM                                   = 16890322944                               {product} {ergonomic}
   size_t MinHeapDeltaBytes                        = 1048576                                   {product} {ergonomic}
   size_t MinHeapSize                              = 8388608                                   {product} {ergonomic}
   size_t NonNMethodCodeHeapSize                   = 7667712                                {pd product} {ergonomic}
   size_t NonProfiledCodeHeapSize                  = 122028032                              {pd product} {ergonomic}
   size_t ProfiledCodeHeapSize                     = 122028032                              {pd product} {ergonomic}
   size_t ReservedCodeCacheSize                    = 251723776                              {pd product} {ergonomic}
     bool SegmentedCodeCache                       = true                                      {product} {ergonomic}
   size_t SoftMaxHeapSize                          = 1610612736                             {manageable} {ergonomic}
     bool UseCompressedOops                        = true                           {product lp64_product} {ergonomic}
     bool UseCondCardMark                          = true                                      {product} {ergonomic}
     bool UseFastUnorderedTimeStamps               = true                                 {experimental} {ergonomic}
     bool UseG1GC                                  = true                                      {product} {ergonomic}
     bool UseLargePagesIndividualAllocation        = false                                  {pd product} {ergonomic}
      int X86ICacheSync                            = 3                                 {ARCH diagnostic} {ergonomic}

Logging:
Log output configuration:
 #0: stdout all=warning uptime,level,tags foldmultilines=false
 #1: stderr all=off uptime,level,tags foldmultilines=false

Release file:
IMPLEMENTOR="Oracle Corporation" 
JAVA_RUNTIME_VERSION="26.0.1+8-34" 
JAVA_VERSION="26.0.1" 
JAVA_VERSION_DATE="2026-04-21" 
LIBC="default" 
MODULES="java.base java.compiler java.datatransfer java.xml java.prefs java.desktop java.instrument java.logging java.management java.security.sasl java.naming java.rmi java.management.rmi java.net.http java.scripting java.security.jgss java.transaction.xa java.sql java.sql.rowset java.xml.crypto java.se java.smartcardio jdk.accessibility jdk.internal.jvmstat jdk.attach jdk.charsets jdk.internal.opt jdk.zipfs jdk.compiler jdk.crypto.cryptoki jdk.crypto.ec jdk.crypto.mscapi jdk.dynalink jdk.internal.ed jdk.editpad jdk.internal.vm.ci jdk.graal.compiler jdk.graal.compiler.management jdk.hotspot.agent jdk.httpserver jdk.incubator.vector jdk.internal.le jdk.internal.md jdk.jartool jdk.javadoc jdk.jcmd jdk.management jdk.management.agent jdk.jconsole jdk.jdeps jdk.jdwp.agent jdk.jdi jdk.jfr jdk.jlink jdk.jpackage jdk.jshell jdk.jstatd jdk.localedata jdk.management.jfr jdk.naming.dns jdk.naming.rmi jdk.net jdk.nio.mapmode jdk.sctp jdk.security.auth jdk.security.jgss jdk.unsupported jdk.unsupported.desktop jdk.xml.dom" 
OS_ARCH="x86_64" 
OS_NAME="Windows" 
SOURCE=".:git:8fcde8268d22 open:git:fcc00fc4aee7" 

Environment Variables:
PATH=C:\Program Files\Common Files\Oracle\Java\javapath;C:\Windows\system32;C:\Windows;C:\Windows\System32\Wbem;C:\Windows\System32\WindowsPowerShell\v1.0\;C:\Windows\System32\OpenSSH\;C:\Program Files\NVIDIA Corporation\NVIDIA app\NvDLISR;C:\Program Files (x86)\NVIDIA Corporation\PhysX\Common;C:\laragon\bin\php\php-8.3.30-nts-Win32-vs16-x64;C:\ProgramData\ComposerSetup\bin;C:\Program Files\dotnet\;C:\Program Files\nodejs\;C:\Program Files\Cloudflare\Cloudflare WARP\;C:\Program Files\Git\cmd;C:\Users\LEGION\.local\bin;C:\Users\LEGION\AppData\Local\Microsoft\WindowsApps;C:\Users\LEGION\AppData\Roaming\Composer\vendor\bin;C:\Users\LEGION\AppData\Local\Programs\Microsoft VS Code\bin;C:\Users\LEGION\AppData\Local\Programs\Antigravity\bin;C:\Users\LEGION\AppData\Roaming\npm;C:\Users\LEGION\AppData\Local\Microsoft\WinGet\Packages\GitHub.cli_Microsoft.Winget.Source_8wekyb3d8bbwe\bin;C:\Users\LEGION\AppData\Local\Programs\Antigravity IDE\bin
USERNAME=LEGION
OS=Windows_NT
PROCESSOR_IDENTIFIER=Intel64 Family 6 Model 183 Stepping 1, GenuineIntel
TMP=C:\Users\LEGION\AppData\Local\Temp
TEMP=C:\Users\LEGION\AppData\Local\Temp




Compilation memory statistics disabled.

Periodic native trim disabled

---------------  S Y S T E M  ---------------

OS:
 Windows 11 , 64 bit Build 26100 (10.0.26100.8328)
OS uptime: 2 days 10:22 hours
Hyper-V role detected

CPU: total 28 (initial active 28) (hybrid) family 6 model 183 stepping 1 microcode 0x123, cx8, cmov, fxsr, ht, mmx, 3dnowpref, sse, sse2, sse3, ssse3, sse4.1, sse4.2, popcnt, lzcnt, tsc, tscinvbit, avx, avx2, aes, erms, clmul, bmi1, bmi2, adx, sha, fma, vzeroupper, clflush, clflushopt, clwb, hv, serialize, rdtscp, rdpid, fsrm, gfni, f16c, cet_ibt, cet_ss, hybrid
Processor Information for the first 28 processors :
  Max Mhz: 2100, Current Mhz: 2100, Mhz Limit: 2100

Memory: 4k page, system-wide physical 16107M (1031M free)
TotalPageFile size 38483M (AvailPageFile size 80M)
current process WorkingSet (physical memory assigned to process): 329M, peak: 330M
current process commit charge ("private bytes"): 396M, peak: 594M

vm_info: Java HotSpot(TM) 64-Bit Server VM (26.0.1+8-34) for windows-amd64 JRE (26.0.1+8-34), built on 2026-03-10T17:24:10Z with MS VC++ 17.13 (VS2022)

END.
